Archive member included to satisfy reference by file (symbol)

c:/program files (x86)/atmel/studio/7.0/toolchain/avr8/avr8-gnu-toolchain/bin/../lib/gcc/avr/5.4.0/../../../../avr/lib/avr5\libm.a(addsf3.o)
                              Core/Print.o (__subsf3)
c:/program files (x86)/atmel/studio/7.0/toolchain/avr8/avr8-gnu-toolchain/bin/../lib/gcc/avr/5.4.0/../../../../avr/lib/avr5\libm.a(addsf3x.o)
                              c:/program files (x86)/atmel/studio/7.0/toolchain/avr8/avr8-gnu-toolchain/bin/../lib/gcc/avr/5.4.0/../../../../avr/lib/avr5\libm.a(addsf3.o) (__addsf3x)
c:/program files (x86)/atmel/studio/7.0/toolchain/avr8/avr8-gnu-toolchain/bin/../lib/gcc/avr/5.4.0/../../../../avr/lib/avr5\libm.a(cmpsf2.o)
                              Core/Print.o (__ltsf2)
c:/program files (x86)/atmel/studio/7.0/toolchain/avr8/avr8-gnu-toolchain/bin/../lib/gcc/avr/5.4.0/../../../../avr/lib/avr5\libm.a(divsf3.o)
                              Core/Print.o (__divsf3)
c:/program files (x86)/atmel/studio/7.0/toolchain/avr8/avr8-gnu-toolchain/bin/../lib/gcc/avr/5.4.0/../../../../avr/lib/avr5\libm.a(divsf3x.o)
                              c:/program files (x86)/atmel/studio/7.0/toolchain/avr8/avr8-gnu-toolchain/bin/../lib/gcc/avr/5.4.0/../../../../avr/lib/avr5\libm.a(divsf3.o) (__divsf3x)
c:/program files (x86)/atmel/studio/7.0/toolchain/avr8/avr8-gnu-toolchain/bin/../lib/gcc/avr/5.4.0/../../../../avr/lib/avr5\libm.a(fixunssfsi.o)
                              Core/Print.o (__fixunssfsi)
c:/program files (x86)/atmel/studio/7.0/toolchain/avr8/avr8-gnu-toolchain/bin/../lib/gcc/avr/5.4.0/../../../../avr/lib/avr5\libm.a(floatsisf.o)
                              Core/Print.o (__floatunsisf)
c:/program files (x86)/atmel/studio/7.0/toolchain/avr8/avr8-gnu-toolchain/bin/../lib/gcc/avr/5.4.0/../../../../avr/lib/avr5\libm.a(fp_cmp.o)
                              c:/program files (x86)/atmel/studio/7.0/toolchain/avr8/avr8-gnu-toolchain/bin/../lib/gcc/avr/5.4.0/../../../../avr/lib/avr5\libm.a(cmpsf2.o) (__fp_cmp)
c:/program files (x86)/atmel/studio/7.0/toolchain/avr8/avr8-gnu-toolchain/bin/../lib/gcc/avr/5.4.0/../../../../avr/lib/avr5\libm.a(fp_inf.o)
                              c:/program files (x86)/atmel/studio/7.0/toolchain/avr8/avr8-gnu-toolchain/bin/../lib/gcc/avr/5.4.0/../../../../avr/lib/avr5\libm.a(addsf3x.o) (__fp_inf)
c:/program files (x86)/atmel/studio/7.0/toolchain/avr8/avr8-gnu-toolchain/bin/../lib/gcc/avr/5.4.0/../../../../avr/lib/avr5\libm.a(fp_nan.o)
                              c:/program files (x86)/atmel/studio/7.0/toolchain/avr8/avr8-gnu-toolchain/bin/../lib/gcc/avr/5.4.0/../../../../avr/lib/avr5\libm.a(addsf3x.o) (__fp_nan)
c:/program files (x86)/atmel/studio/7.0/toolchain/avr8/avr8-gnu-toolchain/bin/../lib/gcc/avr/5.4.0/../../../../avr/lib/avr5\libm.a(fp_pscA.o)
                              c:/program files (x86)/atmel/studio/7.0/toolchain/avr8/avr8-gnu-toolchain/bin/../lib/gcc/avr/5.4.0/../../../../avr/lib/avr5\libm.a(addsf3x.o) (__fp_pscA)
c:/program files (x86)/atmel/studio/7.0/toolchain/avr8/avr8-gnu-toolchain/bin/../lib/gcc/avr/5.4.0/../../../../avr/lib/avr5\libm.a(fp_pscB.o)
                              c:/program files (x86)/atmel/studio/7.0/toolchain/avr8/avr8-gnu-toolchain/bin/../lib/gcc/avr/5.4.0/../../../../avr/lib/avr5\libm.a(addsf3x.o) (__fp_pscB)
c:/program files (x86)/atmel/studio/7.0/toolchain/avr8/avr8-gnu-toolchain/bin/../lib/gcc/avr/5.4.0/../../../../avr/lib/avr5\libm.a(fp_round.o)
                              c:/program files (x86)/atmel/studio/7.0/toolchain/avr8/avr8-gnu-toolchain/bin/../lib/gcc/avr/5.4.0/../../../../avr/lib/avr5\libm.a(addsf3.o) (__fp_round)
c:/program files (x86)/atmel/studio/7.0/toolchain/avr8/avr8-gnu-toolchain/bin/../lib/gcc/avr/5.4.0/../../../../avr/lib/avr5\libm.a(fp_split3.o)
                              c:/program files (x86)/atmel/studio/7.0/toolchain/avr8/avr8-gnu-toolchain/bin/../lib/gcc/avr/5.4.0/../../../../avr/lib/avr5\libm.a(addsf3x.o) (__fp_split3)
c:/program files (x86)/atmel/studio/7.0/toolchain/avr8/avr8-gnu-toolchain/bin/../lib/gcc/avr/5.4.0/../../../../avr/lib/avr5\libm.a(fp_zero.o)
                              c:/program files (x86)/atmel/studio/7.0/toolchain/avr8/avr8-gnu-toolchain/bin/../lib/gcc/avr/5.4.0/../../../../avr/lib/avr5\libm.a(addsf3x.o) (__fp_zero)
c:/program files (x86)/atmel/studio/7.0/toolchain/avr8/avr8-gnu-toolchain/bin/../lib/gcc/avr/5.4.0/../../../../avr/lib/avr5\libm.a(gesf2.o)
                              Core/Print.o (__gtsf2)
c:/program files (x86)/atmel/studio/7.0/toolchain/avr8/avr8-gnu-toolchain/bin/../lib/gcc/avr/5.4.0/../../../../avr/lib/avr5\libm.a(mulsf3.o)
                              Core/Print.o (__mulsf3)
c:/program files (x86)/atmel/studio/7.0/toolchain/avr8/avr8-gnu-toolchain/bin/../lib/gcc/avr/5.4.0/../../../../avr/lib/avr5\libm.a(mulsf3x.o)
[...]
Memory Configuration

Name             Origin             Length             Attributes
text             0x00000000         0x00008000         xr
data             0x00800100         0x00000800         rw !x
eeprom           0x00810000         0x00000400         rw !x
fuse             0x00820000         0x00000003         rw !x
lock             0x00830000         0x00000400         rw !x
signature        0x00840000         0x00000400         rw !x
user_signatures  0x00850000         0x00000400         rw !x
*default*        0x00000000         0xffffffff

Linker script and memory map

Address of section .data set to 0x800100
LOAD C:/Program Files (x86)/Atmel/Studio/7.0/Packs/atmel/ATmega_DFP/1.6.364/gcc/dev/atmega328p/avr5/crtatmega328p.o
LOAD Core/abi.o
LOAD Core/Print.o
LOAD Core/time.o
LOAD Core/wiring_digital.o
LOAD LCDScreen/LCDScreen.o
LOAD main.o
LOAD SD/src/File.o
LOAD SD/src/SD.o
LOAD SD/src/utility/Sd2Card.o
LOAD SD/src/utility/SdFile.o
LOAD SD/src/utility/SdVolume.o
LOAD SPI/src/SPI.o
LOAD Wire/src/utility/twi.o
LOAD Wire/src/Wire.o
START GROUP
LOAD c:/program files (x86)/atmel/studio/7.0/toolchain/avr8/avr8-gnu-toolchain/bin/../lib/gcc/avr/5.4.0/../../../../avr/lib/avr5\libm.a
END GROUP
LOAD c:/program files (x86)/atmel/studio/7.0/toolchain/avr8/avr8-gnu-toolchain/bin/../lib/gcc/avr/5.4.0/avr5\libgcc.a
LOAD c:/program files (x86)/atmel/studio/7.0/toolchain/avr8/avr8-gnu-toolchain/bin/../lib/gcc/avr/5.4.0/../../../../avr/lib/avr5\libm.a
START GROUP
LOAD c:/program files (x86)/atmel/studio/7.0/toolchain/avr8/avr8-gnu-toolchain/bin/../lib/gcc/avr/5.4.0/avr5\libgcc.a
LOAD c:/program files (x86)/atmel/studio/7.0/toolchain/avr8/avr8-gnu-toolchain/bin/../lib/gcc/avr/5.4.0/../../../../avr/lib/avr5\libm.a
LOAD c:/program files (x86)/atmel/studio/7.0/toolchain/avr8/avr8-gnu-toolchain/bin/../lib/gcc/avr/5.4.0/../../../../avr/lib/avr5\libc.a
LOAD C:/Program Files (x86)/Atmel/Studio/7.0/Packs/atmel/ATmega_DFP/1.6.364/gcc/dev/atmega328p/avr5\libatmega328p.a
END GROUP
                0x00000000                __TEXT_REGION_ORIGIN__ = DEFINED (__TEXT_REGION_ORIGIN__)?__TEXT_REGION_ORIGIN__:0x0
                [0x00800100]                __DATA_REGION_ORIGIN__ = DEFINED (__DATA_REGION_ORIGIN__)?__DATA_REGION_ORIGIN__:0x800060
                [0x00008000]                __TEXT_REGION_LENGTH__ = DEFINED (__TEXT_REGION_LENGTH__)?__TEXT_REGION_LENGTH__:0x20000
                [0x00000800]                __DATA_REGION_LENGTH__ = DEFINED (__DATA_REGION_LENGTH__)?__DATA_REGION_LENGTH__:0xffa0
                [0x00000400]                __EEPROM_REGION_LENGTH__ = DEFINED (__EEPROM_REGION_LENGTH__)?__EEPROM_REGION_LENGTH__:0x10000
                [0x00000003]                __FUSE_REGION_LENGTH__ = DEFINED (__FUSE_REGION_LENGTH__)?__FUSE_REGION_LENGTH__:0x400
                0x00000400                __LOCK_REGION_LENGTH__ = DEFINED (__LOCK_REGION_LENGTH__)?__LOCK_REGION_LENGTH__:0x400
                0x00000400                __SIGNATURE_REGION_LENGTH__ = DEFINED (__SIGNATURE_REGION_LENGTH__)?__SIGNATURE_REGION_LENGTH__:0x400
                0x00000400                __USER_SIGNATURE_REGION_LENGTH__ = DEFINED (__USER_SIGNATURE_REGION_LENGTH__)?__USER_SIGNATURE_REGION_LENGTH__:0x400

.hash
 *(.hash)

.dynsym
 *(.dynsym)

.dynstr
 *(.dynstr)

.gnu.version
 *(.gnu.version)

.gnu.version_d
 *(.gnu.version_d)

.gnu.version_r
 *(.gnu.version_r)

.rel.init
 *(.rel.init)

.rela.init
 *(.rela.init)

.rel.text
 *(.rel.text)
 *(.rel.text.*)
 *(.rel.gnu.linkonce.t*)

.rela.text
 *(.rela.text)
 *(.rela.text.*)
 *(.rela.gnu.linkonce.t*)

.rel.fini
 *(.rel.fini)

.rela.fini
 *(.rela.fini)

.rel.rodata
 *(.rel.rodata)
 *(.rel.rodata.*)
 *(.rel.gnu.linkonce.r*)

.rela.rodata
 *(.rela.rodata)
 *(.rela.rodata.*)
 *(.rela.gnu.linkonce.r*)

.rel.data
 *(.rel.data)
 *(.rel.data.*)
 *(.rel.gnu.linkonce.d*)

.rela.data
 *(.rela.data)
 *(.rela.data.*)
 *(.rela.gnu.linkonce.d*)

.rel.ctors
 *(.rel.ctors)

.rela.ctors
 *(.rela.ctors)

.rel.dtors
 *(.rel.dtors)

.rela.dtors
 *(.rela.dtors)

.rel.got
 *(.rel.got)

.rela.got
 *(.rela.got)

.rel.bss
 *(.rel.bss)

.rela.bss
 *(.rela.bss)

.rel.plt
 *(.rel.plt)

.rela.plt
 *(.rela.plt)

.text           0x00000000     0x566e
 *(.vectors)
 .vectors       0x00000000       0x68 C:/Program Files (x86)/Atmel/Studio/7.0/Packs/atmel/ATmega_DFP/1.6.364/gcc/dev/atmega328p/avr5/crtatmega328p.o
                0x00000000                __vector_default
                0x00000000                __vectors
 *(.vectors)
 *(.progmem.gcc*)
 .progmem.gcc_sw_table.__vector_24
                0x00000068      0x192 Wire/src/utility/twi.o
                0x000001fa                . = ALIGN (0x2)
                0x000001fa                __trampolines_start = .
 *(.trampolines)
 .trampolines   0x000001fa        0x0 linker stubs
 *(.trampolines*)
                0x000001fa                __trampolines_end = .
 *libprintf_flt.a:*(.progmem.data)
 *libc.a:*(.progmem.data)
 *(.progmem*)
 .progmem.data.digital_pin_to_timer_PGM
                0x000001fa       0x14 Core/wiring_digital.o
                0x000001fa                digital_pin_to_timer_PGM
 .progmem.data.digital_pin_to_bit_mask_PGM
                0x0000020e       0x14 Core/wiring_digital.o
                0x0000020e                digital_pin_to_bit_mask_PGM
 .progmem.data.digital_pin_to_port_PGM
                0x00000222       0x14 Core/wiring_digital.o
                0x00000222                digital_pin_to_port_PGM
 .progmem.data.port_to_output_PGM
                0x00000236        0xa Core/wiring_digital.o
                0x00000236                port_to_output_PGM
 .progmem.data.port_to_mode_PGM
                0x00000240        0xa Core/wiring_digital.o
                0x00000240                port_to_mode_PGM
 .progmem.data._ZZN6SdFile10make83NameEPKcPhE3__c
                0x0000024a       0x10 SD/src/utility/SdFile.o
                0x0000025a                . = ALIGN (0x2)
 *(.jumptables)
 *(.jumptables*)
 *(.lowtext)
 *(.lowtext*)
                0x0000025a                __ctors_start = .
 *(.ctors)
 .ctors         0x0000025a        0x2 main.o
 .ctors         0x0000025c        0x2 SD/src/SD.o
 .ctors         0x0000025e        0x2 SD/src/utility/Sd2Card.o
 .ctors         0x00000260        0x2 Wire/src/Wire.o
                0x00000262                __ctors_end = .
                0x00000262                __dtors_start = .
 *(.dtors)
                0x00000262                __dtors_end = .
 SORT(*)(.ctors)
 SORT(*)(.dtors)
 *(.init0)
 .init0         0x00000262        0x0 C:/Program Files (x86)/Atmel/Studio/7.0/Packs/atmel/ATmega_DFP/1.6.364/gcc/dev/atmega328p/avr5/crtatmega328p.o
                0x00000262                __init
 *(.init0)
 *(.init1)
 *(.init1)
 *(.init2)
 .init2         0x00000262        0xc C:/Program Files (x86)/Atmel/Studio/7.0/Packs/atmel/ATmega_DFP/1.6.364/gcc/dev/atmega328p/avr5/crtatmega328p.o
 *(.init2)
 *(.init3)
 *(.init3)
 *(.init4)
 .init4         0x0000026e       0x16 c:/program files (x86)/atmel/studio/7.0/toolchain/avr8/avr8-gnu-toolchain/bin/../lib/gcc/avr/5.4.0/avr5\libgcc.a(_copy_data.o)
                0x0000026e                __do_copy_data
 .init4         0x00000284       0x10 c:/program files (x86)/atmel/studio/7.0/toolchain/avr8/avr8-gnu-toolchain/bin/../lib/gcc/avr/5.4.0/avr5\libgcc.a(_clear_bss.o)
                0x00000284                __do_clear_bss
 *(.init4)
 *(.init5)
 *(.init5)
 *(.init6)
 .init6         0x00000294       0x16 c:/program files (x86)/atmel/studio/7.0/toolchain/avr8/avr8-gnu-toolchain/bin/../lib/gcc/avr/5.4.0/avr5\libgcc.a(_ctors.o)
                0x00000294                __do_global_ctors
 *(.init6)
 *(.init7)
 *(.init7)
 *(.init8)
 *(.init8)
 *(.init9)
 .init9         0x000002aa        0x8 C:/Program Files (x86)/Atmel/Studio/7.0/Packs/atmel/ATmega_DFP/1.6.364/gcc/dev/atmega328p/avr5/crtatmega328p.o
 *(.init9)
 *(.text)
 .text          0x000002b2        0x4 C:/Program Files (x86)/Atmel/Studio/7.0/Packs/atmel/ATmega_DFP/1.6.364/gcc/dev/atmega328p/avr5/crtatmega328p.o
                0x000002b2                __vector_22
                0x000002b2                __vector_1
                0x000002b2                __vector_12
                0x000002b2                __bad_interrupt
                0x000002b2                __vector_6
                0x000002b2                __vector_3
                0x000002b2                __vector_23
                0x000002b2                __vector_25
                0x000002b2                __vector_11
                0x000002b2                __vector_13
                0x000002b2                __vector_17
                0x000002b2                __vector_19
                0x000002b2                __vector_7
                0x000002b2                __vector_5
                0x000002b2                __vector_4
                0x000002b2                __vector_9
                0x000002b2                __vector_2
                0x000002b2                __vector_21
                0x000002b2                __vector_15
                0x000002b2                __vector_8
                0x000002b2                __vector_14
                0x000002b2                __vector_10
                0x000002b2                __vector_18
                0x000002b2                __vector_20
                0x000002b6                . = ALIGN (0x2)
 *(.text.*)
 .text.__cxa_pure_virtual
                0x000002b6        0x4 Core/abi.o
                0x000002b6                __cxa_pure_virtual
 .text._ZN5Print17availableForWriteEv
                0x000002ba        0x6 Core/Print.o
                0x000002ba                _ZN5Print17availableForWriteEv
 .text._ZN5Print5flushEv
                0x000002c0        0x2 Core/Print.o
                0x000002c0                _ZN5Print5flushEv
 .text._ZN5Print5writeEPKhj
                0x000002c2       0x60 Core/Print.o
                0x000002c2                _ZN5Print5writeEPKhj
 .text._ZN5Print5printEPKc
                0x00000322       0x2c Core/Print.o
                0x00000322                _ZN5Print5printEPKc
 .text.__vector_16
                0x0000034e       0xb6 Core/time.o
                0x0000034e                __vector_16
 .text.millis   0x00000404       0x18 Core/time.o
                0x00000404                millis
 .text.micros   0x0000041c       0x4c Core/time.o
                0x0000041c                micros
 .text.turnOffPWM
                0x00000468       0x5e Core/wiring_digital.o
 .text.pinMode  0x000004c6       0x7e Core/wiring_digital.o
                0x000004c6                pinMode
 .text.digitalWrite
                0x00000544       0x62 Core/wiring_digital.o
                0x00000544                digitalWrite
 .text._ZN9LCDScreenC2Eh
                0x000005a6       0x12 LCDScreen/LCDScreen.o
                0x000005a6                _ZN9LCDScreenC2Eh
                0x000005a6                _ZN9LCDScreenC1Eh
 .text._ZN9LCDScreen13expanderWriteEh
                0x000005b8       0x34 LCDScreen/LCDScreen.o
                0x000005b8                _ZN9LCDScreen13expanderWriteEh
 .text._ZN9LCDScreen11pulseEnableEh
                0x000005ec       0x36 LCDScreen/LCDScreen.o
                0x000005ec                _ZN9LCDScreen11pulseEnableEh
 .text._ZN9LCDScreen10write4bitsEh
                0x00000622       0x1e LCDScreen/LCDScreen.o
                0x00000622                _ZN9LCDScreen10write4bitsEh
 .text._ZN9LCDScreen4sendEhh
                0x00000640       0x3a LCDScreen/LCDScreen.o
                0x00000640                _ZN9LCDScreen4sendEhh
 .text._ZN9LCDScreen5clearEv
                0x0000067a       0x16 LCDScreen/LCDScreen.o
                0x0000067a                _ZN9LCDScreen5clearEv
 .text._ZN9LCDScreen4homeEv
                0x00000690       0x16 LCDScreen/LCDScreen.o
                0x00000690                _ZN9LCDScreen4homeEv
 .text._ZN9LCDScreen9setCursorEhh
                0x000006a6       0x62 LCDScreen/LCDScreen.o
                0x000006a6                _ZN9LCDScreen9setCursorEhh
 .text._ZN9LCDScreen7displayEv
                0x00000708       0x14 LCDScreen/LCDScreen.o
                0x00000708                _ZN9LCDScreen7displayEv
 .text._ZN9LCDScreen5writeEh
                0x0000071c        0xc LCDScreen/LCDScreen.o
                0x0000071c                _ZN9LCDScreen5writeEh
 .text._ZN9LCDScreen5beginEv
                0x00000728       0xb8 LCDScreen/LCDScreen.o
                0x00000728                _ZN9LCDScreen5beginEv
 .text._Z41__static_initialization_and_destruction_0ii
                0x000007e0       0x16 main.o
 .text._Z8keyInputv
                0x000007f6       0x62 main.o
                0x000007f6                _Z8keyInputv
 .text._Z10clrDisplayPKc
                0x00000858       0x2a main.o
                0x00000858                _Z10clrDisplayPKc
 .text._Z10secondLinePKc
                0x00000882       0x22 main.o
                0x00000882                _Z10secondLinePKc
 .text._Z12getTrackListv
                0x000008a4       0x66 main.o
                0x000008a4                _Z12getTrackListv
 .text._Z9nextTrackv
                0x0000090a       0x2c main.o
                0x0000090a                _Z9nextTrackv
 .text._Z13previousTrackv
                0x00000936       0x2c main.o
                0x00000936                _Z13previousTrackv
 .text._Z15checkDuplicatesv
                0x00000962       0x26 main.o
                0x00000962                _Z15checkDuplicatesv
 .text._Z11deleteTrackv
                0x00000988       0xd8 main.o
                0x00000988                _Z11deleteTrackv
 .text._Z12makeWaveFileN5SDLib4FileE
                0x00000a60       0x98 main.o
                0x00000a60                _Z12makeWaveFileN5SDLib4FileE
 .text._Z12finalizeWaveN5SDLib4FileE
                0x00000af8       0xb0 main.o
                0x00000af8                _Z12finalizeWaveN5SDLib4FileE
 .text._Z13sig_freqShiftPc
                0x00000ba8      0x120 main.o
                0x00000ba8                _Z13sig_freqShiftPc
 .text._Z8convolvePiPchi
                0x00000cc8      0x5bc main.o
                0x00000cc8                _Z8convolvePiPchi
 .text._Z10pickFilterc
                0x00001284      0x11e main.o
                0x00001284                _Z10pickFilterc
 .text._Z12checkChangesv
                0x000013a2       0xbc main.o
                0x000013a2                _Z12checkChangesv
 .text._Z9playTrackv
                0x0000145e      0x162 main.o
                0x0000145e                _Z9playTrackv
 .text._Z9analog_ini
                0x000015c0       0x2c main.o
                0x000015c0                _Z9analog_ini
 .text._Z6recordv
                0x000015ec      0x162 main.o
                0x000015ec                _Z6recordv
 .text._Z17initialize_Thingsv
                0x0000174e       0x76 main.o
                0x0000174e                _Z17initialize_Thingsv
 .text.main     0x000017c4      0x230 main.o
                0x000017c4                main
 .text._GLOBAL__sub_I_mode
                0x000019f4        0xe main.o
 .text._ZN5SDLib4File5writeEh
                0x00001a02       0x2c SD/src/File.o
                0x00001a02                _ZN5SDLib4File5writeEh
 .text._ZN5SDLib4File17availableForWriteEv
                0x00001a2e       0x24 SD/src/File.o
                0x00001a2e                _ZN5SDLib4File17availableForWriteEv
 .text._ZN5SDLib4File5writeEPKhj
                0x00001a52       0x50 SD/src/File.o
                0x00001a52                _ZN5SDLib4File5writeEPKhj
 .text._ZN5SDLib4File4readEv
                0x00001aa2       0x3e SD/src/File.o
                0x00001aa2                _ZN5SDLib4File4readEv
 .text._ZN5SDLib4File4peekEv
                0x00001ae0       0x78 SD/src/File.o
                0x00001ae0                _ZN5SDLib4File4peekEv
 .text._ZN5SDLib4File5flushEv
                0x00001b58       0x12 SD/src/File.o
                0x00001b58                _ZN5SDLib4File5flushEv
 .text._ZN5SDLib4FileC2E6SdFilePKc
                0x00001b6a       0x6a SD/src/File.o
                0x00001b6a                _ZN5SDLib4FileC1E6SdFilePKc
                0x00001b6a                _ZN5SDLib4FileC2E6SdFilePKc
 .text._ZN5SDLib4FileC2Ev
                0x00001bd4       0x26 SD/src/File.o
                0x00001bd4                _ZN5SDLib4FileC2Ev
                0x00001bd4                _ZN5SDLib4FileC1Ev
 .text._ZN5SDLib4File4readEPvj
                0x00001bfa       0x16 SD/src/File.o
                0x00001bfa                _ZN5SDLib4File4readEPvj
 .text._ZN5SDLib4File4seekEm
                0x00001c10       0x1e SD/src/File.o
                0x00001c10                _ZN5SDLib4File4seekEm
 .text._ZN5SDLib4File8positionEv
                0x00001c2e       0x20 SD/src/File.o
                0x00001c2e                _ZN5SDLib4File8positionEv
 .text._ZN5SDLib4File4sizeEv
                0x00001c4e       0x20 SD/src/File.o
                0x00001c4e                _ZN5SDLib4File4sizeEv
 .text._ZN5SDLib4File9availableEv
                0x00001c6e       0x5e SD/src/File.o
                0x00001c6e                _ZN5SDLib4File9availableEv
 .text._ZN5SDLib4File5closeEv
                0x00001ccc       0x26 SD/src/File.o
                0x00001ccc                _ZN5SDLib4File5closeEv
 .text._ZN5SDLib4FilecvbEv
                0x00001cf2       0x1e SD/src/File.o
                0x00001cf2                _ZN5SDLib4FilecvbEv
 .text._Z41__static_initialization_and_destruction_0ii
                0x00001d10       0x38 SD/src/SD.o
 .text._ZN5SDLib19callback_pathExistsER6SdFilePKcbPv
                0x00001d48       0x5c SD/src/SD.o
                0x00001d48                _ZN5SDLib19callback_pathExistsER6SdFilePKcbPv
 .text._ZN5SDLib15callback_removeER6SdFilePKcbPv
                0x00001da4       0x18 SD/src/SD.o
                0x00001da4                _ZN5SDLib15callback_removeER6SdFilePKcbPv
 .text._ZN5SDLib20getNextPathComponentEPKcPjPc
                0x00001dbc       0x74 SD/src/SD.o
                0x00001dbc                _ZN5SDLib20getNextPathComponentEPKcPjPc
 .text._ZN5SDLib8walkPathEPKcR6SdFilePFbS3_S1_bPvES4_
                0x00001e30      0x11c SD/src/SD.o
                0x00001e30                _ZN5SDLib8walkPathEPKcR6SdFilePFbS3_S1_bPvES4_
 .text._ZN5SDLib7SDClass5beginEh
                0x00001f4c       0x74 SD/src/SD.o
                0x00001f4c                _ZN5SDLib7SDClass5beginEh
 .text._ZN5SDLib7SDClass12getParentDirEPKcPi
                0x00001fc0      0x1d8 SD/src/SD.o
                0x00001fc0                _ZN5SDLib7SDClass12getParentDirEPKcPi
 .text._ZN5SDLib7SDClass4openEPKch
                0x00002198      0x22e SD/src/SD.o
                0x00002198                _ZN5SDLib7SDClass4openEPKch
 .text._ZN5SDLib7SDClass6existsEPKc
                0x000023c6       0x18 SD/src/SD.o
                0x000023c6                _ZN5SDLib7SDClass6existsEPKc
 .text._ZN5SDLib7SDClass6removeEPKc
                0x000023de       0x18 SD/src/SD.o
                0x000023de                _ZN5SDLib7SDClass6removeEPKc
 .text._GLOBAL__sub_I__ZN5SDLib20getNextPathComponentEPKcPjPc
                0x000023f6        0xe SD/src/SD.o
 .text._ZL7spiSendh
                0x00002404        0xe SD/src/utility/Sd2Card.o
 .text._ZL6spiRecv
                0x00002412       0x10 SD/src/utility/Sd2Card.o
 .text._Z41__static_initialization_and_destruction_0ii
                0x00002422       0x16 SD/src/utility/Sd2Card.o
 .text._ZN7Sd2Card14chipSelectHighEv
                0x00002438       0x3c SD/src/utility/Sd2Card.o
                0x00002438                _ZN7Sd2Card14chipSelectHighEv
 .text._ZN7Sd2Card13chipSelectLowEv
                0x00002474       0x54 SD/src/utility/Sd2Card.o
                0x00002474                _ZN7Sd2Card13chipSelectLowEv
 .text._ZN7Sd2Card7readEndEv
                0x000024c8       0x34 SD/src/utility/Sd2Card.o
                0x000024c8                _ZN7Sd2Card7readEndEv
 .text._ZN7Sd2Card10setSckRateEh
                0x000024fc       0x8c SD/src/utility/Sd2Card.o
                0x000024fc                _ZN7Sd2Card10setSckRateEh
 .text._ZN7Sd2Card11waitNotBusyEj
                0x00002588       0x36 SD/src/utility/Sd2Card.o
                0x00002588                _ZN7Sd2Card11waitNotBusyEj
 .text._ZN7Sd2Card11cardCommandEhm
                0x000025be       0xa0 SD/src/utility/Sd2Card.o
                0x000025be                _ZN7Sd2Card11cardCommandEhm
 .text._ZN7Sd2Card4initEhh
                0x0000265e      0x1ce SD/src/utility/Sd2Card.o
                0x0000265e                _ZN7Sd2Card4initEhh
 .text._ZN7Sd2Card14waitStartBlockEv
                0x0000282c       0x4c SD/src/utility/Sd2Card.o
                0x0000282c                _ZN7Sd2Card14waitStartBlockEv
 .text._ZN7Sd2Card8readDataEmjjPh
                0x00002878      0x11a SD/src/utility/Sd2Card.o
                0x00002878                _ZN7Sd2Card8readDataEmjjPh
 .text._ZN7Sd2Card9readBlockEmPh
                0x00002992       0x20 SD/src/utility/Sd2Card.o
                0x00002992                _ZN7Sd2Card9readBlockEmPh
 .text._ZN7Sd2Card9writeDataEhPKh
                0x000029b2       0x6a SD/src/utility/Sd2Card.o
                0x000029b2                _ZN7Sd2Card9writeDataEhPKh
 .text._ZN7Sd2Card10writeBlockEmPKhh
                0x00002a1c       0xbc SD/src/utility/Sd2Card.o
                0x00002a1c                _ZN7Sd2Card10writeBlockEmPKhh
 .text._ZN7Sd2Card6isBusyEv
                0x00002ad8       0x28 SD/src/utility/Sd2Card.o
                0x00002ad8                _ZN7Sd2Card6isBusyEv
 .text._GLOBAL__sub_I__ZN7Sd2Card11cardCommandEhm
                0x00002b00        0xe SD/src/utility/Sd2Card.o
 .text._ZN6SdFile10addClusterEv
                0x00002b0e       0x54 SD/src/utility/SdFile.o
                0x00002b0e                _ZN6SdFile10addClusterEv
 .text._ZN6SdFile13addDirClusterEv
                0x00002b62       0xd2 SD/src/utility/SdFile.o
                0x00002b62                _ZN6SdFile13addDirClusterEv
 .text._ZN6SdFile13cacheDirEntryEh
                0x00002c34       0x32 SD/src/utility/SdFile.o
                0x00002c34                _ZN6SdFile13cacheDirEntryEh
 .text._ZN6SdFile10make83NameEPKcPh
                0x00002c66       0x9e SD/src/utility/SdFile.o
                0x00002c66                _ZN6SdFile10make83NameEPKcPh
 .text._ZN6SdFile8openRootEP8SdVolume
                0x00002d04       0xba SD/src/utility/SdFile.o
                0x00002d04                _ZN6SdFile8openRootEP8SdVolume
 .text._ZN6SdFile4readEPvj
                0x00002dbe      0x29e SD/src/utility/SdFile.o
                0x00002dbe                _ZN6SdFile4readEPvj
 .text._ZN6SdFile12readDirCacheEv
                0x0000305c       0x96 SD/src/utility/SdFile.o
                0x0000305c                _ZN6SdFile12readDirCacheEv
 .text._ZN6SdFile7seekSetEm
                0x000030f2      0x142 SD/src/utility/SdFile.o
                0x000030f2                _ZN6SdFile7seekSetEm
 .text._ZN6SdFile4syncEh
                0x00003234       0xa6 SD/src/utility/SdFile.o
                0x00003234                _ZN6SdFile4syncEh
 .text._ZN6SdFile5closeEv
                0x000032da       0x1a SD/src/utility/SdFile.o
                0x000032da                _ZN6SdFile5closeEv
 .text._ZN6SdFile17availableForWriteEv
                0x000032f4       0xca SD/src/utility/SdFile.o
                0x000032f4                _ZN6SdFile17availableForWriteEv
 .text._ZN6SdFile8truncateEm
                0x000033be      0x1a2 SD/src/utility/SdFile.o
                0x000033be                _ZN6SdFile8truncateEm
 .text._ZN6SdFile15openCachedEntryEhh
                0x00003560       0xdc SD/src/utility/SdFile.o
                0x00003560                _ZN6SdFile15openCachedEntryEhh
 .text._ZN6SdFile4openEPS_PKch
                0x0000363c      0x1ea SD/src/utility/SdFile.o
                0x0000363c                _ZN6SdFile4openEPS_PKch
 .text._ZN6SdFile6removeEv
                0x00003826       0x38 SD/src/utility/SdFile.o
                0x00003826                _ZN6SdFile6removeEv
 .text._ZN6SdFile6removeEPS_PKc
                0x0000385e       0x4e SD/src/utility/SdFile.o
                0x0000385e                _ZN6SdFile6removeEPS_PKc
 .text._ZN6SdFile5writeEPKvj
                0x000038ac      0x37c SD/src/utility/SdFile.o
                0x000038ac                _ZN6SdFile5writeEPKvj
 .text._ZN6SdFile5writeEh
                0x00003c28       0x22 SD/src/utility/SdFile.o
                0x00003c28                _ZN6SdFile5writeEh
 .text._ZN8SdVolume21cacheMirrorBlockFlushEh
                0x00003c4a       0x4c SD/src/utility/SdVolume.o
                0x00003c4a                _ZN8SdVolume21cacheMirrorBlockFlushEh
 .text._ZN8SdVolume10cacheFlushEh
                0x00003c96       0x56 SD/src/utility/SdVolume.o
                0x00003c96                _ZN8SdVolume10cacheFlushEh
 .text._ZN8SdVolume13cacheRawBlockEmh
                0x00003cec       0x74 SD/src/utility/SdVolume.o
                0x00003cec                _ZN8SdVolume13cacheRawBlockEmh
 .text._ZN8SdVolume14cacheZeroBlockEm
                0x00003d60       0x54 SD/src/utility/SdVolume.o
                0x00003d60                _ZN8SdVolume14cacheZeroBlockEm
 .text._ZNK8SdVolume6fatGetEmPm
                0x00003db4      0x116 SD/src/utility/SdVolume.o
                0x00003db4                _ZNK8SdVolume6fatGetEmPm
 .text._ZNK8SdVolume9chainSizeEmPm
                0x00003eca       0xbc SD/src/utility/SdVolume.o
                0x00003eca                _ZNK8SdVolume9chainSizeEmPm
 .text._ZN8SdVolume6fatPutEmm
                0x00003f86      0x196 SD/src/utility/SdVolume.o
                0x00003f86                _ZN8SdVolume6fatPutEmm
 .text._ZN8SdVolume15allocContiguousEmPm
                0x0000411c      0x228 SD/src/utility/SdVolume.o
                0x0000411c                _ZN8SdVolume15allocContiguousEmPm
 .text._ZN8SdVolume9freeChainEm
                0x00004344       0xac SD/src/utility/SdVolume.o
                0x00004344                _ZN8SdVolume9freeChainEm
 .text._ZN8SdVolume4initEP7Sd2Cardh
                0x000043f0      0x2c2 SD/src/utility/SdVolume.o
                0x000043f0                _ZN8SdVolume4initEP7Sd2Cardh
 .text._ZN8SPIClass5beginEv
                0x000046b2       0x6c SPI/src/SPI.o
                0x000046b2                _ZN8SPIClass5beginEv
 .text.twi_init
                0x0000471e       0x3c Wire/src/utility/twi.o
                0x0000471e                twi_init
 .text.twi_disable
                0x0000475a       0x1c Wire/src/utility/twi.o
                0x0000475a                twi_disable
 .text.twi_transmit
                0x00004776       0x58 Wire/src/utility/twi.o
                0x00004776                twi_transmit
 .text.twi_attachSlaveRxEvent
                0x000047ce        0xa Wire/src/utility/twi.o
                0x000047ce                twi_attachSlaveRxEvent
 .text.twi_attachSlaveTxEvent
                0x000047d8        0xa Wire/src/utility/twi.o
                0x000047d8                twi_attachSlaveTxEvent
 .text.twi_reply
                0x000047e2       0x14 Wire/src/utility/twi.o
                0x000047e2                twi_reply
 .text.twi_releaseBus
                0x000047f6        0xc Wire/src/utility/twi.o
                0x000047f6                twi_releaseBus
 .text.twi_handleTimeout
                0x00004802       0x40 Wire/src/utility/twi.o
                0x00004802                twi_handleTimeout
 .text.twi_writeTo
                0x00004842      0x202 Wire/src/utility/twi.o
                0x00004842                twi_writeTo
 .text.twi_stop
                0x00004a44       0x7c Wire/src/utility/twi.o
                0x00004a44                twi_stop
 .text.__vector_24
                0x00004ac0      0x242 Wire/src/utility/twi.o
                0x00004ac0                __vector_24
 .text._ZN7TwoWire9availableEv
                0x00004d02       0x10 Wire/src/Wire.o
                0x00004d02                _ZN7TwoWire9availableEv
 .text._ZN7TwoWire4readEv
                0x00004d12       0x28 Wire/src/Wire.o
                0x00004d12                _ZN7TwoWire4readEv
 .text._ZN7TwoWire4peekEv
                0x00004d3a       0x1e Wire/src/Wire.o
                0x00004d3a                _ZN7TwoWire4peekEv
 .text._ZN7TwoWire5flushEv
                0x00004d58        0x2 Wire/src/Wire.o
                0x00004d58                _ZN7TwoWire5flushEv
 .text._ZN7TwoWire16onReceiveServiceEPhi
                0x00004d5a       0x50 Wire/src/Wire.o
                0x00004d5a                _ZN7TwoWire16onReceiveServiceEPhi
 .text._ZN7TwoWire16onRequestServiceEv
                0x00004daa       0x18 Wire/src/Wire.o
                0x00004daa                _ZN7TwoWire16onRequestServiceEv
 .text._ZN7TwoWire5writeEPKhj
                0x00004dc2       0x60 Wire/src/Wire.o
                0x00004dc2                _ZN7TwoWire5writeEPKhj
 .text._ZN7TwoWire5writeEh
                0x00004e22       0x62 Wire/src/Wire.o
                0x00004e22                _ZN7TwoWire5writeEh
 .text._ZN7TwoWireC2Ev
                0x00004e84       0x20 Wire/src/Wire.o
                0x00004e84                _ZN7TwoWireC1Ev
                0x00004e84                _ZN7TwoWireC2Ev
 .text._Z41__static_initialization_and_destruction_0ii
                0x00004ea4       0x14 Wire/src/Wire.o
 .text._ZN7TwoWire5beginEv
                0x00004eb8       0x26 Wire/src/Wire.o
                0x00004eb8                _ZN7TwoWire5beginEv
 .text._ZN7TwoWire17beginTransmissionEh
                0x00004ede       0x14 Wire/src/Wire.o
                0x00004ede                _ZN7TwoWire17beginTransmissionEh
 .text._ZN7TwoWire15endTransmissionEh
                0x00004ef2       0x26 Wire/src/Wire.o
                0x00004ef2                _ZN7TwoWire15endTransmissionEh
 .text._ZN7TwoWire15endTransmissionEv
                0x00004f18        0x8 Wire/src/Wire.o
                0x00004f18                _ZN7TwoWire15endTransmissionEv
 .text._GLOBAL__sub_I__ZN7TwoWire8rxBufferE
                0x00004f20        0xe Wire/src/Wire.o
 .text.avr-libc.fplib
                0x00004f2e        0xe c:/program files (x86)/atmel/studio/7.0/toolchain/avr8/avr8-gnu-toolchain/bin/../lib/gcc/avr/5.4.0/../../../../avr/lib/avr5\libm.a(addsf3.o)
                0x00004f2e                __subsf3
                0x00004f30                __addsf3
 .text.avr-libc.fplib
                0x00004f3c       0xcc c:/program files (x86)/atmel/studio/7.0/toolchain/avr8/avr8-gnu-toolchain/bin/../lib/gcc/avr/5.4.0/../../../../avr/lib/avr5\libm.a(addsf3x.o)
                0x00004f5e                __addsf3x
 .text.avr-libc.fplib
                0x00005008        0x8 c:/program files (x86)/atmel/studio/7.0/toolchain/avr8/avr8-gnu-toolchain/bin/../lib/gcc/avr/5.4.0/../../../../avr/lib/avr5\libm.a(divsf3.o)
                0x00005008                __divsf3
 .text.avr-libc.fplib
                0x00005010       0xdc c:/program files (x86)/atmel/studio/7.0/toolchain/avr8/avr8-gnu-toolchain/bin/../lib/gcc/avr/5.4.0/../../../../avr/lib/avr5\libm.a(divsf3x.o)
                0x00005030                __divsf3x
                0x00005036                __divsf3_pse
 .text.avr-libc.fplib
                0x000050ec       0x5e c:/program files (x86)/atmel/studio/7.0/toolchain/avr8/avr8-gnu-toolchain/bin/../lib/gcc/avr/5.4.0/../../../../avr/lib/avr5\libm.a(fixunssfsi.o)
                0x000050ec                __fixunssfsi
 .text.avr-libc.fplib
                0x0000514a       0x7a c:/program files (x86)/atmel/studio/7.0/toolchain/avr8/avr8-gnu-toolchain/bin/../lib/gcc/avr/5.4.0/../../../../avr/lib/avr5\libm.a(floatsisf.o)
                0x0000514a                __floatunsisf
                0x0000514e                __floatsisf
 .text.avr-libc.fplib
                0x000051c4        0xc c:/program files (x86)/atmel/studio/7.0/toolchain/avr8/avr8-gnu-toolchain/bin/../lib/gcc/avr/5.4.0/../../../../avr/lib/avr5\libm.a(fp_inf.o)
                0x000051c4                __fp_inf
 .text.avr-libc.fplib
                0x000051d0        0x6 c:/program files (x86)/atmel/studio/7.0/toolchain/avr8/avr8-gnu-toolchain/bin/../lib/gcc/avr/5.4.0/../../../../avr/lib/avr5\libm.a(fp_nan.o)
                0x000051d0                __fp_nan
 .text.avr-libc.fplib
                0x000051d6        0xe c:/program files (x86)/atmel/studio/7.0/toolchain/avr8/avr8-gnu-toolchain/bin/../lib/gcc/avr/5.4.0/../../../../avr/lib/avr5\libm.a(fp_pscA.o)
                0x000051d6                __fp_pscA
 .text.avr-libc.fplib
                0x000051e4        0xe c:/program files (x86)/atmel/studio/7.0/toolchain/avr8/avr8-gnu-toolchain/bin/../lib/gcc/avr/5.4.0/../../../../avr/lib/avr5\libm.a(fp_pscB.o)
                0x000051e4                __fp_pscB
 .text.avr-libc.fplib
                0x000051f2       0x22 c:/program files (x86)/atmel/studio/7.0/toolchain/avr8/avr8-gnu-toolchain/bin/../lib/gcc/avr/5.4.0/../../../../avr/lib/avr5\libm.a(fp_round.o)
                0x000051f2                __fp_round
 .text.avr-libc.fplib
                0x00005214       0x44 c:/program files (x86)/atmel/studio/7.0/toolchain/avr8/avr8-gnu-toolchain/bin/../lib/gcc/avr/5.4.0/../../../../avr/lib/avr5\libm.a(fp_split3.o)
                0x00005214                __fp_split3
                0x00005224                __fp_splitA
 .text.avr-libc.fplib
                0x00005258        0xe c:/program files (x86)/atmel/studio/7.0/toolchain/avr8/avr8-gnu-toolchain/bin/../lib/gcc/avr/5.4.0/../../../../avr/lib/avr5\libm.a(fp_zero.o)
                0x00005258                __fp_zero
                0x0000525a                __fp_szero
 .text.avr-libc.fplib
                0x00005266        0x8 c:/program files (x86)/atmel/studio/7.0/toolchain/avr8/avr8-gnu-toolchain/bin/../lib/gcc/avr/5.4.0/../../../../avr/lib/avr5\libm.a(mulsf3.o)
                0x00005266                __mulsf3
 .text.avr-libc.fplib
                0x0000526e       0xd2 c:/program files (x86)/atmel/studio/7.0/toolchain/avr8/avr8-gnu-toolchain/bin/../lib/gcc/avr/5.4.0/../../../../avr/lib/avr5\libm.a(mulsf3x.o)
                0x0000528c                __mulsf3x
                0x00005292                __mulsf3_pse
 .text.libgcc.div
                0x00005340       0x28 c:/program files (x86)/atmel/studio/7.0/toolchain/avr8/avr8-gnu-toolchain/bin/../lib/gcc/avr/5.4.0/avr5\libgcc.a(_divmodhi4.o)
                0x00005340                _div
                0x00005340                __divmodhi4
 .text.libgcc   0x00005368        0xc c:/program files (x86)/atmel/studio/7.0/toolchain/avr8/avr8-gnu-toolchain/bin/../lib/gcc/avr/5.4.0/avr5\libgcc.a(_tablejump2.o)
                0x00005368                __tablejump2__
 .text.libgcc.mul
                0x00005374       0x16 c:/program files (x86)/atmel/studio/7.0/toolchain/avr8/avr8-gnu-toolchain/bin/../lib/gcc/avr/5.4.0/avr5\libgcc.a(_muluhisi3.o)
                0x00005374                __muluhisi3
 .text.libgcc.div
                0x0000538a       0x28 c:/program files (x86)/atmel/studio/7.0/toolchain/avr8/avr8-gnu-toolchain/bin/../lib/gcc/avr/5.4.0/avr5\libgcc.a(_udivmodhi4.o)
                0x0000538a                __udivmodhi4
 .text.libgcc.mul
                0x000053b2       0x1e c:/program files (x86)/atmel/studio/7.0/toolchain/avr8/avr8-gnu-toolchain/bin/../lib/gcc/avr/5.4.0/avr5\libgcc.a(_umulhisi3.o)
                0x000053b2                __umulhisi3
 .text.avr-libc
                0x000053d0      0x242 c:/program files (x86)/atmel/studio/7.0/toolchain/avr8/avr8-gnu-toolchain/bin/../lib/gcc/avr/5.4.0/../../../../avr/lib/avr5\libc.a(malloc.o)
                0x000053d0                malloc
                0x00005500                free
 .text.avr-libc
                0x00005612        0xa c:/program files (x86)/atmel/studio/7.0/toolchain/avr8/avr8-gnu-toolchain/bin/../lib/gcc/avr/5.4.0/../../../../avr/lib/avr5\libc.a(abort.o)
                0x00005612                abort
 .text.avr-libc
                0x0000561c       0x1a c:/program files (x86)/atmel/studio/7.0/toolchain/avr8/avr8-gnu-toolchain/bin/../lib/gcc/avr/5.4.0/../../../../avr/lib/avr5\libc.a(memcmp.o)
                0x0000561c                memcmp
 .text.avr-libc
                0x00005636       0x16 c:/program files (x86)/atmel/studio/7.0/toolchain/avr8/avr8-gnu-toolchain/bin/../lib/gcc/avr/5.4.0/../../../../avr/lib/avr5\libc.a(strchr.o)
                0x00005636                strchr
 .text.avr-libc
                0x0000564c       0x1e c:/program files (x86)/atmel/studio/7.0/toolchain/avr8/avr8-gnu-toolchain/bin/../lib/gcc/avr/5.4.0/../../../../avr/lib/avr5\libc.a(strncpy.o)
                0x0000564c                strncpy
                0x0000566a                . = ALIGN (0x2)
 *(.fini9)
 .fini9         0x0000566a        0x0 c:/program files (x86)/atmel/studio/7.0/toolchain/avr8/avr8-gnu-toolchain/bin/../lib/gcc/avr/5.4.0/avr5\libgcc.a(_exit.o)
                0x0000566a                _exit
                0x0000566a                exit
 *(.fini9)
 *(.fini8)
 *(.fini8)
 *(.fini7)
 *(.fini7)
 *(.fini6)
 *(.fini6)
 *(.fini5)
 *(.fini5)
 *(.fini4)
 *(.fini4)
 *(.fini3)
 *(.fini3)
 *(.fini2)
 *(.fini2)
 *(.fini1)
 *(.fini1)
 *(.fini0)
 .fini0         0x0000566a        0x4 c:/program files (x86)/atmel/studio/7.0/toolchain/avr8/avr8-gnu-toolchain/bin/../lib/gcc/avr/5.4.0/avr5\libgcc.a(_exit.o)
 *(.fini0)
                0x0000566e                _etext = .

.data           0x00800100      0x182 load address 0x0000566e
                0x00800100                PROVIDE (__data_start, .)
 *(.data)
 .data          0x00800100        0x6 c:/program files (x86)/atmel/studio/7.0/toolchain/avr8/avr8-gnu-toolchain/bin/../lib/gcc/avr/5.4.0/../../../../avr/lib/avr5\libc.a(malloc.o)
                0x00800100                __malloc_heap_end
                0x00800102                __malloc_heap_start
                0x00800104                __malloc_margin
 *(.data*)
 .data.freqScal
                0x00800106        0x1 main.o
                0x00800106                freqScal
 .data.mode_    0x00800107        0x1 main.o
                0x00800107                mode_
 .data.mode     0x00800108        0x1 main.o
                0x00800108                mode
 .data._ZN8SdVolume17cacheBlockNumber_E
                0x00800109        0x4 SD/src/utility/SdVolume.o
                0x00800109                _ZN8SdVolume17cacheBlockNumber_E
 *(.gnu.linkonce.d*)
 *(.rodata)
 .rodata        0x0080010d        0x8 LCDScreen/LCDScreen.o
 .rodata        0x00800115       0x8a main.o
 *(.rodata*)
 .rodata._ZTV5Print
                0x0080019f        0xc Core/Print.o
                0x0080019f                _ZTV5Print
 .rodata._ZTV9LCDScreen
                0x008001ab        0xc LCDScreen/LCDScreen.o
                0x008001ab                _ZTV9LCDScreen
 .rodata.str1.1
                0x008001b7       0x99 main.o
                                 0xa1 (size before relaxing)
 .rodata._ZTVN5SDLib4FileE
                0x00800250       0x12 SD/src/File.o
                0x00800250                _ZTVN5SDLib4FileE
 .rodata.str1.1
                0x00800262        0x2 SD/src/SD.o
 .rodata._ZTV6SdFile
                0x00800264        0xc SD/src/utility/SdFile.o
                0x00800264                _ZTV6SdFile
 .rodata._ZTV7TwoWire
                0x00800270       0x12 Wire/src/Wire.o
                0x00800270                _ZTV7TwoWire
 *(.gnu.linkonce.r*)
                0x00800282                . = ALIGN (0x2)
                0x00800282                _edata = .
                0x00800282                PROVIDE (__data_end, .)

.bss            0x00800282      0x350
                0x00800282                PROVIDE (__bss_start, .)
 *(.bss)
 *(.bss*)
 .bss.timer0_fract
                0x00800282        0x1 Core/time.o
 .bss.timer0_millis
                0x00800283        0x4 Core/time.o
                0x00800283                timer0_millis
 .bss.timer0_overflow_count
                0x00800287        0x4 Core/time.o
                0x00800287                timer0_overflow_count
 .bss.lcd       0x0080028b        0x8 main.o
                0x0080028b                lcd
 .bss.fname_temp
                0x00800293        0x7 main.o
                0x00800293                fname_temp
 .bss.fcount    0x0080029a        0x1 main.o
                0x0080029a                fcount
 .bss.files     0x0080029b        0x1 main.o
                0x0080029b                files
 .bss.tracks    0x0080029c        0xf main.o
                0x0080029c                tracks
 .bss._ZN5SDLib2SDE
                0x008002ab       0x49 SD/src/SD.o
                0x008002ab                _ZN5SDLib2SDE
 .bss._ZL20chip_select_asserted
                0x008002f4        0x1 SD/src/utility/Sd2Card.o
 .bss._ZL8settings
                0x008002f5        0x2 SD/src/utility/Sd2Card.o
 .bss._ZN6SdFile9dateTime_E
                0x008002f7        0x2 SD/src/utility/SdFile.o
                0x008002f7                _ZN6SdFile9dateTime_E
 .bss._ZN8SdVolume17cacheMirrorBlock_E
                0x008002f9        0x4 SD/src/utility/SdVolume.o
                0x008002f9                _ZN8SdVolume17cacheMirrorBlock_E
 .bss._ZN8SdVolume11cacheDirty_E
                0x008002fd        0x1 SD/src/utility/SdVolume.o
                0x008002fd                _ZN8SdVolume11cacheDirty_E
 .bss._ZN8SdVolume7sdCard_E
                0x008002fe        0x2 SD/src/utility/SdVolume.o
                0x008002fe                _ZN8SdVolume7sdCard_E
 .bss._ZN8SdVolume12cacheBuffer_E
                0x00800300      0x200 SD/src/utility/SdVolume.o
                0x00800300                _ZN8SdVolume12cacheBuffer_E
 .bss._ZN8SPIClass13interruptSaveE
                0x00800500        0x1 SPI/src/SPI.o
                0x00800500                _ZN8SPIClass13interruptSaveE
 .bss._ZN8SPIClass13interruptMaskE
                0x00800501        0x1 SPI/src/SPI.o
                0x00800501                _ZN8SPIClass13interruptMaskE
 .bss._ZN8SPIClass13interruptModeE
                0x00800502        0x1 SPI/src/SPI.o
                0x00800502                _ZN8SPIClass13interruptModeE
 .bss._ZN8SPIClass11initializedE
                0x00800503        0x1 SPI/src/SPI.o
                0x00800503                _ZN8SPIClass11initializedE
 .bss.twi_error
                0x00800504        0x1 Wire/src/utility/twi.o
 .bss.twi_rxBufferIndex
                0x00800505        0x1 Wire/src/utility/twi.o
 .bss.twi_rxBuffer
                0x00800506       0x20 Wire/src/utility/twi.o
 .bss.twi_txBufferLength
                0x00800526        0x1 Wire/src/utility/twi.o
 .bss.twi_txBufferIndex
                0x00800527        0x1 Wire/src/utility/twi.o
 .bss.twi_txBuffer
                0x00800528       0x20 Wire/src/utility/twi.o
 .bss.twi_masterBufferLength
                0x00800548        0x1 Wire/src/utility/twi.o
 .bss.twi_masterBufferIndex
                0x00800549        0x1 Wire/src/utility/twi.o
 .bss.twi_masterBuffer
                0x0080054a       0x20 Wire/src/utility/twi.o
 .bss.twi_onSlaveReceive
                0x0080056a        0x2 Wire/src/utility/twi.o
 .bss.twi_onSlaveTransmit
                0x0080056c        0x2 Wire/src/utility/twi.o
 .bss.twi_do_reset_on_timeout
                0x0080056e        0x1 Wire/src/utility/twi.o
 .bss.twi_timed_out_flag
                0x0080056f        0x1 Wire/src/utility/twi.o
 .bss.twi_timeout_us
                0x00800570        0x4 Wire/src/utility/twi.o
 .bss.twi_inRepStart
                0x00800574        0x1 Wire/src/utility/twi.o
 .bss.twi_sendStop
                0x00800575        0x1 Wire/src/utility/twi.o
 .bss.twi_slarw
                0x00800576        0x1 Wire/src/utility/twi.o
 .bss.twi_state
                0x00800577        0x1 Wire/src/utility/twi.o
 .bss.Wire      0x00800578        0xc Wire/src/Wire.o
                0x00800578                Wire
 .bss._ZN7TwoWire14user_onReceiveE
                0x00800584        0x2 Wire/src/Wire.o
                0x00800584                _ZN7TwoWire14user_onReceiveE
 .bss._ZN7TwoWire14user_onRequestE
                0x00800586        0x2 Wire/src/Wire.o
                0x00800586                _ZN7TwoWire14user_onRequestE
 .bss._ZN7TwoWire12transmittingE
                0x00800588        0x1 Wire/src/Wire.o
                0x00800588                _ZN7TwoWire12transmittingE
 .bss._ZN7TwoWire14txBufferLengthE
                0x00800589        0x1 Wire/src/Wire.o
                0x00800589                _ZN7TwoWire14txBufferLengthE
 .bss._ZN7TwoWire13txBufferIndexE
                0x0080058a        0x1 Wire/src/Wire.o
                0x0080058a                _ZN7TwoWire13txBufferIndexE
 .bss._ZN7TwoWire8txBufferE
                0x0080058b       0x20 Wire/src/Wire.o
                0x0080058b                _ZN7TwoWire8txBufferE
 .bss._ZN7TwoWire9txAddressE
                0x008005ab        0x1 Wire/src/Wire.o
                0x008005ab                _ZN7TwoWire9txAddressE
 .bss._ZN7TwoWire14rxBufferLengthE
                0x008005ac        0x1 Wire/src/Wire.o
                0x008005ac                _ZN7TwoWire14rxBufferLengthE
 .bss._ZN7TwoWire13rxBufferIndexE
                0x008005ad        0x1 Wire/src/Wire.o
                0x008005ad                _ZN7TwoWire13rxBufferIndexE
 .bss._ZN7TwoWire8rxBufferE
                0x008005ae       0x20 Wire/src/Wire.o
                0x008005ae                _ZN7TwoWire8rxBufferE
 *(COMMON)
 COMMON         0x008005ce        0x4 c:/program files (x86)/atmel/studio/7.0/toolchain/avr8/avr8-gnu-toolchain/bin/../lib/gcc/avr/5.4.0/../../../../avr/lib/avr5\libc.a(malloc.o)
                0x008005ce                __brkval
                0x008005d0                __flp
                0x008005d2                PROVIDE (__bss_end, .)
                0x0000566e                __data_load_start = LOADADDR (.data)
                0x000057f0                __data_load_end = (__data_load_start + SIZEOF (.data))

.noinit         0x008005d2        0x0
                [!provide]                PROVIDE (__noinit_start, .)
 *(.noinit*)
                [!provide]                PROVIDE (__noinit_end, .)
                0x008005d2                _end = .
                0x008005d2                PROVIDE (__heap_start, .)

.eeprom         0x00810000        0x0
 *(.eeprom*)
                0x00810000                __eeprom_end = .

.fuse
 *(.fuse)
 *(.lfuse)
 *(.hfuse)
 *(.efuse)

.lock
 *(.lock*)

.signature
 *(.signature*)

.user_signatures
 *(.user_signatures*)

.stab
 *(.stab)

.stabstr
 *(.stabstr)

.stab.excl
 *(.stab.excl)

.stab.exclstr
 *(.stab.exclstr)

.stab.index
 *(.stab.index)

.stab.indexstr
 *(.stab.indexstr)

.comment        0x00000000       0x30
 *(.comment)
 .comment       0x00000000       0x30 Core/abi.o
                                 0x31 (size before relaxing)
 .comment       0x00000030       0x31 Core/Print.o
 .comment       0x00000030       0x31 Core/time.o
 .comment       0x00000030       0x31 Core/wiring_digital.o
 .comment       0x00000030       0x31 LCDScreen/LCDScreen.o
 .comment       0x00000030       0x31 main.o
 .comment       0x00000030       0x31 SD/src/File.o
 .comment       0x00000030       0x31 SD/src/SD.o
 .comment       0x00000030       0x31 SD/src/utility/Sd2Card.o
 .comment       0x00000030       0x31 SD/src/utility/SdFile.o
 .comment       0x00000030       0x31 SD/src/utility/SdVolume.o
 .comment       0x00000030       0x31 SPI/src/SPI.o
 .comment       0x00000030       0x31 Wire/src/utility/twi.o
 .comment       0x00000030       0x31 Wire/src/Wire.o
 .comment       0x00000030       0x31 c:/program files (x86)/atmel/studio/7.0/toolchain/avr8/avr8-gnu-toolchain/bin/../lib/gcc/avr/5.4.0/../../../../avr/lib/avr5\libc.a(malloc.o)

.note.gnu.avr.deviceinfo
                0x00000000       0x40
 .note.gnu.avr.deviceinfo
                0x00000000       0x40 C:/Program Files (x86)/Atmel/Studio/7.0/Packs/atmel/ATmega_DFP/1.6.364/gcc/dev/atmega328p/avr5/crtatmega328p.o

.note.gnu.build-id
 *(.note.gnu.build-id)

.debug
 *(.debug)

.line
 *(.line)

.debug_srcinfo
 *(.debug_srcinfo)

.debug_sfnames
 *(.debug_sfnames)

.debug_aranges  0x00000000      0x8b8
 *(.debug_aranges)
 .debug_aranges
                0x00000000       0x28 Core/abi.o
 .debug_aranges
                0x00000028       0xf8 Core/Print.o
 .debug_aranges
                0x00000120       0x30 Core/time.o
 .debug_aranges
                0x00000150       0x38 Core/wiring_digital.o
 .debug_aranges
                0x00000188       0x80 LCDScreen/LCDScreen.o
 .debug_aranges
                0x00000208       0xd8 main.o
 .debug_aranges
                0x000002e0       0xb0 SD/src/File.o
 .debug_aranges
                0x00000390       0xb0 SD/src/SD.o
 .debug_aranges
                0x00000440       0xe8 SD/src/utility/Sd2Card.o
 .debug_aranges
                0x00000528      0x140 SD/src/utility/SdFile.o
 .debug_aranges
                0x00000668       0x68 SD/src/utility/SdVolume.o
 .debug_aranges
                0x000006d0       0x38 SPI/src/SPI.o
 .debug_aranges
                0x00000708       0x98 Wire/src/utility/twi.o
 .debug_aranges
                0x000007a0      0x118 Wire/src/Wire.o

.debug_pubnames
 *(.debug_pubnames)

.debug_info     0x00000000    0x1fb5c
 *(.debug_info .gnu.linkonce.wi.*)
 .debug_info    0x00000000      0x5f4 C:/Program Files (x86)/Atmel/Studio/7.0/Packs/atmel/ATmega_DFP/1.6.364/gcc/dev/atmega328p/avr5/crtatmega328p.o
 .debug_info    0x000005f4       0x94 Core/abi.o
 .debug_info    0x00000688     0x27ac Core/Print.o
 .debug_info    0x00002e34      0x214 Core/time.o
 .debug_info    0x00003048      0x5db Core/wiring_digital.o
 .debug_info    0x00003623      0xdd4 LCDScreen/LCDScreen.o
 .debug_info    0x000043f7     0x576e main.o
 .debug_info    0x00009b65     0x2cc8 SD/src/File.o
 .debug_info    0x0000c82d     0x4ed9 SD/src/SD.o
 .debug_info    0x00011706     0x3229 SD/src/utility/Sd2Card.o
 .debug_info    0x0001492f     0x52e4 SD/src/utility/SdFile.o
 .debug_info    0x00019c13     0x2684 SD/src/utility/SdVolume.o
 .debug_info    0x0001c297      0x66b SPI/src/SPI.o
 .debug_info    0x0001c902      0x931 Wire/src/utility/twi.o
 .debug_info    0x0001d233     0x2929 Wire/src/Wire.o

.debug_abbrev   0x00000000     0x40f1
 *(.debug_abbrev)
 .debug_abbrev  0x00000000      0x5a2 C:/Program Files (x86)/Atmel/Studio/7.0/Packs/atmel/ATmega_DFP/1.6.364/gcc/dev/atmega328p/avr5/crtatmega328p.o
 .debug_abbrev  0x000005a2       0x64 Core/abi.o
 .debug_abbrev  0x00000606      0x3db Core/Print.o
 .debug_abbrev  0x000009e1       0xd9 Core/time.o
 .debug_abbrev  0x00000aba      0x149 Core/wiring_digital.o
 .debug_abbrev  0x00000c03      0x33b LCDScreen/LCDScreen.o
 .debug_abbrev  0x00000f3e      0x85f main.o
 .debug_abbrev  0x0000179d      0x55c SD/src/File.o
 .debug_abbrev  0x00001cf9      0x7a2 SD/src/SD.o
 .debug_abbrev  0x0000249b      0x58c SD/src/utility/Sd2Card.o
 .debug_abbrev  0x00002a27      0x78f SD/src/utility/SdFile.o
 .debug_abbrev  0x000031b6      0x50d SD/src/utility/SdVolume.o
 .debug_abbrev  0x000036c3      0x283 SPI/src/SPI.o
 .debug_abbrev  0x00003946      0x2a8 Wire/src/utility/twi.o
 .debug_abbrev  0x00003bee      0x503 Wire/src/Wire.o

.debug_line     0x00000000     0x6b3b
 *(.debug_line .debug_line.* .debug_line_end)
 .debug_line    0x00000000      0x134 C:/Program Files (x86)/Atmel/Studio/7.0/Packs/atmel/ATmega_DFP/1.6.364/gcc/dev/atmega328p/avr5/crtatmega328p.o
 .debug_line    0x00000134       0xbb Core/abi.o
 .debug_line    0x000001ef      0x75e Core/Print.o
 .debug_line    0x0000094d      0x1b8 Core/time.o
 .debug_line    0x00000b05      0x27d Core/wiring_digital.o
 .debug_line    0x00000d82      0x47a LCDScreen/LCDScreen.o
 .debug_line    0x000011fc      0xdcb main.o
 .debug_line    0x00001fc7      0x614 SD/src/File.o
 .debug_line    0x000025db      0x903 SD/src/SD.o
 .debug_line    0x00002ede      0xd5e SD/src/utility/Sd2Card.o
 .debug_line    0x00003c3c     0x16a4 SD/src/utility/SdFile.o
 .debug_line    0x000052e0      0x6a5 SD/src/utility/SdVolume.o
 .debug_line    0x00005985      0x31b SPI/src/SPI.o
 .debug_line    0x00005ca0      0x80c Wire/src/utility/twi.o
 .debug_line    0x000064ac      0x68f Wire/src/Wire.o

.debug_frame    0x00000000     0x20b8
 *(.debug_frame)
 .debug_frame   0x00000000       0x34 Core/abi.o
 .debug_frame   0x00000034      0x3b0 Core/Print.o
 .debug_frame   0x000003e4       0x8c Core/time.o
 .debug_frame   0x00000470       0x7c Core/wiring_digital.o
 .debug_frame   0x000004ec      0x144 LCDScreen/LCDScreen.o
 .debug_frame   0x00000630      0x310 main.o
 .debug_frame   0x00000940      0x1e0 SD/src/File.o
 .debug_frame   0x00000b20      0x2e4 SD/src/SD.o
 .debug_frame   0x00000e04      0x3dc SD/src/utility/Sd2Card.o
 .debug_frame   0x000011e0      0x700 SD/src/utility/SdFile.o
 .debug_frame   0x000018e0      0x2ac SD/src/utility/SdVolume.o
 .debug_frame   0x00001b8c       0x5c SPI/src/SPI.o
 .debug_frame   0x00001be8      0x218 Wire/src/utility/twi.o
 .debug_frame   0x00001e00      0x2b8 Wire/src/Wire.o

.debug_str      0x00000000     0x58fc
 *(.debug_str)
 .debug_str     0x00000000      0x208 C:/Program Files (x86)/Atmel/Studio/7.0/Packs/atmel/ATmega_DFP/1.6.364/gcc/dev/atmega328p/avr5/crtatmega328p.o
 .debug_str     0x00000208      0x195 Core/abi.o
                                0x1ab (size before relaxing)
 .debug_str     0x0000039d     0x103d Core/Print.o
                               0x123c (size before relaxing)
 .debug_str     0x000013da      0x10c Core/time.o
                                0x1fe (size before relaxing)
 .debug_str     0x000014e6       0xd3 Core/wiring_digital.o
                                0x2a0 (size before relaxing)
 .debug_str     0x000015b9      0x30c LCDScreen/LCDScreen.o
                                0x5c4 (size before relaxing)
 .debug_str     0x000018c5     0x22c9 main.o
                               0x32db (size before relaxing)
 .debug_str     0x00003b8e      0x2ec SD/src/File.o
                               0x1dfc (size before relaxing)
 .debug_str     0x00003e7a      0x43a SD/src/SD.o
                               0x2eaa (size before relaxing)
 .debug_str     0x000042b4      0x439 SD/src/utility/Sd2Card.o
                               0x12f5 (size before relaxing)
 .debug_str     0x000046ed      0x8ba SD/src/utility/SdFile.o
                               0x281f (size before relaxing)
 .debug_str     0x00004fa7       0xf1 SD/src/utility/SdVolume.o
                               0x1b9f (size before relaxing)
 .debug_str     0x00005098       0x9a SPI/src/SPI.o
                                0x6a1 (size before relaxing)
 .debug_str     0x00005132      0x2a9 Wire/src/utility/twi.o
                                0x4e4 (size before relaxing)
 .debug_str     0x000053db      0x521 Wire/src/Wire.o
                               0x1999 (size before relaxing)

.debug_loc      0x00000000     0xd948
 *(.debug_loc)
 .debug_loc     0x00000000     0x198d Core/Print.o
 .debug_loc     0x0000198d      0x185 Core/time.o
 .debug_loc     0x00001b12      0x53c Core/wiring_digital.o
 .debug_loc     0x0000204e      0x903 LCDScreen/LCDScreen.o
 .debug_loc     0x00002951     0x137d main.o
 .debug_loc     0x00003cce      0x9e8 SD/src/File.o
 .debug_loc     0x000046b6     0x17a9 SD/src/SD.o
 .debug_loc     0x00005e5f     0x1f25 SD/src/utility/Sd2Card.o
 .debug_loc     0x00007d84     0x3616 SD/src/utility/SdFile.o
 .debug_loc     0x0000b39a      0xff5 SD/src/utility/SdVolume.o
 .debug_loc     0x0000c38f      0x1e4 SPI/src/SPI.o
 .debug_loc     0x0000c573      0x7a4 Wire/src/utility/twi.o
 .debug_loc     0x0000cd17      0xc31 Wire/src/Wire.o

.debug_macinfo
 *(.debug_macinfo)

.debug_weaknames
 *(.debug_weaknames)

.debug_funcnames
 *(.debug_funcnames)

.debug_typenames
 *(.debug_typenames)

.debug_varnames
 *(.debug_varnames)

.debug_pubtypes
 *(.debug_pubtypes)

.debug_ranges   0x00000000      0x9e8
 *(.debug_ranges)
 .debug_ranges  0x00000000       0x18 Core/abi.o
 .debug_ranges  0x00000018      0x118 Core/Print.o
 .debug_ranges  0x00000130       0x20 Core/time.o
 .debug_ranges  0x00000150       0x28 Core/wiring_digital.o
 .debug_ranges  0x00000178       0x70 LCDScreen/LCDScreen.o
 .debug_ranges  0x000001e8      0x128 main.o
 .debug_ranges  0x00000310       0xa0 SD/src/File.o
 .debug_ranges  0x000003b0       0xb8 SD/src/SD.o
 .debug_ranges  0x00000468       0xd8 SD/src/utility/Sd2Card.o
 .debug_ranges  0x00000540      0x250 SD/src/utility/SdFile.o
 .debug_ranges  0x00000790       0xa0 SD/src/utility/SdVolume.o
 .debug_ranges  0x00000830       0x28 SPI/src/SPI.o
 .debug_ranges  0x00000858       0x88 Wire/src/utility/twi.o
 .debug_ranges  0x000008e0      0x108 Wire/src/Wire.o

.debug_macro
 *(.debug_macro)
OUTPUT(Voice_Recorder.elf elf32-avr)
LOAD linker stubs
