Archive member included to satisfy reference by file (symbol)

c:/program files (x86)/atmel/studio/7.0/toolchain/avr8/avr8-gnu-toolchain/bin/../lib/gcc/avr/5.4.0/../../../../avr/lib/avr5\libm.a(addsf3.o)
                              Print.o (__subsf3)
c:/program files (x86)/atmel/studio/7.0/toolchain/avr8/avr8-gnu-toolchain/bin/../lib/gcc/avr/5.4.0/../../../../avr/lib/avr5\libm.a(addsf3x.o)
                              c:/program files (x86)/atmel/studio/7.0/toolchain/avr8/avr8-gnu-toolchain/bin/../lib/gcc/avr/5.4.0/../../../../avr/lib/avr5\libm.a(addsf3.o) (__addsf3x)
c:/program files (x86)/atmel/studio/7.0/toolchain/avr8/avr8-gnu-toolchain/bin/../lib/gcc/avr/5.4.0/../../../../avr/lib/avr5\libm.a(cmpsf2.o)
                              Print.o (__ltsf2)
c:/program files (x86)/atmel/studio/7.0/toolchain/avr8/avr8-gnu-toolchain/bin/../lib/gcc/avr/5.4.0/../../../../avr/lib/avr5\libm.a(divsf3.o)
                              Print.o (__divsf3)
c:/program files (x86)/atmel/studio/7.0/toolchain/avr8/avr8-gnu-toolchain/bin/../lib/gcc/avr/5.4.0/../../../../avr/lib/avr5\libm.a(divsf3x.o)
                              c:/program files (x86)/atmel/studio/7.0/toolchain/avr8/avr8-gnu-toolchain/bin/../lib/gcc/avr/5.4.0/../../../../avr/lib/avr5\libm.a(divsf3.o) (__divsf3x)
c:/program files (x86)/atmel/studio/7.0/toolchain/avr8/avr8-gnu-toolchain/bin/../lib/gcc/avr/5.4.0/../../../../avr/lib/avr5\libm.a(fixunssfsi.o)
                              Print.o (__fixunssfsi)
c:/program files (x86)/atmel/studio/7.0/toolchain/avr8/avr8-gnu-toolchain/bin/../lib/gcc/avr/5.4.0/../../../../avr/lib/avr5\libm.a(floatsisf.o)
                              Print.o (__floatunsisf)
c:/program files (x86)/atmel/studio/7.0/toolchain/avr8/avr8-gnu-toolchain/bin/../lib/gcc/avr/5.4.0/../../../../avr/lib/avr5\libm.a(fp_cmp.o)
                              c:/program files (x86)/atmel/studio/7.0/toolchain/avr8/avr8-gnu-toolchain/bin/../lib/gcc/avr/5.4.0/../../../../avr/lib/avr5\libm.a(cmpsf2.o) (__fp_cmp)
c:/program files (x86)/atmel/studio/7.0/toolchain/avr8/avr8-gnu-toolchain/bin/../lib/gcc/avr/5.4.0/../../../../avr/lib/avr5\libm.a(fp_inf.o)
                              c:/program files (x86)/atmel/studio/7.0/toolchain/avr8/avr8-gnu-toolchain/bin/../lib/gcc/avr/5.4.0/../../../../avr/lib/avr5\libm.a(addsf3x.o) (__fp_inf)
c:/program files (x86)/atmel/studio/7.0/toolchain/avr8/avr8-gnu-toolchain/bin/../lib/gcc/avr/5.4.0/../../../../avr/lib/avr5\libm.a(fp_nan.o)
                              c:/program files (x86)/atmel/studio/7.0/toolchain/avr8/avr8-gnu-toolchain/bin/../lib/gcc/avr/5.4.0/../../../../avr/lib/avr5\libm.a(addsf3x.o) (__fp_nan)
c:/program files (x86)/atmel/studio/7.0/toolchain/avr8/avr8-gnu-toolchain/bin/../lib/gcc/avr/5.4.0/../../../../avr/lib/avr5\libm.a(fp_pscA.o)
                              c:/program files (x86)/atmel/studio/7.0/toolchain/avr8/avr8-gnu-toolchain/bin/../lib/gcc/avr/5.4.0/../../../../avr/lib/avr5\libm.a(addsf3x.o) (__fp_pscA)
c:/program files (x86)/atmel/studio/7.0/toolchain/avr8/avr8-gnu-toolchain/bin/../lib/gcc/avr/5.4.0/../../../../avr/lib/avr5\libm.a(fp_pscB.o)
                              c:/program files (x86)/atmel/studio/7.0/toolchain/avr8/avr8-gnu-toolchain/bin/../lib/gcc/avr/5.4.0/../../../../avr/lib/avr5\libm.a(addsf3x.o) (__fp_pscB)
c:/program files (x86)/atmel/studio/7.0/toolchain/avr8/avr8-gnu-toolchain/bin/../lib/gcc/avr/5.4.0/../../../../avr/lib/avr5\libm.a(fp_round.o)
                              c:/program files (x86)/atmel/studio/7.0/toolchain/avr8/avr8-gnu-toolchain/bin/../lib/gcc/avr/5.4.0/../../../../avr/lib/avr5\libm.a(addsf3.o) (__fp_round)
c:/program files (x86)/atmel/studio/7.0/toolchain/avr8/avr8-gnu-toolchain/bin/../lib/gcc/avr/5.4.0/../../../../avr/lib/avr5\libm.a(fp_split3.o)
                              c:/program files (x86)/atmel/studio/7.0/toolchain/avr8/avr8-gnu-toolchain/bin/../lib/gcc/avr/5.4.0/../../../../avr/lib/avr5\libm.a(addsf3x.o) (__fp_split3)
c:/program files (x86)/atmel/studio/7.0/toolchain/avr8/avr8-gnu-toolchain/bin/../lib/gcc/avr/5.4.0/../../../../avr/lib/avr5\libm.a(fp_zero.o)
                              c:/program files (x86)/atmel/studio/7.0/toolchain/avr8/avr8-gnu-toolchain/bin/../lib/gcc/avr/5.4.0/../../../../avr/lib/avr5\libm.a(addsf3x.o) (__fp_zero)
c:/program files (x86)/atmel/studio/7.0/toolchain/avr8/avr8-gnu-toolchain/bin/../lib/gcc/avr/5.4.0/../../../../avr/lib/avr5\libm.a(gesf2.o)
                              Print.o (__gtsf2)
c:/program files (x86)/atmel/studio/7.0/toolchain/avr8/avr8-gnu-toolchain/bin/../lib/gcc/avr/5.4.0/../../../../avr/lib/avr5\libm.a(mulsf3.o)
                              Print.o (__mulsf3)
c:/program files (x86)/atmel/studio/7.0/toolchain/avr8/avr8-gnu-toolchain/bin/../lib/gcc/avr/5.4.0/../../../../avr/lib/avr5\libm.a(mulsf3x.o)
                              c:/program files (x86)/atmel/studio/7.0/toolchain/avr8/avr8-gnu-toolchain/bin/../lib/gcc/avr/5.4.0/../../../../avr/lib/avr5\libm.a(mulsf3.o) (__mulsf3x)
[...]
Memory Configuration

Name             Origin             Length             Attributes
text             0x00000000         0x00008000         xr
data             0x00800100         0x00000800         rw !x
eeprom           0x00810000         0x00000400         rw !x
fuse             0x00820000         0x00000003         rw !x
lock             0x00830000         0x00000400         rw !x
signature        0x00840000         0x00000400         rw !x
user_signatures  0x00850000         0x00000400         rw !x
*default*        0x00000000         0xffffffff

Linker script and memory map

Address of section .data set to 0x800100
LOAD C:/Program Files (x86)/Atmel/Studio/7.0/Packs/atmel/ATmega_DFP/1.6.364/gcc/dev/atmega328p/avr5/crtatmega328p.o
LOAD abi.o
LOAD CDC.o
LOAD HardwareSerial.o
LOAD HardwareSerial0.o
LOAD HardwareSerial1.o
LOAD HardwareSerial2.o
LOAD HardwareSerial3.o
LOAD hooks.o
LOAD IPAddress.o
LOAD new.o
LOAD PluggableUSB.o
LOAD Print.o
LOAD Stream.o
LOAD Tone.o
LOAD USBCore.o
LOAD WInterrupts.o
LOAD wiring.o
LOAD wiring_analog.o
LOAD wiring_digital.o
LOAD wiring_pulse.o
LOAD wiring_shift.o
LOAD WMath.o
LOAD WString.o
LOAD SPI.o
LOAD twi.o
LOAD Wire.o
LOAD File.o
LOAD SD.o
LOAD Sd2Card.o
LOAD SdFile.o
LOAD SdVolume.o
LOAD LCDScreen.o
LOAD main.o
START GROUP
LOAD c:/program files (x86)/atmel/studio/7.0/toolchain/avr8/avr8-gnu-toolchain/bin/../lib/gcc/avr/5.4.0/../../../../avr/lib/avr5\libm.a
END GROUP
LOAD c:/program files (x86)/atmel/studio/7.0/toolchain/avr8/avr8-gnu-toolchain/bin/../lib/gcc/avr/5.4.0/avr5\libgcc.a
LOAD c:/program files (x86)/atmel/studio/7.0/toolchain/avr8/avr8-gnu-toolchain/bin/../lib/gcc/avr/5.4.0/../../../../avr/lib/avr5\libm.a
START GROUP
LOAD c:/program files (x86)/atmel/studio/7.0/toolchain/avr8/avr8-gnu-toolchain/bin/../lib/gcc/avr/5.4.0/avr5\libgcc.a
LOAD c:/program files (x86)/atmel/studio/7.0/toolchain/avr8/avr8-gnu-toolchain/bin/../lib/gcc/avr/5.4.0/../../../../avr/lib/avr5\libm.a
LOAD c:/program files (x86)/atmel/studio/7.0/toolchain/avr8/avr8-gnu-toolchain/bin/../lib/gcc/avr/5.4.0/../../../../avr/lib/avr5\libc.a
LOAD C:/Program Files (x86)/Atmel/Studio/7.0/Packs/atmel/ATmega_DFP/1.6.364/gcc/dev/atmega328p/avr5\libatmega328p.a
END GROUP
                0x00000000                __TEXT_REGION_ORIGIN__ = DEFINED (__TEXT_REGION_ORIGIN__)?__TEXT_REGION_ORIGIN__:0x0
                [0x00800100]                __DATA_REGION_ORIGIN__ = DEFINED (__DATA_REGION_ORIGIN__)?__DATA_REGION_ORIGIN__:0x800060
                [0x00008000]                __TEXT_REGION_LENGTH__ = DEFINED (__TEXT_REGION_LENGTH__)?__TEXT_REGION_LENGTH__:0x20000
                [0x00000800]                __DATA_REGION_LENGTH__ = DEFINED (__DATA_REGION_LENGTH__)?__DATA_REGION_LENGTH__:0xffa0
                [0x00000400]                __EEPROM_REGION_LENGTH__ = DEFINED (__EEPROM_REGION_LENGTH__)?__EEPROM_REGION_LENGTH__:0x10000
                [0x00000003]                __FUSE_REGION_LENGTH__ = DEFINED (__FUSE_REGION_LENGTH__)?__FUSE_REGION_LENGTH__:0x400
                0x00000400                __LOCK_REGION_LENGTH__ = DEFINED (__LOCK_REGION_LENGTH__)?__LOCK_REGION_LENGTH__:0x400
                0x00000400                __SIGNATURE_REGION_LENGTH__ = DEFINED (__SIGNATURE_REGION_LENGTH__)?__SIGNATURE_REGION_LENGTH__:0x400
                0x00000400                __USER_SIGNATURE_REGION_LENGTH__ = DEFINED (__USER_SIGNATURE_REGION_LENGTH__)?__USER_SIGNATURE_REGION_LENGTH__:0x400

.hash
 *(.hash)

.dynsym
 *(.dynsym)

.dynstr
 *(.dynstr)

.gnu.version
 *(.gnu.version)

.gnu.version_d
 *(.gnu.version_d)

.gnu.version_r
 *(.gnu.version_r)

.rel.init
 *(.rel.init)

.rela.init
 *(.rela.init)

.rel.text
 *(.rel.text)
 *(.rel.text.*)
 *(.rel.gnu.linkonce.t*)

.rela.text
 *(.rela.text)
 *(.rela.text.*)
 *(.rela.gnu.linkonce.t*)

.rel.fini
 *(.rel.fini)

.rela.fini
 *(.rela.fini)

.rel.rodata
 *(.rel.rodata)
 *(.rel.rodata.*)
 *(.rel.gnu.linkonce.r*)

.rela.rodata
 *(.rela.rodata)
 *(.rela.rodata.*)
 *(.rela.gnu.linkonce.r*)

.rel.data
 *(.rel.data)
 *(.rel.data.*)
 *(.rel.gnu.linkonce.d*)

.rela.data
 *(.rela.data)
 *(.rela.data.*)
 *(.rela.gnu.linkonce.d*)

.rel.ctors
 *(.rel.ctors)

.rela.ctors
 *(.rela.ctors)

.rel.dtors
 *(.rel.dtors)

.rela.dtors
 *(.rela.dtors)

.rel.got
 *(.rel.got)

.rela.got
 *(.rela.got)

.rel.bss
 *(.rel.bss)

.rela.bss
 *(.rela.bss)

.rel.plt
 *(.rel.plt)

.rela.plt
 *(.rela.plt)

.text           0x00000000     0x6584
 *(.vectors)
 .vectors       0x00000000       0x68 C:/Program Files (x86)/Atmel/Studio/7.0/Packs/atmel/ATmega_DFP/1.6.364/gcc/dev/atmega328p/avr5/crtatmega328p.o
                0x00000000                __vector_default
                0x00000000                __vectors
 *(.vectors)
 *(.progmem.gcc*)
 .progmem.gcc_sw_table.__vector_24
                0x00000068      0x192 twi.o
                0x000001fa                . = ALIGN (0x2)
                0x000001fa                __trampolines_start = .
 *(.trampolines)
 .trampolines   0x000001fa        0x0 linker stubs
 *(.trampolines*)
                0x000001fa                __trampolines_end = .
 *libprintf_flt.a:*(.progmem.data)
 *libc.a:*(.progmem.data)
 *(.progmem*)
 .progmem.data._ZL21tone_pin_to_timer_PGM
                0x000001fa        0x1 Tone.o
 .progmem.data.digital_pin_to_timer_PGM
                0x000001fb       0x14 wiring_digital.o
                0x000001fb                digital_pin_to_timer_PGM
 .progmem.data.digital_pin_to_bit_mask_PGM
                0x0000020f       0x14 wiring_digital.o
                0x0000020f                digital_pin_to_bit_mask_PGM
 .progmem.data.digital_pin_to_port_PGM
                0x00000223       0x14 wiring_digital.o
                0x00000223                digital_pin_to_port_PGM
 .progmem.data.port_to_output_PGM
                0x00000237        0xa wiring_digital.o
                0x00000237                port_to_output_PGM
 .progmem.data.port_to_mode_PGM
                0x00000241        0xa wiring_digital.o
                0x00000241                port_to_mode_PGM
 .progmem.data._ZZN6SdFile10make83NameEPKcPhE3__c
                0x0000024b       0x10 SdFile.o
                0x0000025c                . = ALIGN (0x2)
 *fill*         0x0000025b        0x1 
 *(.jumptables)
 *(.jumptables*)
 *(.lowtext)
 *(.lowtext*)
                0x0000025c                __ctors_start = .
 *(.ctors)
 .ctors         0x0000025c        0x2 HardwareSerial0.o
 .ctors         0x0000025e        0x2 IPAddress.o
 .ctors         0x00000260        0x2 Wire.o
 .ctors         0x00000262        0x2 SD.o
 .ctors         0x00000264        0x2 Sd2Card.o
 .ctors         0x00000266        0x2 main.o
                0x00000268                __ctors_end = .
                0x00000268                __dtors_start = .
 *(.dtors)
 .dtors         0x00000268        0x2 main.o
                0x0000026a                __dtors_end = .
 SORT(*)(.ctors)
 SORT(*)(.dtors)
 *(.init0)
 .init0         0x0000026a        0x0 C:/Program Files (x86)/Atmel/Studio/7.0/Packs/atmel/ATmega_DFP/1.6.364/gcc/dev/atmega328p/avr5/crtatmega328p.o
                0x0000026a                __init
 *(.init0)
 *(.init1)
 *(.init1)
 *(.init2)
 .init2         0x0000026a        0xc C:/Program Files (x86)/Atmel/Studio/7.0/Packs/atmel/ATmega_DFP/1.6.364/gcc/dev/atmega328p/avr5/crtatmega328p.o
 *(.init2)
 *(.init3)
 *(.init3)
 *(.init4)
 .init4         0x00000276       0x16 c:/program files (x86)/atmel/studio/7.0/toolchain/avr8/avr8-gnu-toolchain/bin/../lib/gcc/avr/5.4.0/avr5\libgcc.a(_copy_data.o)
                0x00000276                __do_copy_data
 .init4         0x0000028c       0x10 c:/program files (x86)/atmel/studio/7.0/toolchain/avr8/avr8-gnu-toolchain/bin/../lib/gcc/avr/5.4.0/avr5\libgcc.a(_clear_bss.o)
                0x0000028c                __do_clear_bss
 *(.init4)
 *(.init5)
 *(.init5)
 *(.init6)
 .init6         0x0000029c       0x16 c:/program files (x86)/atmel/studio/7.0/toolchain/avr8/avr8-gnu-toolchain/bin/../lib/gcc/avr/5.4.0/avr5\libgcc.a(_ctors.o)
                0x0000029c                __do_global_ctors
 *(.init6)
 *(.init7)
 *(.init7)
 *(.init8)
 *(.init8)
 *(.init9)
 .init9         0x000002b2        0x8 C:/Program Files (x86)/Atmel/Studio/7.0/Packs/atmel/ATmega_DFP/1.6.364/gcc/dev/atmega328p/avr5/crtatmega328p.o
 *(.init9)
 *(.text)
 .text          0x000002ba        0x4 C:/Program Files (x86)/Atmel/Studio/7.0/Packs/atmel/ATmega_DFP/1.6.364/gcc/dev/atmega328p/avr5/crtatmega328p.o
                0x000002ba                __vector_22
                0x000002ba                __vector_12
                0x000002ba                __bad_interrupt
                0x000002ba                __vector_6
                0x000002ba                __vector_3
                0x000002ba                __vector_23
                0x000002ba                __vector_25
                0x000002ba                __vector_11
                0x000002ba                __vector_13
                0x000002ba                __vector_17
                0x000002ba                __vector_5
                0x000002ba                __vector_4
                0x000002ba                __vector_9
                0x000002ba                __vector_21
                0x000002ba                __vector_15
                0x000002ba                __vector_8
                0x000002ba                __vector_14
                0x000002ba                __vector_10
                0x000002ba                __vector_20
                0x000002be                . = ALIGN (0x2)
 *(.text.*)
 .text.__cxa_pure_virtual
                0x000002be        0x4 abi.o
                0x000002be                __cxa_pure_virtual
 .text._ZN14HardwareSerial9availableEv
                0x000002c2       0x1a HardwareSerial.o
                0x000002c2                _ZN14HardwareSerial9availableEv
 .text._ZN14HardwareSerial4peekEv
                0x000002dc       0x1c HardwareSerial.o
                0x000002dc                _ZN14HardwareSerial4peekEv
 .text._ZN14HardwareSerial4readEv
                0x000002f8       0x28 HardwareSerial.o
                0x000002f8                _ZN14HardwareSerial4readEv
 .text._ZN14HardwareSerial17availableForWriteEv
                0x00000320       0x24 HardwareSerial.o
                0x00000320                _ZN14HardwareSerial17availableForWriteEv
 .text._ZN14HardwareSerial17_tx_udr_empty_irqEv
                0x00000344       0x56 HardwareSerial.o
                0x00000344                _ZN14HardwareSerial17_tx_udr_empty_irqEv
 .text._ZN14HardwareSerial5flushEv
                0x0000039a       0x60 HardwareSerial.o
                0x0000039a                _ZN14HardwareSerial5flushEv
 .text._ZN14HardwareSerial5writeEh
                0x000003fa       0xc8 HardwareSerial.o
                0x000003fa                _ZN14HardwareSerial5writeEh
 .text._ZN5Print17availableForWriteEv
                0x000004c2        0x6 HardwareSerial0.o
                0x000004c2                _ZN5Print17availableForWriteEv
 .text._ZN5Print5flushEv
                0x000004c8        0x2 HardwareSerial0.o
                0x000004c8                _ZN5Print5flushEv
 .text._Z41__static_initialization_and_destruction_0ii
                0x000004ca       0x64 HardwareSerial0.o
 .text.__vector_18
                0x0000052e       0x70 HardwareSerial0.o
                0x0000052e                __vector_18
 .text.__vector_19
                0x0000059e       0x4c HardwareSerial0.o
                0x0000059e                __vector_19
 .text._GLOBAL__sub_I___vector_18
                0x000005ea        0xe HardwareSerial0.o
 .text.__empty  0x000005f8        0x2 hooks.o
                0x000005f8                yield
 .text._ZNK9IPAddress7printToER5Print
                0x000005fa       0x6e IPAddress.o
                0x000005fa                _ZNK9IPAddress7printToER5Print
 .text._ZN9IPAddressC2Ehhhh
                0x00000668       0x18 IPAddress.o
                0x00000668                _ZN9IPAddressC2Ehhhh
                0x00000668                _ZN9IPAddressC1Ehhhh
 .text._Z41__static_initialization_and_destruction_0ii
                0x00000680       0x20 IPAddress.o
 .text._GLOBAL__sub_I__ZN9IPAddressC2Ev
                0x000006a0        0xe IPAddress.o
 .text._ZN5Print5writeEPKhj
                0x000006ae       0x60 Print.o
                0x000006ae                _ZN5Print5writeEPKhj
 .text._ZN5Print5printERK6String
                0x0000070e       0x1e Print.o
                0x0000070e                _ZN5Print5printERK6String
 .text._ZN5Print5printEc
                0x0000072c       0x10 Print.o
                0x0000072c                _ZN5Print5printEc
 .text._ZN5Print11printNumberEmh
                0x0000073c       0xcc Print.o
                0x0000073c                _ZN5Print11printNumberEmh
 .text._ZN5Print5printEmi
                0x00000808       0x1e Print.o
                0x00000808                _ZN5Print5printEmi
 .text._ZN5Print5printEhi
                0x00000826       0x10 Print.o
                0x00000826                _ZN5Print5printEhi
 .text._Z12disableTimerh
                0x00000836       0x40 Tone.o
                0x00000836                _Z12disableTimerh
 .text._Z6noToneh
                0x00000876       0x46 Tone.o
                0x00000876                _Z6noToneh
 .text.__vector_7
                0x000008bc       0xb8 Tone.o
                0x000008bc                __vector_7
 .text.nothing  0x00000974        0x2 WInterrupts.o
 .text.__vector_1
                0x00000976       0x4e WInterrupts.o
                0x00000976                __vector_1
 .text.__vector_2
                0x000009c4       0x4e WInterrupts.o
                0x000009c4                __vector_2
 .text.__vector_16
                0x00000a12       0xb6 wiring.o
                0x00000a12                __vector_16
 .text.millis   0x00000ac8       0x18 wiring.o
                0x00000ac8                millis
 .text.micros   0x00000ae0       0x4c wiring.o
                0x00000ae0                micros
 .text.delay    0x00000b2c       0x7a wiring.o
                0x00000b2c                delay
 .text.delayMicroseconds
                0x00000ba6       0x16 wiring.o
                0x00000ba6                delayMicroseconds
 .text.init     0x00000bbc       0x76 wiring.o
                0x00000bbc                init
 .text.turnOffPWM
                0x00000c32       0x5e wiring_digital.o
 .text.pinMode  0x00000c90       0x7e wiring_digital.o
                0x00000c90                pinMode
 .text.digitalWrite
                0x00000d0e       0x62 wiring_digital.o
                0x00000d0e                digitalWrite
 .text._ZN6StringD2Ev
                0x00000d70       0x10 WString.o
                0x00000d70                _ZN6StringD2Ev
                0x00000d70                _ZN6StringD1Ev
 .text._ZN6String10invalidateEv
                0x00000d80       0x24 WString.o
                0x00000d80                _ZN6String10invalidateEv
 .text._ZN6String12changeBufferEj
                0x00000da4       0x34 WString.o
                0x00000da4                _ZN6String12changeBufferEj
 .text._ZN6String7reserveEj
                0x00000dd8       0x40 WString.o
                0x00000dd8                _ZN6String7reserveEj
 .text._ZN6String4copyEPKcj
                0x00000e18       0x42 WString.o
                0x00000e18                _ZN6String4copyEPKcj
 .text._ZN6StringC2EPKc
                0x00000e5a       0x2a WString.o
                0x00000e5a                _ZN6StringC2EPKc
                0x00000e5a                _ZN6StringC1EPKc
 .text._ZN6StringaSERKS_
                0x00000e84       0x2e WString.o
                0x00000e84                _ZN6StringaSERKS_
 .text._ZN6StringC2ERKS_
                0x00000eb2       0x14 WString.o
                0x00000eb2                _ZN6StringC2ERKS_
                0x00000eb2                _ZN6StringC1ERKS_
 .text._ZN6StringaSEPKc
                0x00000ec6       0x2e WString.o
                0x00000ec6                _ZN6StringaSEPKc
 .text._ZN6StringC2Ec
                0x00000ef4       0x30 WString.o
                0x00000ef4                _ZN6StringC1Ec
                0x00000ef4                _ZN6StringC2Ec
 .text._ZN6String6concatEPKcj
                0x00000f24       0x60 WString.o
                0x00000f24                _ZN6String6concatEPKcj
 .text._ZplRK15StringSumHelperRK6String
                0x00000f84       0x26 WString.o
                0x00000f84                _ZplRK15StringSumHelperRK6String
 .text._ZplRK15StringSumHelperPKc
                0x00000faa       0x40 WString.o
                0x00000faa                _ZplRK15StringSumHelperPKc
 .text._ZN6StringixEj
                0x00000fea       0x24 WString.o
                0x00000fea                _ZN6StringixEj
 .text._ZN8SPIClass5beginEv
                0x0000100e       0x6c SPI.o
                0x0000100e                _ZN8SPIClass5beginEv
 .text.twi_init
                0x0000107a       0x3c twi.o
                0x0000107a                twi_init
 .text.twi_disable
                0x000010b6       0x1c twi.o
                0x000010b6                twi_disable
 .text.twi_transmit
                0x000010d2       0x58 twi.o
                0x000010d2                twi_transmit
 .text.twi_attachSlaveRxEvent
                0x0000112a        0xa twi.o
                0x0000112a                twi_attachSlaveRxEvent
 .text.twi_attachSlaveTxEvent
                0x00001134        0xa twi.o
                0x00001134                twi_attachSlaveTxEvent
 .text.twi_reply
                0x0000113e       0x14 twi.o
                0x0000113e                twi_reply
 .text.twi_releaseBus
                0x00001152        0xc twi.o
                0x00001152                twi_releaseBus
 .text.twi_handleTimeout
                0x0000115e       0x40 twi.o
                0x0000115e                twi_handleTimeout
 .text.twi_writeTo
                0x0000119e      0x202 twi.o
                0x0000119e                twi_writeTo
 .text.twi_stop
                0x000013a0       0x7c twi.o
                0x000013a0                twi_stop
 .text.__vector_24
                0x0000141c      0x242 twi.o
                0x0000141c                __vector_24
 .text._ZN7TwoWire9availableEv
                0x0000165e       0x10 Wire.o
                0x0000165e                _ZN7TwoWire9availableEv
 .text._ZN7TwoWire4readEv
                0x0000166e       0x28 Wire.o
                0x0000166e                _ZN7TwoWire4readEv
 .text._ZN7TwoWire4peekEv
                0x00001696       0x1e Wire.o
                0x00001696                _ZN7TwoWire4peekEv
 .text._ZN7TwoWire5flushEv
                0x000016b4        0x2 Wire.o
                0x000016b4                _ZN7TwoWire5flushEv
 .text._ZN7TwoWire16onReceiveServiceEPhi
                0x000016b6       0x50 Wire.o
                0x000016b6                _ZN7TwoWire16onReceiveServiceEPhi
 .text._ZN7TwoWire16onRequestServiceEv
                0x00001706       0x18 Wire.o
                0x00001706                _ZN7TwoWire16onRequestServiceEv
 .text._ZN7TwoWire5writeEPKhj
                0x0000171e       0x60 Wire.o
                0x0000171e                _ZN7TwoWire5writeEPKhj
 .text._ZN7TwoWire5writeEh
                0x0000177e       0x62 Wire.o
                0x0000177e                _ZN7TwoWire5writeEh
 .text._ZN7TwoWireC2Ev
                0x000017e0       0x20 Wire.o
                0x000017e0                _ZN7TwoWireC1Ev
                0x000017e0                _ZN7TwoWireC2Ev
 .text._Z41__static_initialization_and_destruction_0ii
                0x00001800       0x14 Wire.o
 .text._ZN7TwoWire5beginEv
                0x00001814       0x26 Wire.o
                0x00001814                _ZN7TwoWire5beginEv
 .text._ZN7TwoWire17beginTransmissionEh
                0x0000183a       0x14 Wire.o
                0x0000183a                _ZN7TwoWire17beginTransmissionEh
 .text._ZN7TwoWire15endTransmissionEh
                0x0000184e       0x26 Wire.o
                0x0000184e                _ZN7TwoWire15endTransmissionEh
 .text._ZN7TwoWire15endTransmissionEv
                0x00001874        0x8 Wire.o
                0x00001874                _ZN7TwoWire15endTransmissionEv
 .text._GLOBAL__sub_I__ZN7TwoWire8rxBufferE
                0x0000187c        0xe Wire.o
 .text._ZN5SDLib4File5writeEh
                0x0000188a       0x2c File.o
                0x0000188a                _ZN5SDLib4File5writeEh
 .text._ZN5SDLib4File17availableForWriteEv
                0x000018b6       0x24 File.o
                0x000018b6                _ZN5SDLib4File17availableForWriteEv
 .text._ZN5SDLib4File5writeEPKhj
                0x000018da       0x50 File.o
                0x000018da                _ZN5SDLib4File5writeEPKhj
 .text._ZN5SDLib4File4readEv
                0x0000192a       0x3e File.o
                0x0000192a                _ZN5SDLib4File4readEv
 .text._ZN5SDLib4File4peekEv
                0x00001968       0x78 File.o
                0x00001968                _ZN5SDLib4File4peekEv
 .text._ZN5SDLib4File5flushEv
                0x000019e0       0x12 File.o
                0x000019e0                _ZN5SDLib4File5flushEv
 .text._ZN5SDLib4FileC2E6SdFilePKc
                0x000019f2       0x6a File.o
                0x000019f2                _ZN5SDLib4FileC1E6SdFilePKc
                0x000019f2                _ZN5SDLib4FileC2E6SdFilePKc
 .text._ZN5SDLib4FileC2Ev
                0x00001a5c       0x26 File.o
                0x00001a5c                _ZN5SDLib4FileC2Ev
                0x00001a5c                _ZN5SDLib4FileC1Ev
 .text._ZN5SDLib4File4readEPvj
                0x00001a82       0x16 File.o
                0x00001a82                _ZN5SDLib4File4readEPvj
 .text._ZN5SDLib4File4seekEm
                0x00001a98       0x1e File.o
                0x00001a98                _ZN5SDLib4File4seekEm
 .text._ZN5SDLib4File8positionEv
                0x00001ab6       0x20 File.o
                0x00001ab6                _ZN5SDLib4File8positionEv
 .text._ZN5SDLib4File4sizeEv
                0x00001ad6       0x20 File.o
                0x00001ad6                _ZN5SDLib4File4sizeEv
 .text._ZN5SDLib4File9availableEv
                0x00001af6       0x5e File.o
                0x00001af6                _ZN5SDLib4File9availableEv
 .text._ZN5SDLib4File5closeEv
                0x00001b54       0x26 File.o
                0x00001b54                _ZN5SDLib4File5closeEv
 .text._ZN5SDLib4FilecvbEv
                0x00001b7a       0x1e File.o
                0x00001b7a                _ZN5SDLib4FilecvbEv
 .text._Z41__static_initialization_and_destruction_0ii
                0x00001b98       0x38 SD.o
 .text._ZN5SDLib19callback_pathExistsER6SdFilePKcbPv
                0x00001bd0       0x5c SD.o
                0x00001bd0                _ZN5SDLib19callback_pathExistsER6SdFilePKcbPv
 .text._ZN5SDLib15callback_removeER6SdFilePKcbPv
                0x00001c2c       0x18 SD.o
                0x00001c2c                _ZN5SDLib15callback_removeER6SdFilePKcbPv
 .text._ZN5SDLib20getNextPathComponentEPKcPjPc
                0x00001c44       0x74 SD.o
                0x00001c44                _ZN5SDLib20getNextPathComponentEPKcPjPc
 .text._ZN5SDLib8walkPathEPKcR6SdFilePFbS3_S1_bPvES4_
                0x00001cb8      0x11c SD.o
                0x00001cb8                _ZN5SDLib8walkPathEPKcR6SdFilePFbS3_S1_bPvES4_
 .text._ZN5SDLib7SDClass5beginEh
                0x00001dd4       0x74 SD.o
                0x00001dd4                _ZN5SDLib7SDClass5beginEh
 .text._ZN5SDLib7SDClass12getParentDirEPKcPi
                0x00001e48      0x1d8 SD.o
                0x00001e48                _ZN5SDLib7SDClass12getParentDirEPKcPi
 .text._ZN5SDLib7SDClass4openEPKch
                0x00002020      0x22e SD.o
                0x00002020                _ZN5SDLib7SDClass4openEPKch
 .text._ZN5SDLib7SDClass6existsEPKc
                0x0000224e       0x18 SD.o
                0x0000224e                _ZN5SDLib7SDClass6existsEPKc
 .text._ZN5SDLib7SDClass6removeEPKc
                0x00002266       0x18 SD.o
                0x00002266                _ZN5SDLib7SDClass6removeEPKc
 .text._GLOBAL__sub_I__ZN5SDLib20getNextPathComponentEPKcPjPc
                0x0000227e        0xe SD.o
 .text._ZL7spiSendh
                0x0000228c        0xe Sd2Card.o
 .text._ZL6spiRecv
                0x0000229a       0x10 Sd2Card.o
 .text._Z41__static_initialization_and_destruction_0ii
                0x000022aa       0x16 Sd2Card.o
 .text._ZN7Sd2Card14chipSelectHighEv
                0x000022c0       0x3c Sd2Card.o
                0x000022c0                _ZN7Sd2Card14chipSelectHighEv
 .text._ZN7Sd2Card13chipSelectLowEv
                0x000022fc       0x54 Sd2Card.o
                0x000022fc                _ZN7Sd2Card13chipSelectLowEv
 .text._ZN7Sd2Card7readEndEv
                0x00002350       0x34 Sd2Card.o
                0x00002350                _ZN7Sd2Card7readEndEv
 .text._ZN7Sd2Card10setSckRateEh
                0x00002384       0x8c Sd2Card.o
                0x00002384                _ZN7Sd2Card10setSckRateEh
 .text._ZN7Sd2Card11waitNotBusyEj
                0x00002410       0x36 Sd2Card.o
                0x00002410                _ZN7Sd2Card11waitNotBusyEj
 .text._ZN7Sd2Card11cardCommandEhm
                0x00002446       0xa0 Sd2Card.o
                0x00002446                _ZN7Sd2Card11cardCommandEhm
 .text._ZN7Sd2Card4initEhh
                0x000024e6      0x1ce Sd2Card.o
                0x000024e6                _ZN7Sd2Card4initEhh
 .text._ZN7Sd2Card14waitStartBlockEv
                0x000026b4       0x4c Sd2Card.o
                0x000026b4                _ZN7Sd2Card14waitStartBlockEv
 .text._ZN7Sd2Card8readDataEmjjPh
                0x00002700      0x11a Sd2Card.o
                0x00002700                _ZN7Sd2Card8readDataEmjjPh
 .text._ZN7Sd2Card9readBlockEmPh
                0x0000281a       0x20 Sd2Card.o
                0x0000281a                _ZN7Sd2Card9readBlockEmPh
 .text._ZN7Sd2Card9writeDataEhPKh
                0x0000283a       0x6a Sd2Card.o
                0x0000283a                _ZN7Sd2Card9writeDataEhPKh
 .text._ZN7Sd2Card10writeBlockEmPKhh
                0x000028a4       0xbc Sd2Card.o
                0x000028a4                _ZN7Sd2Card10writeBlockEmPKhh
 .text._ZN7Sd2Card6isBusyEv
                0x00002960       0x28 Sd2Card.o
                0x00002960                _ZN7Sd2Card6isBusyEv
 .text._GLOBAL__sub_I__ZN7Sd2Card11cardCommandEhm
                0x00002988        0xe Sd2Card.o
 .text._ZN6SdFile10addClusterEv
                0x00002996       0x54 SdFile.o
                0x00002996                _ZN6SdFile10addClusterEv
 .text._ZN6SdFile13addDirClusterEv
                0x000029ea       0xd2 SdFile.o
                0x000029ea                _ZN6SdFile13addDirClusterEv
 .text._ZN6SdFile13cacheDirEntryEh
                0x00002abc       0x32 SdFile.o
                0x00002abc                _ZN6SdFile13cacheDirEntryEh
 .text._ZN6SdFile10make83NameEPKcPh
                0x00002aee       0x9e SdFile.o
                0x00002aee                _ZN6SdFile10make83NameEPKcPh
 .text._ZN6SdFile8openRootEP8SdVolume
                0x00002b8c       0xba SdFile.o
                0x00002b8c                _ZN6SdFile8openRootEP8SdVolume
 .text._ZN6SdFile4readEPvj
                0x00002c46      0x29e SdFile.o
                0x00002c46                _ZN6SdFile4readEPvj
 .text._ZN6SdFile12readDirCacheEv
                0x00002ee4       0x96 SdFile.o
                0x00002ee4                _ZN6SdFile12readDirCacheEv
 .text._ZN6SdFile7seekSetEm
                0x00002f7a      0x142 SdFile.o
                0x00002f7a                _ZN6SdFile7seekSetEm
 .text._ZN6SdFile4syncEh
                0x000030bc       0xa6 SdFile.o
                0x000030bc                _ZN6SdFile4syncEh
 .text._ZN6SdFile5closeEv
                0x00003162       0x1a SdFile.o
                0x00003162                _ZN6SdFile5closeEv
 .text._ZN6SdFile17availableForWriteEv
                0x0000317c       0xca SdFile.o
                0x0000317c                _ZN6SdFile17availableForWriteEv
 .text._ZN6SdFile8truncateEm
                0x00003246      0x1a2 SdFile.o
                0x00003246                _ZN6SdFile8truncateEm
 .text._ZN6SdFile15openCachedEntryEhh
                0x000033e8       0xdc SdFile.o
                0x000033e8                _ZN6SdFile15openCachedEntryEhh
 .text._ZN6SdFile4openEPS_PKch
                0x000034c4      0x1ea SdFile.o
                0x000034c4                _ZN6SdFile4openEPS_PKch
 .text._ZN6SdFile6removeEv
                0x000036ae       0x38 SdFile.o
                0x000036ae                _ZN6SdFile6removeEv
 .text._ZN6SdFile6removeEPS_PKc
                0x000036e6       0x4e SdFile.o
                0x000036e6                _ZN6SdFile6removeEPS_PKc
 .text._ZN6SdFile5writeEPKvj
                0x00003734      0x37c SdFile.o
                0x00003734                _ZN6SdFile5writeEPKvj
 .text._ZN6SdFile5writeEh
                0x00003ab0       0x22 SdFile.o
                0x00003ab0                _ZN6SdFile5writeEh
 .text._ZN8SdVolume21cacheMirrorBlockFlushEh
                0x00003ad2       0x4c SdVolume.o
                0x00003ad2                _ZN8SdVolume21cacheMirrorBlockFlushEh
 .text._ZN8SdVolume10cacheFlushEh
                0x00003b1e       0x56 SdVolume.o
                0x00003b1e                _ZN8SdVolume10cacheFlushEh
 .text._ZN8SdVolume13cacheRawBlockEmh
                0x00003b74       0x74 SdVolume.o
                0x00003b74                _ZN8SdVolume13cacheRawBlockEmh
 .text._ZN8SdVolume14cacheZeroBlockEm
                0x00003be8       0x54 SdVolume.o
                0x00003be8                _ZN8SdVolume14cacheZeroBlockEm
 .text._ZNK8SdVolume6fatGetEmPm
                0x00003c3c      0x116 SdVolume.o
                0x00003c3c                _ZNK8SdVolume6fatGetEmPm
 .text._ZNK8SdVolume9chainSizeEmPm
                0x00003d52       0xbc SdVolume.o
                0x00003d52                _ZNK8SdVolume9chainSizeEmPm
 .text._ZN8SdVolume6fatPutEmm
                0x00003e0e      0x196 SdVolume.o
                0x00003e0e                _ZN8SdVolume6fatPutEmm
 .text._ZN8SdVolume15allocContiguousEmPm
                0x00003fa4      0x228 SdVolume.o
                0x00003fa4                _ZN8SdVolume15allocContiguousEmPm
 .text._ZN8SdVolume9freeChainEm
                0x000041cc       0xac SdVolume.o
                0x000041cc                _ZN8SdVolume9freeChainEm
 .text._ZN8SdVolume4initEP7Sd2Cardh
                0x00004278      0x2c2 SdVolume.o
                0x00004278                _ZN8SdVolume4initEP7Sd2Cardh
 .text._ZN9LCDScreenC2Eh
                0x0000453a       0x12 LCDScreen.o
                0x0000453a                _ZN9LCDScreenC2Eh
                0x0000453a                _ZN9LCDScreenC1Eh
 .text._ZN9LCDScreen13expanderWriteEh
                0x0000454c       0x34 LCDScreen.o
                0x0000454c                _ZN9LCDScreen13expanderWriteEh
 .text._ZN9LCDScreen11pulseEnableEh
                0x00004580       0x32 LCDScreen.o
                0x00004580                _ZN9LCDScreen11pulseEnableEh
 .text._ZN9LCDScreen10write4bitsEh
                0x000045b2       0x1e LCDScreen.o
                0x000045b2                _ZN9LCDScreen10write4bitsEh
 .text._ZN9LCDScreen4sendEhh
                0x000045d0       0x3a LCDScreen.o
                0x000045d0                _ZN9LCDScreen4sendEhh
 .text._ZN9LCDScreen5clearEv
                0x0000460a       0x12 LCDScreen.o
                0x0000460a                _ZN9LCDScreen5clearEv
 .text._ZN9LCDScreen4homeEv
                0x0000461c       0x12 LCDScreen.o
                0x0000461c                _ZN9LCDScreen4homeEv
 .text._ZN9LCDScreen9setCursorEhh
                0x0000462e       0x62 LCDScreen.o
                0x0000462e                _ZN9LCDScreen9setCursorEhh
 .text._ZN9LCDScreen7displayEv
                0x00004690       0x14 LCDScreen.o
                0x00004690                _ZN9LCDScreen7displayEv
 .text._ZN9LCDScreen5writeEh
                0x000046a4        0xc LCDScreen.o
                0x000046a4                _ZN9LCDScreen5writeEh
 .text._ZN9LCDScreen5beginEv
                0x000046b0       0xa0 LCDScreen.o
                0x000046b0                _ZN9LCDScreen5beginEv
 .text._Z41__static_initialization_and_destruction_0ii
                0x00004750       0x48 main.o
 .text._Z8keyInputv
                0x00004798       0x62 main.o
                0x00004798                _Z8keyInputv
 .text._Z9firstLine6String
                0x000047fa       0x22 main.o
                0x000047fa                _Z9firstLine6String
 .text._Z10clrDisplay6String
                0x0000481c       0x4c main.o
                0x0000481c                _Z10clrDisplay6String
 .text._Z10secondLine6String
                0x00004868       0x22 main.o
                0x00004868                _Z10secondLine6String
 .text._Z12getTrackListv
                0x0000488a      0x126 main.o
                0x0000488a                _Z12getTrackListv
 .text._Z9nextTrackv
                0x000049b0       0xa4 main.o
                0x000049b0                _Z9nextTrackv
 .text._Z13previousTrackv
                0x00004a54       0xa4 main.o
                0x00004a54                _Z13previousTrackv
 .text._Z15checkDuplicatesv
                0x00004af8       0xc0 main.o
                0x00004af8                _Z15checkDuplicatesv
 .text._Z12makeWaveFileN5SDLib4FileE
                0x00004bb8       0x98 main.o
                0x00004bb8                _Z12makeWaveFileN5SDLib4FileE
 .text._Z12finalizeWaveN5SDLib4FileE
                0x00004c50       0xb0 main.o
                0x00004c50                _Z12finalizeWaveN5SDLib4FileE
 .text._Z8convolvev
                0x00004d00      0x3b2 main.o
                0x00004d00                _Z8convolvev
 .text._Z13sig_freqShiftv
                0x000050b2      0x25a main.o
                0x000050b2                _Z13sig_freqShiftv
 .text._Z9analog_ini
                0x0000530c       0x2e main.o
                0x0000530c                _Z9analog_ini
 .text._Z6recordv
                0x0000533a      0x1da main.o
                0x0000533a                _Z6recordv
 .text._Z12checkChangesv
                0x00005514       0x5e main.o
                0x00005514                _Z12checkChangesv
 .text._Z9playTrackv
                0x00005572      0x21e main.o
                0x00005572                _Z9playTrackv
 .text._Z18analogWrite_configv
                0x00005790       0x22 main.o
                0x00005790                _Z18analogWrite_configv
 .text._Z17analogRead_configv
                0x000057b2        0xe main.o
                0x000057b2                _Z17analogRead_configv
 .text.main     0x000057c0      0x3f4 main.o
                0x000057c0                main
 .text._GLOBAL__sub_I_mode
                0x00005bb4        0xe main.o
 .text._GLOBAL__sub_D_mode
                0x00005bc2        0xe main.o
 .text.avr-libc.fplib
                0x00005bd0        0xe c:/program files (x86)/atmel/studio/7.0/toolchain/avr8/avr8-gnu-toolchain/bin/../lib/gcc/avr/5.4.0/../../../../avr/lib/avr5\libm.a(addsf3.o)
                0x00005bd0                __subsf3
                0x00005bd2                __addsf3
 .text.avr-libc.fplib
                0x00005bde       0xcc c:/program files (x86)/atmel/studio/7.0/toolchain/avr8/avr8-gnu-toolchain/bin/../lib/gcc/avr/5.4.0/../../../../avr/lib/avr5\libm.a(addsf3x.o)
                0x00005c00                __addsf3x
 .text.avr-libc.fplib
                0x00005caa        0x8 c:/program files (x86)/atmel/studio/7.0/toolchain/avr8/avr8-gnu-toolchain/bin/../lib/gcc/avr/5.4.0/../../../../avr/lib/avr5\libm.a(divsf3.o)
                0x00005caa                __divsf3
 .text.avr-libc.fplib
                0x00005cb2       0xdc c:/program files (x86)/atmel/studio/7.0/toolchain/avr8/avr8-gnu-toolchain/bin/../lib/gcc/avr/5.4.0/../../../../avr/lib/avr5\libm.a(divsf3x.o)
                0x00005cd2                __divsf3x
                0x00005cd8                __divsf3_pse
 .text.avr-libc.fplib
                0x00005d8e       0x5e c:/program files (x86)/atmel/studio/7.0/toolchain/avr8/avr8-gnu-toolchain/bin/../lib/gcc/avr/5.4.0/../../../../avr/lib/avr5\libm.a(fixunssfsi.o)
                0x00005d8e                __fixunssfsi
 .text.avr-libc.fplib
                0x00005dec       0x7a c:/program files (x86)/atmel/studio/7.0/toolchain/avr8/avr8-gnu-toolchain/bin/../lib/gcc/avr/5.4.0/../../../../avr/lib/avr5\libm.a(floatsisf.o)
                0x00005dec                __floatunsisf
                0x00005df0                __floatsisf
 .text.avr-libc.fplib
                0x00005e66        0xc c:/program files (x86)/atmel/studio/7.0/toolchain/avr8/avr8-gnu-toolchain/bin/../lib/gcc/avr/5.4.0/../../../../avr/lib/avr5\libm.a(fp_inf.o)
                0x00005e66                __fp_inf
 .text.avr-libc.fplib
                0x00005e72        0x6 c:/program files (x86)/atmel/studio/7.0/toolchain/avr8/avr8-gnu-toolchain/bin/../lib/gcc/avr/5.4.0/../../../../avr/lib/avr5\libm.a(fp_nan.o)
                0x00005e72                __fp_nan
 .text.avr-libc.fplib
                0x00005e78        0xe c:/program files (x86)/atmel/studio/7.0/toolchain/avr8/avr8-gnu-toolchain/bin/../lib/gcc/avr/5.4.0/../../../../avr/lib/avr5\libm.a(fp_pscA.o)
                0x00005e78                __fp_pscA
 .text.avr-libc.fplib
                0x00005e86        0xe c:/program files (x86)/atmel/studio/7.0/toolchain/avr8/avr8-gnu-toolchain/bin/../lib/gcc/avr/5.4.0/../../../../avr/lib/avr5\libm.a(fp_pscB.o)
                0x00005e86                __fp_pscB
 .text.avr-libc.fplib
                0x00005e94       0x22 c:/program files (x86)/atmel/studio/7.0/toolchain/avr8/avr8-gnu-toolchain/bin/../lib/gcc/avr/5.4.0/../../../../avr/lib/avr5\libm.a(fp_round.o)
                0x00005e94                __fp_round
 .text.avr-libc.fplib
                0x00005eb6       0x44 c:/program files (x86)/atmel/studio/7.0/toolchain/avr8/avr8-gnu-toolchain/bin/../lib/gcc/avr/5.4.0/../../../../avr/lib/avr5\libm.a(fp_split3.o)
                0x00005eb6                __fp_split3
                0x00005ec6                __fp_splitA
 .text.avr-libc.fplib
                0x00005efa        0xe c:/program files (x86)/atmel/studio/7.0/toolchain/avr8/avr8-gnu-toolchain/bin/../lib/gcc/avr/5.4.0/../../../../avr/lib/avr5\libm.a(fp_zero.o)
                0x00005efa                __fp_zero
                0x00005efc                __fp_szero
 .text.avr-libc.fplib
                0x00005f08        0x8 c:/program files (x86)/atmel/studio/7.0/toolchain/avr8/avr8-gnu-toolchain/bin/../lib/gcc/avr/5.4.0/../../../../avr/lib/avr5\libm.a(mulsf3.o)
                0x00005f08                __mulsf3
 .text.avr-libc.fplib
                0x00005f10       0xd2 c:/program files (x86)/atmel/studio/7.0/toolchain/avr8/avr8-gnu-toolchain/bin/../lib/gcc/avr/5.4.0/../../../../avr/lib/avr5\libm.a(mulsf3x.o)
                0x00005f2e                __mulsf3x
                0x00005f34                __mulsf3_pse
 .text.libgcc.div
                0x00005fe2       0x28 c:/program files (x86)/atmel/studio/7.0/toolchain/avr8/avr8-gnu-toolchain/bin/../lib/gcc/avr/5.4.0/avr5\libgcc.a(_divmodhi4.o)
                0x00005fe2                _div
                0x00005fe2                __divmodhi4
 .text.libgcc.div
                0x0000600a       0x44 c:/program files (x86)/atmel/studio/7.0/toolchain/avr8/avr8-gnu-toolchain/bin/../lib/gcc/avr/5.4.0/avr5\libgcc.a(_udivmodsi4.o)
                0x0000600a                __udivmodsi4
 .text.libgcc   0x0000604e        0xc c:/program files (x86)/atmel/studio/7.0/toolchain/avr8/avr8-gnu-toolchain/bin/../lib/gcc/avr/5.4.0/avr5\libgcc.a(_tablejump2.o)
                0x0000604e                __tablejump2__
 .text.libgcc.mul
                0x0000605a       0x16 c:/program files (x86)/atmel/studio/7.0/toolchain/avr8/avr8-gnu-toolchain/bin/../lib/gcc/avr/5.4.0/avr5\libgcc.a(_muluhisi3.o)
                0x0000605a                __muluhisi3
 .text.libgcc.div
                0x00006070       0x28 c:/program files (x86)/atmel/studio/7.0/toolchain/avr8/avr8-gnu-toolchain/bin/../lib/gcc/avr/5.4.0/avr5\libgcc.a(_udivmodhi4.o)
                0x00006070                __udivmodhi4
 .text.libgcc.mul
                0x00006098       0x1e c:/program files (x86)/atmel/studio/7.0/toolchain/avr8/avr8-gnu-toolchain/bin/../lib/gcc/avr/5.4.0/avr5\libgcc.a(_umulhisi3.o)
                0x00006098                __umulhisi3
 .text.avr-libc
                0x000060b6      0x242 c:/program files (x86)/atmel/studio/7.0/toolchain/avr8/avr8-gnu-toolchain/bin/../lib/gcc/avr/5.4.0/../../../../avr/lib/avr5\libc.a(malloc.o)
                0x000060b6                malloc
                0x000061e6                free
 .text.avr-libc
                0x000062f8      0x18c c:/program files (x86)/atmel/studio/7.0/toolchain/avr8/avr8-gnu-toolchain/bin/../lib/gcc/avr/5.4.0/../../../../avr/lib/avr5\libc.a(realloc.o)
                0x000062f8                realloc
 .text.avr-libc
                0x00006484        0xa c:/program files (x86)/atmel/studio/7.0/toolchain/avr8/avr8-gnu-toolchain/bin/../lib/gcc/avr/5.4.0/../../../../avr/lib/avr5\libc.a(abort.o)
                0x00006484                abort
 .text.avr-libc
                0x0000648e       0x1a c:/program files (x86)/atmel/studio/7.0/toolchain/avr8/avr8-gnu-toolchain/bin/../lib/gcc/avr/5.4.0/../../../../avr/lib/avr5\libc.a(memcmp.o)
                0x0000648e                memcmp
 .text.avr-libc
                0x000064a8       0x12 c:/program files (x86)/atmel/studio/7.0/toolchain/avr8/avr8-gnu-toolchain/bin/../lib/gcc/avr/5.4.0/../../../../avr/lib/avr5\libc.a(memcpy.o)
                0x000064a8                memcpy
 .text.avr-libc
                0x000064ba       0x16 c:/program files (x86)/atmel/studio/7.0/toolchain/avr8/avr8-gnu-toolchain/bin/../lib/gcc/avr/5.4.0/../../../../avr/lib/avr5\libc.a(strchr.o)
                0x000064ba                strchr
 .text.avr-libc
                0x000064d0        0xe c:/program files (x86)/atmel/studio/7.0/toolchain/avr8/avr8-gnu-toolchain/bin/../lib/gcc/avr/5.4.0/../../../../avr/lib/avr5\libc.a(strcpy.o)
                0x000064d0                strcpy
 .text.avr-libc
                0x000064de       0x1e c:/program files (x86)/atmel/studio/7.0/toolchain/avr8/avr8-gnu-toolchain/bin/../lib/gcc/avr/5.4.0/../../../../avr/lib/avr5\libc.a(strncpy.o)
                0x000064de                strncpy
 .text.libgcc.prologue
                0x000064fc       0x38 c:/program files (x86)/atmel/studio/7.0/toolchain/avr8/avr8-gnu-toolchain/bin/../lib/gcc/avr/5.4.0/avr5\libgcc.a(_prologue.o)
                0x000064fc                __prologue_saves__
 .text.libgcc.prologue
                0x00006534       0x36 c:/program files (x86)/atmel/studio/7.0/toolchain/avr8/avr8-gnu-toolchain/bin/../lib/gcc/avr/5.4.0/avr5\libgcc.a(_epilogue.o)
                0x00006534                __epilogue_restores__
                0x0000656a                . = ALIGN (0x2)
 *(.fini9)
 .fini9         0x0000656a        0x0 c:/program files (x86)/atmel/studio/7.0/toolchain/avr8/avr8-gnu-toolchain/bin/../lib/gcc/avr/5.4.0/avr5\libgcc.a(_exit.o)
                0x0000656a                _exit
                0x0000656a                exit
 *(.fini9)
 *(.fini8)
 *(.fini8)
 *(.fini7)
 *(.fini7)
 *(.fini6)
 .fini6         0x0000656a       0x16 c:/program files (x86)/atmel/studio/7.0/toolchain/avr8/avr8-gnu-toolchain/bin/../lib/gcc/avr/5.4.0/avr5\libgcc.a(_dtors.o)
                0x0000656a                __do_global_dtors
 *(.fini6)
 *(.fini5)
 *(.fini5)
 *(.fini4)
 *(.fini4)
 *(.fini3)
 *(.fini3)
 *(.fini2)
 *(.fini2)
 *(.fini1)
 *(.fini1)
 *(.fini0)
 .fini0         0x00006580        0x4 c:/program files (x86)/atmel/studio/7.0/toolchain/avr8/avr8-gnu-toolchain/bin/../lib/gcc/avr/5.4.0/avr5\libgcc.a(_exit.o)
 *(.fini0)
                0x00006584                _etext = .

.data           0x00800100      0x170 load address 0x00006584
                0x00800100                PROVIDE (__data_start, .)
 *(.data)
 .data          0x00800100        0x6 c:/program files (x86)/atmel/studio/7.0/toolchain/avr8/avr8-gnu-toolchain/bin/../lib/gcc/avr/5.4.0/../../../../avr/lib/avr5\libc.a(malloc.o)
                0x00800100                __malloc_heap_end
                0x00800102                __malloc_heap_start
                0x00800104                __malloc_margin
 *(.data*)
 .data._ZL9tone_pins
                0x00800106        0x1 Tone.o
 .data.intFunc  0x00800107        0x4 WInterrupts.o
 .data._ZN8SdVolume17cacheBlockNumber_E
                0x0080010b        0x4 SdVolume.o
                0x0080010b                _ZN8SdVolume17cacheBlockNumber_E
 .data.freqScal
                0x0080010f        0x1 main.o
                0x0080010f                freqScal
 .data.mode_    0x00800110        0x1 main.o
                0x00800110                mode_
 .data.mode     0x00800111        0x1 main.o
                0x00800111                mode
 *(.gnu.linkonce.d*)
 *(.rodata)
 .rodata        0x00800112        0x8 LCDScreen.o
 .rodata        0x0080011a       0x52 main.o
 *(.rodata*)
 .rodata._ZTV14HardwareSerial
                0x0080016c       0x12 HardwareSerial.o
                0x0080016c                _ZTV14HardwareSerial
 .rodata._ZTV9IPAddress
                0x0080017e        0x6 IPAddress.o
                0x0080017e                _ZTV9IPAddress
 .rodata._ZTV5Print
                0x00800184        0xc Print.o
                0x00800184                _ZTV5Print
 .rodata._ZTV7TwoWire
                0x00800190       0x12 Wire.o
                0x00800190                _ZTV7TwoWire
 .rodata._ZTVN5SDLib4FileE
                0x008001a2       0x12 File.o
                0x008001a2                _ZTVN5SDLib4FileE
 .rodata.str1.1
                0x008001b4        0x2 SD.o
 .rodata._ZTV6SdFile
                0x008001b6        0xc SdFile.o
                0x008001b6                _ZTV6SdFile
 .rodata._ZTV9LCDScreen
                0x008001c2        0xc LCDScreen.o
                0x008001c2                _ZTV9LCDScreen
 .rodata.str1.1
                0x008001ce       0xa1 main.o
                                 0xaa (size before relaxing)
 *(.gnu.linkonce.r*)
                0x00800270                . = ALIGN (0x2)
 *fill*         0x0080026f        0x1 
                0x00800270                _edata = .
                0x00800270                PROVIDE (__data_end, .)

.bss            0x00800270      0x3fc
                0x00800270                PROVIDE (__bss_start, .)
 *(.bss)
 *(.bss*)
 .bss.Serial    0x00800270       0x9d HardwareSerial0.o
                0x00800270                Serial
 .bss._ZL11INADDR_NONE
                0x0080030d        0x6 IPAddress.o
 .bss.timer2_pin_mask
                0x00800313        0x1 Tone.o
                0x00800313                timer2_pin_mask
 .bss.timer2_pin_port
                0x00800314        0x2 Tone.o
                0x00800314                timer2_pin_port
 .bss.timer2_toggle_count
                0x00800316        0x4 Tone.o
                0x00800316                timer2_toggle_count
 .bss.timer0_fract
                0x0080031a        0x1 wiring.o
 .bss.timer0_millis
                0x0080031b        0x4 wiring.o
                0x0080031b                timer0_millis
 .bss.timer0_overflow_count
                0x0080031f        0x4 wiring.o
                0x0080031f                timer0_overflow_count
 .bss._ZZN6StringixEjE19dummy_writable_char
                0x00800323        0x1 WString.o
 .bss._ZN8SPIClass13interruptSaveE
                0x00800324        0x1 SPI.o
                0x00800324                _ZN8SPIClass13interruptSaveE
 .bss._ZN8SPIClass13interruptMaskE
                0x00800325        0x1 SPI.o
                0x00800325                _ZN8SPIClass13interruptMaskE
 .bss._ZN8SPIClass13interruptModeE
                0x00800326        0x1 SPI.o
                0x00800326                _ZN8SPIClass13interruptModeE
 .bss._ZN8SPIClass11initializedE
                0x00800327        0x1 SPI.o
                0x00800327                _ZN8SPIClass11initializedE
 .bss.twi_error
                0x00800328        0x1 twi.o
 .bss.twi_rxBufferIndex
                0x00800329        0x1 twi.o
 .bss.twi_rxBuffer
                0x0080032a       0x20 twi.o
 .bss.twi_txBufferLength
                0x0080034a        0x1 twi.o
 .bss.twi_txBufferIndex
                0x0080034b        0x1 twi.o
 .bss.twi_txBuffer
                0x0080034c       0x20 twi.o
 .bss.twi_masterBufferLength
                0x0080036c        0x1 twi.o
 .bss.twi_masterBufferIndex
                0x0080036d        0x1 twi.o
 .bss.twi_masterBuffer
                0x0080036e       0x20 twi.o
 .bss.twi_onSlaveReceive
                0x0080038e        0x2 twi.o
 .bss.twi_onSlaveTransmit
                0x00800390        0x2 twi.o
 .bss.twi_do_reset_on_timeout
                0x00800392        0x1 twi.o
 .bss.twi_timed_out_flag
                0x00800393        0x1 twi.o
 .bss.twi_timeout_us
                0x00800394        0x4 twi.o
 .bss.twi_inRepStart
                0x00800398        0x1 twi.o
 .bss.twi_sendStop
                0x00800399        0x1 twi.o
 .bss.twi_slarw
                0x0080039a        0x1 twi.o
 .bss.twi_state
                0x0080039b        0x1 twi.o
 .bss.Wire      0x0080039c        0xc Wire.o
                0x0080039c                Wire
 .bss._ZN7TwoWire14user_onReceiveE
                0x008003a8        0x2 Wire.o
                0x008003a8                _ZN7TwoWire14user_onReceiveE
 .bss._ZN7TwoWire14user_onRequestE
                0x008003aa        0x2 Wire.o
                0x008003aa                _ZN7TwoWire14user_onRequestE
 .bss._ZN7TwoWire12transmittingE
                0x008003ac        0x1 Wire.o
                0x008003ac                _ZN7TwoWire12transmittingE
 .bss._ZN7TwoWire14txBufferLengthE
                0x008003ad        0x1 Wire.o
                0x008003ad                _ZN7TwoWire14txBufferLengthE
 .bss._ZN7TwoWire13txBufferIndexE
                0x008003ae        0x1 Wire.o
                0x008003ae                _ZN7TwoWire13txBufferIndexE
 .bss._ZN7TwoWire8txBufferE
                0x008003af       0x20 Wire.o
                0x008003af                _ZN7TwoWire8txBufferE
 .bss._ZN7TwoWire9txAddressE
                0x008003cf        0x1 Wire.o
                0x008003cf                _ZN7TwoWire9txAddressE
 .bss._ZN7TwoWire14rxBufferLengthE
                0x008003d0        0x1 Wire.o
                0x008003d0                _ZN7TwoWire14rxBufferLengthE
 .bss._ZN7TwoWire13rxBufferIndexE
                0x008003d1        0x1 Wire.o
                0x008003d1                _ZN7TwoWire13rxBufferIndexE
 .bss._ZN7TwoWire8rxBufferE
                0x008003d2       0x20 Wire.o
                0x008003d2                _ZN7TwoWire8rxBufferE
 .bss._ZN5SDLib2SDE
                0x008003f2       0x49 SD.o
                0x008003f2                _ZN5SDLib2SDE
 .bss._ZL20chip_select_asserted
                0x0080043b        0x1 Sd2Card.o
 .bss._ZL8settings
                0x0080043c        0x2 Sd2Card.o
 .bss._ZN6SdFile9dateTime_E
                0x0080043e        0x2 SdFile.o
                0x0080043e                _ZN6SdFile9dateTime_E
 .bss._ZN8SdVolume17cacheMirrorBlock_E
                0x00800440        0x4 SdVolume.o
                0x00800440                _ZN8SdVolume17cacheMirrorBlock_E
 .bss._ZN8SdVolume11cacheDirty_E
                0x00800444        0x1 SdVolume.o
                0x00800444                _ZN8SdVolume11cacheDirty_E
 .bss._ZN8SdVolume7sdCard_E
                0x00800445        0x2 SdVolume.o
                0x00800445                _ZN8SdVolume7sdCard_E
 .bss._ZN8SdVolume12cacheBuffer_E
                0x00800447      0x200 SdVolume.o
                0x00800447                _ZN8SdVolume12cacheBuffer_E
 .bss.lcd       0x00800647        0x8 main.o
                0x00800647                lcd
 .bss.fname_temp
                0x0080064f        0x6 main.o
                0x0080064f                fname_temp
 .bss.fcount    0x00800655        0x1 main.o
                0x00800655                fcount
 .bss.files     0x00800656        0x1 main.o
                0x00800656                files
 .bss.tracks    0x00800657        0xf main.o
                0x00800657                tracks
 .bss.enhance   0x00800666        0x1 main.o
                0x00800666                enhance
 .bss.shift     0x00800667        0x1 main.o
                0x00800667                shift
 *(COMMON)
 COMMON         0x00800668        0x4 c:/program files (x86)/atmel/studio/7.0/toolchain/avr8/avr8-gnu-toolchain/bin/../lib/gcc/avr/5.4.0/../../../../avr/lib/avr5\libc.a(malloc.o)
                0x00800668                __brkval
                0x0080066a                __flp
                0x0080066c                PROVIDE (__bss_end, .)
                0x00006584                __data_load_start = LOADADDR (.data)
                0x000066f4                __data_load_end = (__data_load_start + SIZEOF (.data))

.noinit         0x0080066c        0x0
                [!provide]                PROVIDE (__noinit_start, .)
 *(.noinit*)
                [!provide]                PROVIDE (__noinit_end, .)
                0x0080066c                _end = .
                0x0080066c                PROVIDE (__heap_start, .)

.eeprom         0x00810000        0x0
 *(.eeprom*)
                0x00810000                __eeprom_end = .

.fuse
 *(.fuse)
 *(.lfuse)
 *(.hfuse)
 *(.efuse)

.lock
 *(.lock*)

.signature
 *(.signature*)

.user_signatures
 *(.user_signatures*)

.stab
 *(.stab)

.stabstr
 *(.stabstr)

.stab.excl
 *(.stab.excl)

.stab.exclstr
 *(.stab.exclstr)

.stab.index
 *(.stab.index)

.stab.indexstr
 *(.stab.indexstr)

.comment        0x00000000       0x30
 *(.comment)
 .comment       0x00000000       0x30 abi.o
                                 0x31 (size before relaxing)
 .comment       0x00000030       0x31 HardwareSerial.o
 .comment       0x00000030       0x31 HardwareSerial0.o
 .comment       0x00000030       0x31 hooks.o
 .comment       0x00000030       0x31 IPAddress.o
 .comment       0x00000030       0x31 Print.o
 .comment       0x00000030       0x31 Tone.o
 .comment       0x00000030       0x31 WInterrupts.o
 .comment       0x00000030       0x31 wiring.o
 .comment       0x00000030       0x31 wiring_digital.o
 .comment       0x00000030       0x31 WString.o
 .comment       0x00000030       0x31 SPI.o
 .comment       0x00000030       0x31 twi.o
 .comment       0x00000030       0x31 Wire.o
 .comment       0x00000030       0x31 File.o
 .comment       0x00000030       0x31 SD.o
 .comment       0x00000030       0x31 Sd2Card.o
 .comment       0x00000030       0x31 SdFile.o
 .comment       0x00000030       0x31 SdVolume.o
 .comment       0x00000030       0x31 LCDScreen.o
 .comment       0x00000030       0x31 main.o
 .comment       0x00000030       0x31 c:/program files (x86)/atmel/studio/7.0/toolchain/avr8/avr8-gnu-toolchain/bin/../lib/gcc/avr/5.4.0/../../../../avr/lib/avr5\libc.a(malloc.o)
 .comment       0x00000030       0x31 c:/program files (x86)/atmel/studio/7.0/toolchain/avr8/avr8-gnu-toolchain/bin/../lib/gcc/avr/5.4.0/../../../../avr/lib/avr5\libc.a(realloc.o)

.note.gnu.avr.deviceinfo
                0x00000000       0x40
 .note.gnu.avr.deviceinfo
                0x00000000       0x40 C:/Program Files (x86)/Atmel/Studio/7.0/Packs/atmel/ATmega_DFP/1.6.364/gcc/dev/atmega328p/avr5/crtatmega328p.o

.note.gnu.build-id
 *(.note.gnu.build-id)

.debug
 *(.debug)

.line
 *(.line)

.debug_srcinfo
 *(.debug_srcinfo)

.debug_sfnames
 *(.debug_sfnames)

.debug_aranges  0x00000000      0xd50
 *(.debug_aranges)
 .debug_aranges
                0x00000000       0x28 abi.o
 .debug_aranges
                0x00000028       0x68 HardwareSerial.o
 .debug_aranges
                0x00000090       0x50 HardwareSerial0.o
 .debug_aranges
                0x000000e0       0x20 hooks.o
 .debug_aranges
                0x00000100       0x70 IPAddress.o
 .debug_aranges
                0x00000170       0xf8 Print.o
 .debug_aranges
                0x00000268       0x40 Tone.o
 .debug_aranges
                0x000002a8       0x40 WInterrupts.o
 .debug_aranges
                0x000002e8       0x48 wiring.o
 .debug_aranges
                0x00000330       0x38 wiring_digital.o
 .debug_aranges
                0x00000368      0x2b8 WString.o
 .debug_aranges
                0x00000620       0x38 SPI.o
 .debug_aranges
                0x00000658       0x98 twi.o
 .debug_aranges
                0x000006f0      0x118 Wire.o
 .debug_aranges
                0x00000808       0xb0 File.o
 .debug_aranges
                0x000008b8       0xb0 SD.o
 .debug_aranges
                0x00000968       0xe8 Sd2Card.o
 .debug_aranges
                0x00000a50      0x140 SdFile.o
 .debug_aranges
                0x00000b90       0x68 SdVolume.o
 .debug_aranges
                0x00000bf8       0x80 LCDScreen.o
 .debug_aranges
                0x00000c78       0xd8 main.o

.debug_pubnames
 *(.debug_pubnames)

.debug_info     0x00000000    0x2ada6
 *(.debug_info .gnu.linkonce.wi.*)
 .debug_info    0x00000000      0x5f4 C:/Program Files (x86)/Atmel/Studio/7.0/Packs/atmel/ATmega_DFP/1.6.364/gcc/dev/atmega328p/avr5/crtatmega328p.o
 .debug_info    0x000005f4       0x94 abi.o
 .debug_info    0x00000688     0x1ea9 HardwareSerial.o
 .debug_info    0x00002531     0x1b26 HardwareSerial0.o
 .debug_info    0x00004057       0x3e hooks.o
 .debug_info    0x00004095     0x1b0c IPAddress.o
 .debug_info    0x00005ba1     0x27ac Print.o
 .debug_info    0x0000834d      0x6c3 Tone.o
 .debug_info    0x00008a10      0x21c WInterrupts.o
 .debug_info    0x00008c2c      0x2c9 wiring.o
 .debug_info    0x00008ef5      0x5db wiring_digital.o
 .debug_info    0x000094d0     0x42ae WString.o
 .debug_info    0x0000d77e      0x66b SPI.o
 .debug_info    0x0000dde9      0x931 twi.o
 .debug_info    0x0000e71a     0x2929 Wire.o
 .debug_info    0x00011043     0x2cc8 File.o
 .debug_info    0x00013d0b     0x4ed9 SD.o
 .debug_info    0x00018be4     0x3229 Sd2Card.o
 .debug_info    0x0001be0d     0x52e4 SdFile.o
 .debug_info    0x000210f1     0x2684 SdVolume.o
 .debug_info    0x00023775      0xced LCDScreen.o
 .debug_info    0x00024462     0x6944 main.o

.debug_abbrev   0x00000000     0x551e
 *(.debug_abbrev)
 .debug_abbrev  0x00000000      0x5a2 C:/Program Files (x86)/Atmel/Studio/7.0/Packs/atmel/ATmega_DFP/1.6.364/gcc/dev/atmega328p/avr5/crtatmega328p.o
 .debug_abbrev  0x000005a2       0x64 abi.o
 .debug_abbrev  0x00000606      0x441 HardwareSerial.o
 .debug_abbrev  0x00000a47      0x3cd HardwareSerial0.o
 .debug_abbrev  0x00000e14       0x2a hooks.o
 .debug_abbrev  0x00000e3e      0x428 IPAddress.o
 .debug_abbrev  0x00001266      0x3db Print.o
 .debug_abbrev  0x00001641      0x207 Tone.o
 .debug_abbrev  0x00001848       0xfc WInterrupts.o
 .debug_abbrev  0x00001944      0x146 wiring.o
 .debug_abbrev  0x00001a8a      0x149 wiring_digital.o
 .debug_abbrev  0x00001bd3      0x489 WString.o
 .debug_abbrev  0x0000205c      0x283 SPI.o
 .debug_abbrev  0x000022df      0x2a8 twi.o
 .debug_abbrev  0x00002587      0x503 Wire.o
 .debug_abbrev  0x00002a8a      0x55c File.o
 .debug_abbrev  0x00002fe6      0x7a2 SD.o
 .debug_abbrev  0x00003788      0x58c Sd2Card.o
 .debug_abbrev  0x00003d14      0x78f SdFile.o
 .debug_abbrev  0x000044a3      0x50d SdVolume.o
 .debug_abbrev  0x000049b0      0x30e LCDScreen.o
 .debug_abbrev  0x00004cbe      0x860 main.o

.debug_line     0x00000000     0x9f18
 *(.debug_line .debug_line.* .debug_line_end)
 .debug_line    0x00000000      0x134 C:/Program Files (x86)/Atmel/Studio/7.0/Packs/atmel/ATmega_DFP/1.6.364/gcc/dev/atmega328p/avr5/crtatmega328p.o
 .debug_line    0x00000134      0x10d abi.o
 .debug_line    0x00000241      0x627 HardwareSerial.o
 .debug_line    0x00000868      0x35a HardwareSerial0.o
 .debug_line    0x00000bc2       0x8f hooks.o
 .debug_line    0x00000c51      0x449 IPAddress.o
 .debug_line    0x0000109a      0x7b0 Print.o
 .debug_line    0x0000184a      0x4f2 Tone.o
 .debug_line    0x00001d3c      0x24b WInterrupts.o
 .debug_line    0x00001f87      0x350 wiring.o
 .debug_line    0x000022d7      0x2cf wiring_digital.o
 .debug_line    0x000025a6     0x1528 WString.o
 .debug_line    0x00003ace      0x3b4 SPI.o
 .debug_line    0x00003e82      0x85f twi.o
 .debug_line    0x000046e1      0x764 Wire.o
 .debug_line    0x00004e45      0x6a8 File.o
 .debug_line    0x000054ed      0x997 SD.o
 .debug_line    0x00005e84      0xe0f Sd2Card.o
 .debug_line    0x00006c93     0x171a SdFile.o
 .debug_line    0x000083ad      0x71b SdVolume.o
 .debug_line    0x00008ac8      0x4a7 LCDScreen.o
 .debug_line    0x00008f6f      0xfa9 main.o

.debug_frame    0x00000000     0x30d8
 *(.debug_frame)
 .debug_frame   0x00000000       0x34 abi.o
 .debug_frame   0x00000034      0x108 HardwareSerial.o
 .debug_frame   0x0000013c       0xfc HardwareSerial0.o
 .debug_frame   0x00000238       0x24 hooks.o
 .debug_frame   0x0000025c      0x108 IPAddress.o
 .debug_frame   0x00000364      0x3b0 Print.o
 .debug_frame   0x00000714      0x10c Tone.o
 .debug_frame   0x00000820       0xf4 WInterrupts.o
 .debug_frame   0x00000914       0xe4 wiring.o
 .debug_frame   0x000009f8       0x7c wiring_digital.o
 .debug_frame   0x00000a74      0xa48 WString.o
 .debug_frame   0x000014bc       0x5c SPI.o
 .debug_frame   0x00001518      0x218 twi.o
 .debug_frame   0x00001730      0x2b8 Wire.o
 .debug_frame   0x000019e8      0x1e0 File.o
 .debug_frame   0x00001bc8      0x2e4 SD.o
 .debug_frame   0x00001eac      0x3dc Sd2Card.o
 .debug_frame   0x00002288      0x700 SdFile.o
 .debug_frame   0x00002988      0x2ac SdVolume.o
 .debug_frame   0x00002c34      0x144 LCDScreen.o
 .debug_frame   0x00002d78      0x360 main.o

.debug_str      0x00000000     0x6b86
 *(.debug_str)
 .debug_str     0x00000000      0x208 C:/Program Files (x86)/Atmel/Studio/7.0/Packs/atmel/ATmega_DFP/1.6.364/gcc/dev/atmega328p/avr5/crtatmega328p.o
 .debug_str     0x00000208      0x1e7 abi.o
                                0x1fd (size before relaxing)
 .debug_str     0x000003ef     0x143a HardwareSerial.o
                               0x1661 (size before relaxing)
 .debug_str     0x00001829      0x118 HardwareSerial0.o
                               0x1454 (size before relaxing)
 .debug_str     0x00001941      0x115 hooks.o
                                0x182 (size before relaxing)
 .debug_str     0x00001a56      0x3e7 IPAddress.o
                               0x1254 (size before relaxing)
 .debug_str     0x00001e3d      0x3ff Print.o
                               0x128e (size before relaxing)
 .debug_str     0x0000223c      0x1fe Tone.o
                                0x487 (size before relaxing)
 .debug_str     0x0000243a       0xd6 WInterrupts.o
                                0x27a (size before relaxing)
 .debug_str     0x00002510       0xd3 wiring.o
                                0x28d (size before relaxing)
 .debug_str     0x000025e3       0xbe wiring_digital.o
                                0x2f2 (size before relaxing)
 .debug_str     0x000026a1      0x439 WString.o
                               0x11e1 (size before relaxing)
 .debug_str     0x00002ada      0x3eb SPI.o
                                0x6f4 (size before relaxing)
 .debug_str     0x00002ec5      0x32d twi.o
                                0x537 (size before relaxing)
 .debug_str     0x000031f2      0x604 Wire.o
                               0x19ec (size before relaxing)
 .debug_str     0x000037f6      0xac8 File.o
                               0x1e3a (size before relaxing)
 .debug_str     0x000042be     0x17a5 SD.o
                               0x2ee8 (size before relaxing)
 .debug_str     0x00005a63      0x154 Sd2Card.o
                               0x1333 (size before relaxing)
 .debug_str     0x00005bb7      0x8d5 SdFile.o
                               0x285d (size before relaxing)
 .debug_str     0x0000648c      0x12f SdVolume.o
                               0x1bdd (size before relaxing)
 .debug_str     0x000065bb      0x24c LCDScreen.o
                                0x5e7 (size before relaxing)
 .debug_str     0x00006807      0x37f main.o
                               0x3321 (size before relaxing)

.debug_loc      0x00000000    0x13787
 *(.debug_loc)
 .debug_loc     0x00000000      0x49a HardwareSerial.o
 .debug_loc     0x0000049a      0x245 HardwareSerial0.o
 .debug_loc     0x000006df      0x45a IPAddress.o
 .debug_loc     0x00000b39     0x198d Print.o
 .debug_loc     0x000024c6      0x9b3 Tone.o
 .debug_loc     0x00002e79      0x235 WInterrupts.o
 .debug_loc     0x000030ae      0x27c wiring.o
 .debug_loc     0x0000332a      0x53c wiring_digital.o
 .debug_loc     0x00003866     0x457e WString.o
 .debug_loc     0x00007de4      0x1e4 SPI.o
 .debug_loc     0x00007fc8      0x7a4 twi.o
 .debug_loc     0x0000876c      0xc31 Wire.o
 .debug_loc     0x0000939d      0x9e8 File.o
 .debug_loc     0x00009d85     0x17a9 SD.o
 .debug_loc     0x0000b52e     0x1f25 Sd2Card.o
 .debug_loc     0x0000d453     0x3616 SdFile.o
 .debug_loc     0x00010a69      0xff5 SdVolume.o
 .debug_loc     0x00011a5e      0x687 LCDScreen.o
 .debug_loc     0x000120e5     0x16a2 main.o

.debug_macinfo
 *(.debug_macinfo)

.debug_weaknames
 *(.debug_weaknames)

.debug_funcnames
 *(.debug_funcnames)

.debug_typenames
 *(.debug_typenames)

.debug_varnames
 *(.debug_varnames)

.debug_pubtypes
 *(.debug_pubtypes)

.debug_ranges   0x00000000      0xe40
 *(.debug_ranges)
 .debug_ranges  0x00000000       0x18 abi.o
 .debug_ranges  0x00000018       0x58 HardwareSerial.o
 .debug_ranges  0x00000070       0x40 HardwareSerial0.o
 .debug_ranges  0x000000b0       0x10 hooks.o
 .debug_ranges  0x000000c0       0x90 IPAddress.o
 .debug_ranges  0x00000150      0x118 Print.o
 .debug_ranges  0x00000268       0x30 Tone.o
 .debug_ranges  0x00000298       0x30 WInterrupts.o
 .debug_ranges  0x000002c8       0x38 wiring.o
 .debug_ranges  0x00000300       0x28 wiring_digital.o
 .debug_ranges  0x00000328      0x2c0 WString.o
 .debug_ranges  0x000005e8       0x28 SPI.o
 .debug_ranges  0x00000610       0x88 twi.o
 .debug_ranges  0x00000698      0x108 Wire.o
 .debug_ranges  0x000007a0       0xa0 File.o
 .debug_ranges  0x00000840       0xb8 SD.o
 .debug_ranges  0x000008f8       0xd8 Sd2Card.o
 .debug_ranges  0x000009d0      0x250 SdFile.o
 .debug_ranges  0x00000c20       0xa0 SdVolume.o
 .debug_ranges  0x00000cc0       0x70 LCDScreen.o
 .debug_ranges  0x00000d30      0x110 main.o

.debug_macro
 *(.debug_macro)
OUTPUT(Voice_Recorder.elf elf32-avr)
LOAD linker stubs
