Archive member included to satisfy reference by file (symbol)

c:/program files (x86)/atmel/studio/7.0/toolchain/avr8/avr8-gnu-toolchain/bin/../lib/gcc/avr/5.4.0/../../../../avr/lib/avr5\libm.a(addsf3.o)
                              Print.o (__subsf3)
c:/program files (x86)/atmel/studio/7.0/toolchain/avr8/avr8-gnu-toolchain/bin/../lib/gcc/avr/5.4.0/../../../../avr/lib/avr5\libm.a(addsf3x.o)
                              c:/program files (x86)/atmel/studio/7.0/toolchain/avr8/avr8-gnu-toolchain/bin/../lib/gcc/avr/5.4.0/../../../../avr/lib/avr5\libm.a(addsf3.o) (__addsf3x)
c:/program files (x86)/atmel/studio/7.0/toolchain/avr8/avr8-gnu-toolchain/bin/../lib/gcc/avr/5.4.0/../../../../avr/lib/avr5\libm.a(cmpsf2.o)
                              Print.o (__ltsf2)
c:/program files (x86)/atmel/studio/7.0/toolchain/avr8/avr8-gnu-toolchain/bin/../lib/gcc/avr/5.4.0/../../../../avr/lib/avr5\libm.a(divsf3.o)
                              Print.o (__divsf3)
c:/program files (x86)/atmel/studio/7.0/toolchain/avr8/avr8-gnu-toolchain/bin/../lib/gcc/avr/5.4.0/../../../../avr/lib/avr5\libm.a(divsf3x.o)
                              c:/program files (x86)/atmel/studio/7.0/toolchain/avr8/avr8-gnu-toolchain/bin/../lib/gcc/avr/5.4.0/../../../../avr/lib/avr5\libm.a(divsf3.o) (__divsf3x)
c:/program files (x86)/atmel/studio/7.0/toolchain/avr8/avr8-gnu-toolchain/bin/../lib/gcc/avr/5.4.0/../../../../avr/lib/avr5\libm.a(fixunssfsi.o)
                              Print.o (__fixunssfsi)
c:/program files (x86)/atmel/studio/7.0/toolchain/avr8/avr8-gnu-toolchain/bin/../lib/gcc/avr/5.4.0/../../../../avr/lib/avr5\libm.a(floatsisf.o)
                              Print.o (__floatunsisf)
c:/program files (x86)/atmel/studio/7.0/toolchain/avr8/avr8-gnu-toolchain/bin/../lib/gcc/avr/5.4.0/../../../../avr/lib/avr5\libm.a(fp_cmp.o)
                              c:/program files (x86)/atmel/studio/7.0/toolchain/avr8/avr8-gnu-toolchain/bin/../lib/gcc/avr/5.4.0/../../../../avr/lib/avr5\libm.a(cmpsf2.o) (__fp_cmp)
c:/program files (x86)/atmel/studio/7.0/toolchain/avr8/avr8-gnu-toolchain/bin/../lib/gcc/avr/5.4.0/../../../../avr/lib/avr5\libm.a(fp_inf.o)
                              c:/program files (x86)/atmel/studio/7.0/toolchain/avr8/avr8-gnu-toolchain/bin/../lib/gcc/avr/5.4.0/../../../../avr/lib/avr5\libm.a(addsf3x.o) (__fp_inf)
c:/program files (x86)/atmel/studio/7.0/toolchain/avr8/avr8-gnu-toolchain/bin/../lib/gcc/avr/5.4.0/../../../../avr/lib/avr5\libm.a(fp_nan.o)
                              c:/program files (x86)/atmel/studio/7.0/toolchain/avr8/avr8-gnu-toolchain/bin/../lib/gcc/avr/5.4.0/../../../../avr/lib/avr5\libm.a(addsf3x.o) (__fp_nan)
c:/program files (x86)/atmel/studio/7.0/toolchain/avr8/avr8-gnu-toolchain/bin/../lib/gcc/avr/5.4.0/../../../../avr/lib/avr5\libm.a(fp_pscA.o)
                              c:/program files (x86)/atmel/studio/7.0/toolchain/avr8/avr8-gnu-toolchain/bin/../lib/gcc/avr/5.4.0/../../../../avr/lib/avr5\libm.a(addsf3x.o) (__fp_pscA)
c:/program files (x86)/atmel/studio/7.0/toolchain/avr8/avr8-gnu-toolchain/bin/../lib/gcc/avr/5.4.0/../../../../avr/lib/avr5\libm.a(fp_pscB.o)
                              c:/program files (x86)/atmel/studio/7.0/toolchain/avr8/avr8-gnu-toolchain/bin/../lib/gcc/avr/5.4.0/../../../../avr/lib/avr5\libm.a(addsf3x.o) (__fp_pscB)
c:/program files (x86)/atmel/studio/7.0/toolchain/avr8/avr8-gnu-toolchain/bin/../lib/gcc/avr/5.4.0/../../../../avr/lib/avr5\libm.a(fp_round.o)
                              c:/program files (x86)/atmel/studio/7.0/toolchain/avr8/avr8-gnu-toolchain/bin/../lib/gcc/avr/5.4.0/../../../../avr/lib/avr5\libm.a(addsf3.o) (__fp_round)
c:/program files (x86)/atmel/studio/7.0/toolchain/avr8/avr8-gnu-toolchain/bin/../lib/gcc/avr/5.4.0/../../../../avr/lib/avr5\libm.a(fp_split3.o)
                              c:/program files (x86)/atmel/studio/7.0/toolchain/avr8/avr8-gnu-toolchain/bin/../lib/gcc/avr/5.4.0/../../../../avr/lib/avr5\libm.a(addsf3x.o) (__fp_split3)
c:/program files (x86)/atmel/studio/7.0/toolchain/avr8/avr8-gnu-toolchain/bin/../lib/gcc/avr/5.4.0/../../../../avr/lib/avr5\libm.a(fp_zero.o)
                              c:/program files (x86)/atmel/studio/7.0/toolchain/avr8/avr8-gnu-toolchain/bin/../lib/gcc/avr/5.4.0/../../../../avr/lib/avr5\libm.a(addsf3x.o) (__fp_zero)
c:/program files (x86)/atmel/studio/7.0/toolchain/avr8/avr8-gnu-toolchain/bin/../lib/gcc/avr/5.4.0/../../../../avr/lib/avr5\libm.a(gesf2.o)
                              Print.o (__gtsf2)
c:/program files (x86)/atmel/studio/7.0/toolchain/avr8/avr8-gnu-toolchain/bin/../lib/gcc/avr/5.4.0/../../../../avr/lib/avr5\libm.a(mulsf3.o)
                              Print.o (__mulsf3)
c:/program files (x86)/atmel/studio/7.0/toolchain/avr8/avr8-gnu-toolchain/bin/../lib/gcc/avr/5.4.0/../../../../avr/lib/avr5\libm.a(mulsf3x.o)
                              c:/program files (x86)/atmel/studio/7.0/toolchain/avr8/avr8-gnu-toolchain/bin/../lib/gcc/avr/5.4.0/../../../../avr/lib/avr5\libm.a(mulsf3.o) (__mulsf3x)
[...]
Memory Configuration

Name             Origin             Length             Attributes
text             0x00000000         0x00008000         xr
data             0x00800100         0x00000800         rw !x
eeprom           0x00810000         0x00000400         rw !x
fuse             0x00820000         0x00000003         rw !x
lock             0x00830000         0x00000400         rw !x
signature        0x00840000         0x00000400         rw !x
user_signatures  0x00850000         0x00000400         rw !x
*default*        0x00000000         0xffffffff

Linker script and memory map

Address of section .data set to 0x800100
LOAD C:/Program Files (x86)/Atmel/Studio/7.0/Packs/atmel/ATmega_DFP/1.6.364/gcc/dev/atmega328p/avr5/crtatmega328p.o
LOAD abi.o
LOAD Print.o
LOAD wiring_digital.o
LOAD SPI.o
LOAD twi.o
LOAD Wire.o
LOAD File.o
LOAD SD.o
LOAD Sd2Card.o
LOAD SdFile.o
LOAD SdVolume.o
LOAD LCDScreen.o
LOAD main.o
LOAD time.o
START GROUP
LOAD c:/program files (x86)/atmel/studio/7.0/toolchain/avr8/avr8-gnu-toolchain/bin/../lib/gcc/avr/5.4.0/../../../../avr/lib/avr5\libm.a
END GROUP
LOAD c:/program files (x86)/atmel/studio/7.0/toolchain/avr8/avr8-gnu-toolchain/bin/../lib/gcc/avr/5.4.0/avr5\libgcc.a
LOAD c:/program files (x86)/atmel/studio/7.0/toolchain/avr8/avr8-gnu-toolchain/bin/../lib/gcc/avr/5.4.0/../../../../avr/lib/avr5\libm.a
START GROUP
LOAD c:/program files (x86)/atmel/studio/7.0/toolchain/avr8/avr8-gnu-toolchain/bin/../lib/gcc/avr/5.4.0/avr5\libgcc.a
LOAD c:/program files (x86)/atmel/studio/7.0/toolchain/avr8/avr8-gnu-toolchain/bin/../lib/gcc/avr/5.4.0/../../../../avr/lib/avr5\libm.a
LOAD c:/program files (x86)/atmel/studio/7.0/toolchain/avr8/avr8-gnu-toolchain/bin/../lib/gcc/avr/5.4.0/../../../../avr/lib/avr5\libc.a
LOAD C:/Program Files (x86)/Atmel/Studio/7.0/Packs/atmel/ATmega_DFP/1.6.364/gcc/dev/atmega328p/avr5\libatmega328p.a
END GROUP
                0x00000000                __TEXT_REGION_ORIGIN__ = DEFINED (__TEXT_REGION_ORIGIN__)?__TEXT_REGION_ORIGIN__:0x0
                [0x00800100]                __DATA_REGION_ORIGIN__ = DEFINED (__DATA_REGION_ORIGIN__)?__DATA_REGION_ORIGIN__:0x800060
                [0x00008000]                __TEXT_REGION_LENGTH__ = DEFINED (__TEXT_REGION_LENGTH__)?__TEXT_REGION_LENGTH__:0x20000
                [0x00000800]                __DATA_REGION_LENGTH__ = DEFINED (__DATA_REGION_LENGTH__)?__DATA_REGION_LENGTH__:0xffa0
                [0x00000400]                __EEPROM_REGION_LENGTH__ = DEFINED (__EEPROM_REGION_LENGTH__)?__EEPROM_REGION_LENGTH__:0x10000
                [0x00000003]                __FUSE_REGION_LENGTH__ = DEFINED (__FUSE_REGION_LENGTH__)?__FUSE_REGION_LENGTH__:0x400
                0x00000400                __LOCK_REGION_LENGTH__ = DEFINED (__LOCK_REGION_LENGTH__)?__LOCK_REGION_LENGTH__:0x400
                0x00000400                __SIGNATURE_REGION_LENGTH__ = DEFINED (__SIGNATURE_REGION_LENGTH__)?__SIGNATURE_REGION_LENGTH__:0x400
                0x00000400                __USER_SIGNATURE_REGION_LENGTH__ = DEFINED (__USER_SIGNATURE_REGION_LENGTH__)?__USER_SIGNATURE_REGION_LENGTH__:0x400

.hash
 *(.hash)

.dynsym
 *(.dynsym)

.dynstr
 *(.dynstr)

.gnu.version
 *(.gnu.version)

.gnu.version_d
 *(.gnu.version_d)

.gnu.version_r
 *(.gnu.version_r)

.rel.init
 *(.rel.init)

.rela.init
 *(.rela.init)

.rel.text
 *(.rel.text)
 *(.rel.text.*)
 *(.rel.gnu.linkonce.t*)

.rela.text
 *(.rela.text)
 *(.rela.text.*)
 *(.rela.gnu.linkonce.t*)

.rel.fini
 *(.rel.fini)

.rela.fini
 *(.rela.fini)

.rel.rodata
 *(.rel.rodata)
 *(.rel.rodata.*)
 *(.rel.gnu.linkonce.r*)

.rela.rodata
 *(.rela.rodata)
 *(.rela.rodata.*)
 *(.rela.gnu.linkonce.r*)

.rel.data
 *(.rel.data)
 *(.rel.data.*)
 *(.rel.gnu.linkonce.d*)

.rela.data
 *(.rela.data)
 *(.rela.data.*)
 *(.rela.gnu.linkonce.d*)

.rel.ctors
 *(.rel.ctors)

.rela.ctors
 *(.rela.ctors)

.rel.dtors
 *(.rel.dtors)

.rela.dtors
 *(.rela.dtors)

.rel.got
 *(.rel.got)

.rela.got
 *(.rela.got)

.rel.bss
 *(.rel.bss)

.rela.bss
 *(.rela.bss)

.rel.plt
 *(.rel.plt)

.rela.plt
 *(.rela.plt)

.text           0x00000000     0x5264
 *(.vectors)
 .vectors       0x00000000       0x68 C:/Program Files (x86)/Atmel/Studio/7.0/Packs/atmel/ATmega_DFP/1.6.364/gcc/dev/atmega328p/avr5/crtatmega328p.o
                0x00000000                __vector_default
                0x00000000                __vectors
 *(.vectors)
 *(.progmem.gcc*)
 .progmem.gcc_sw_table.__vector_24
                0x00000068      0x192 twi.o
                0x000001fa                . = ALIGN (0x2)
                0x000001fa                __trampolines_start = .
 *(.trampolines)
 .trampolines   0x000001fa        0x0 linker stubs
 *(.trampolines*)
                0x000001fa                __trampolines_end = .
 *libprintf_flt.a:*(.progmem.data)
 *libc.a:*(.progmem.data)
 *(.progmem*)
 .progmem.data.digital_pin_to_timer_PGM
                0x000001fa       0x14 wiring_digital.o
                0x000001fa                digital_pin_to_timer_PGM
 .progmem.data.digital_pin_to_bit_mask_PGM
                0x0000020e       0x14 wiring_digital.o
                0x0000020e                digital_pin_to_bit_mask_PGM
 .progmem.data.digital_pin_to_port_PGM
                0x00000222       0x14 wiring_digital.o
                0x00000222                digital_pin_to_port_PGM
 .progmem.data.port_to_output_PGM
                0x00000236        0xa wiring_digital.o
                0x00000236                port_to_output_PGM
 .progmem.data.port_to_mode_PGM
                0x00000240        0xa wiring_digital.o
                0x00000240                port_to_mode_PGM
 .progmem.data._ZZN6SdFile10make83NameEPKcPhE3__c
                0x0000024a       0x10 SdFile.o
                0x0000025a                . = ALIGN (0x2)
 *(.jumptables)
 *(.jumptables*)
 *(.lowtext)
 *(.lowtext*)
                0x0000025a                __ctors_start = .
 *(.ctors)
 .ctors         0x0000025a        0x2 Wire.o
 .ctors         0x0000025c        0x2 SD.o
 .ctors         0x0000025e        0x2 Sd2Card.o
 .ctors         0x00000260        0x2 main.o
                0x00000262                __ctors_end = .
                0x00000262                __dtors_start = .
 *(.dtors)
                0x00000262                __dtors_end = .
 SORT(*)(.ctors)
 SORT(*)(.dtors)
 *(.init0)
 .init0         0x00000262        0x0 C:/Program Files (x86)/Atmel/Studio/7.0/Packs/atmel/ATmega_DFP/1.6.364/gcc/dev/atmega328p/avr5/crtatmega328p.o
                0x00000262                __init
 *(.init0)
 *(.init1)
 *(.init1)
 *(.init2)
 .init2         0x00000262        0xc C:/Program Files (x86)/Atmel/Studio/7.0/Packs/atmel/ATmega_DFP/1.6.364/gcc/dev/atmega328p/avr5/crtatmega328p.o
 *(.init2)
 *(.init3)
 *(.init3)
 *(.init4)
 .init4         0x0000026e       0x16 c:/program files (x86)/atmel/studio/7.0/toolchain/avr8/avr8-gnu-toolchain/bin/../lib/gcc/avr/5.4.0/avr5\libgcc.a(_copy_data.o)
                0x0000026e                __do_copy_data
 .init4         0x00000284       0x10 c:/program files (x86)/atmel/studio/7.0/toolchain/avr8/avr8-gnu-toolchain/bin/../lib/gcc/avr/5.4.0/avr5\libgcc.a(_clear_bss.o)
                0x00000284                __do_clear_bss
 *(.init4)
 *(.init5)
 *(.init5)
 *(.init6)
 .init6         0x00000294       0x16 c:/program files (x86)/atmel/studio/7.0/toolchain/avr8/avr8-gnu-toolchain/bin/../lib/gcc/avr/5.4.0/avr5\libgcc.a(_ctors.o)
                0x00000294                __do_global_ctors
 *(.init6)
 *(.init7)
 *(.init7)
 *(.init8)
 *(.init8)
 *(.init9)
 .init9         0x000002aa        0x8 C:/Program Files (x86)/Atmel/Studio/7.0/Packs/atmel/ATmega_DFP/1.6.364/gcc/dev/atmega328p/avr5/crtatmega328p.o
 *(.init9)
 *(.text)
 .text          0x000002b2        0x4 C:/Program Files (x86)/Atmel/Studio/7.0/Packs/atmel/ATmega_DFP/1.6.364/gcc/dev/atmega328p/avr5/crtatmega328p.o
                0x000002b2                __vector_22
                0x000002b2                __vector_1
                0x000002b2                __vector_12
                0x000002b2                __bad_interrupt
                0x000002b2                __vector_6
                0x000002b2                __vector_3
                0x000002b2                __vector_23
                0x000002b2                __vector_25
                0x000002b2                __vector_11
                0x000002b2                __vector_13
                0x000002b2                __vector_17
                0x000002b2                __vector_19
                0x000002b2                __vector_7
                0x000002b2                __vector_5
                0x000002b2                __vector_4
                0x000002b2                __vector_9
                0x000002b2                __vector_2
                0x000002b2                __vector_21
                0x000002b2                __vector_15
                0x000002b2                __vector_8
                0x000002b2                __vector_14
                0x000002b2                __vector_10
                0x000002b2                __vector_18
                0x000002b2                __vector_20
                0x000002b6                . = ALIGN (0x2)
 *(.text.*)
 .text.__cxa_pure_virtual
                0x000002b6        0x4 abi.o
                0x000002b6                __cxa_pure_virtual
 .text._ZN5Print17availableForWriteEv
                0x000002ba        0x6 Print.o
                0x000002ba                _ZN5Print17availableForWriteEv
 .text._ZN5Print5flushEv
                0x000002c0        0x2 Print.o
                0x000002c0                _ZN5Print5flushEv
 .text._ZN5Print5writeEPKhj
                0x000002c2       0x60 Print.o
                0x000002c2                _ZN5Print5writeEPKhj
 .text._ZN5Print5printEPKc
                0x00000322       0x2c Print.o
                0x00000322                _ZN5Print5printEPKc
 .text.turnOffPWM
                0x0000034e       0x5e wiring_digital.o
 .text.pinMode  0x000003ac       0x7e wiring_digital.o
                0x000003ac                pinMode
 .text.digitalWrite
                0x0000042a       0x62 wiring_digital.o
                0x0000042a                digitalWrite
 .text._ZN8SPIClass5beginEv
                0x0000048c       0x6c SPI.o
                0x0000048c                _ZN8SPIClass5beginEv
 .text.twi_init
                0x000004f8       0x3c twi.o
                0x000004f8                twi_init
 .text.twi_disable
                0x00000534       0x1c twi.o
                0x00000534                twi_disable
 .text.twi_transmit
                0x00000550       0x58 twi.o
                0x00000550                twi_transmit
 .text.twi_attachSlaveRxEvent
                0x000005a8        0xa twi.o
                0x000005a8                twi_attachSlaveRxEvent
 .text.twi_attachSlaveTxEvent
                0x000005b2        0xa twi.o
                0x000005b2                twi_attachSlaveTxEvent
 .text.twi_reply
                0x000005bc       0x14 twi.o
                0x000005bc                twi_reply
 .text.twi_releaseBus
                0x000005d0        0xc twi.o
                0x000005d0                twi_releaseBus
 .text.twi_handleTimeout
                0x000005dc       0x40 twi.o
                0x000005dc                twi_handleTimeout
 .text.twi_writeTo
                0x0000061c      0x202 twi.o
                0x0000061c                twi_writeTo
 .text.twi_stop
                0x0000081e       0x7c twi.o
                0x0000081e                twi_stop
 .text.__vector_24
                0x0000089a      0x242 twi.o
                0x0000089a                __vector_24
 .text._ZN7TwoWire9availableEv
                0x00000adc       0x10 Wire.o
                0x00000adc                _ZN7TwoWire9availableEv
 .text._ZN7TwoWire4readEv
                0x00000aec       0x28 Wire.o
                0x00000aec                _ZN7TwoWire4readEv
 .text._ZN7TwoWire4peekEv
                0x00000b14       0x1e Wire.o
                0x00000b14                _ZN7TwoWire4peekEv
 .text._ZN7TwoWire5flushEv
                0x00000b32        0x2 Wire.o
                0x00000b32                _ZN7TwoWire5flushEv
 .text._ZN7TwoWire16onReceiveServiceEPhi
                0x00000b34       0x50 Wire.o
                0x00000b34                _ZN7TwoWire16onReceiveServiceEPhi
 .text._ZN7TwoWire16onRequestServiceEv
                0x00000b84       0x18 Wire.o
                0x00000b84                _ZN7TwoWire16onRequestServiceEv
 .text._ZN7TwoWire5writeEPKhj
                0x00000b9c       0x60 Wire.o
                0x00000b9c                _ZN7TwoWire5writeEPKhj
 .text._ZN7TwoWire5writeEh
                0x00000bfc       0x62 Wire.o
                0x00000bfc                _ZN7TwoWire5writeEh
 .text._ZN7TwoWireC2Ev
                0x00000c5e       0x20 Wire.o
                0x00000c5e                _ZN7TwoWireC1Ev
                0x00000c5e                _ZN7TwoWireC2Ev
 .text._Z41__static_initialization_and_destruction_0ii
                0x00000c7e       0x14 Wire.o
 .text._ZN7TwoWire5beginEv
                0x00000c92       0x26 Wire.o
                0x00000c92                _ZN7TwoWire5beginEv
 .text._ZN7TwoWire17beginTransmissionEh
                0x00000cb8       0x14 Wire.o
                0x00000cb8                _ZN7TwoWire17beginTransmissionEh
 .text._ZN7TwoWire15endTransmissionEh
                0x00000ccc       0x26 Wire.o
                0x00000ccc                _ZN7TwoWire15endTransmissionEh
 .text._ZN7TwoWire15endTransmissionEv
                0x00000cf2        0x8 Wire.o
                0x00000cf2                _ZN7TwoWire15endTransmissionEv
 .text._GLOBAL__sub_I__ZN7TwoWire8rxBufferE
                0x00000cfa        0xe Wire.o
 .text._ZN5SDLib4File5writeEh
                0x00000d08       0x2c File.o
                0x00000d08                _ZN5SDLib4File5writeEh
 .text._ZN5SDLib4File17availableForWriteEv
                0x00000d34       0x24 File.o
                0x00000d34                _ZN5SDLib4File17availableForWriteEv
 .text._ZN5SDLib4File5writeEPKhj
                0x00000d58       0x50 File.o
                0x00000d58                _ZN5SDLib4File5writeEPKhj
 .text._ZN5SDLib4File4readEv
                0x00000da8       0x3e File.o
                0x00000da8                _ZN5SDLib4File4readEv
 .text._ZN5SDLib4File4peekEv
                0x00000de6       0x78 File.o
                0x00000de6                _ZN5SDLib4File4peekEv
 .text._ZN5SDLib4File5flushEv
                0x00000e5e       0x12 File.o
                0x00000e5e                _ZN5SDLib4File5flushEv
 .text._ZN5SDLib4FileC2E6SdFilePKc
                0x00000e70       0x6a File.o
                0x00000e70                _ZN5SDLib4FileC1E6SdFilePKc
                0x00000e70                _ZN5SDLib4FileC2E6SdFilePKc
 .text._ZN5SDLib4FileC2Ev
                0x00000eda       0x26 File.o
                0x00000eda                _ZN5SDLib4FileC2Ev
                0x00000eda                _ZN5SDLib4FileC1Ev
 .text._ZN5SDLib4File4readEPvj
                0x00000f00       0x16 File.o
                0x00000f00                _ZN5SDLib4File4readEPvj
 .text._ZN5SDLib4File4seekEm
                0x00000f16       0x1e File.o
                0x00000f16                _ZN5SDLib4File4seekEm
 .text._ZN5SDLib4File8positionEv
                0x00000f34       0x20 File.o
                0x00000f34                _ZN5SDLib4File8positionEv
 .text._ZN5SDLib4File4sizeEv
                0x00000f54       0x20 File.o
                0x00000f54                _ZN5SDLib4File4sizeEv
 .text._ZN5SDLib4File9availableEv
                0x00000f74       0x5e File.o
                0x00000f74                _ZN5SDLib4File9availableEv
 .text._ZN5SDLib4File5closeEv
                0x00000fd2       0x26 File.o
                0x00000fd2                _ZN5SDLib4File5closeEv
 .text._ZN5SDLib4FilecvbEv
                0x00000ff8       0x1e File.o
                0x00000ff8                _ZN5SDLib4FilecvbEv
 .text._Z41__static_initialization_and_destruction_0ii
                0x00001016       0x38 SD.o
 .text._ZN5SDLib19callback_pathExistsER6SdFilePKcbPv
                0x0000104e       0x5c SD.o
                0x0000104e                _ZN5SDLib19callback_pathExistsER6SdFilePKcbPv
 .text._ZN5SDLib15callback_removeER6SdFilePKcbPv
                0x000010aa       0x18 SD.o
                0x000010aa                _ZN5SDLib15callback_removeER6SdFilePKcbPv
 .text._ZN5SDLib20getNextPathComponentEPKcPjPc
                0x000010c2       0x74 SD.o
                0x000010c2                _ZN5SDLib20getNextPathComponentEPKcPjPc
 .text._ZN5SDLib8walkPathEPKcR6SdFilePFbS3_S1_bPvES4_
                0x00001136      0x11c SD.o
                0x00001136                _ZN5SDLib8walkPathEPKcR6SdFilePFbS3_S1_bPvES4_
 .text._ZN5SDLib7SDClass5beginEh
                0x00001252       0x74 SD.o
                0x00001252                _ZN5SDLib7SDClass5beginEh
 .text._ZN5SDLib7SDClass12getParentDirEPKcPi
                0x000012c6      0x1d8 SD.o
                0x000012c6                _ZN5SDLib7SDClass12getParentDirEPKcPi
 .text._ZN5SDLib7SDClass4openEPKch
                0x0000149e      0x22e SD.o
                0x0000149e                _ZN5SDLib7SDClass4openEPKch
 .text._ZN5SDLib7SDClass6existsEPKc
                0x000016cc       0x18 SD.o
                0x000016cc                _ZN5SDLib7SDClass6existsEPKc
 .text._ZN5SDLib7SDClass6removeEPKc
                0x000016e4       0x18 SD.o
                0x000016e4                _ZN5SDLib7SDClass6removeEPKc
 .text._GLOBAL__sub_I__ZN5SDLib20getNextPathComponentEPKcPjPc
                0x000016fc        0xe SD.o
 .text._ZL7spiSendh
                0x0000170a        0xe Sd2Card.o
 .text._ZL6spiRecv
                0x00001718       0x10 Sd2Card.o
 .text._Z41__static_initialization_and_destruction_0ii
                0x00001728       0x16 Sd2Card.o
 .text._ZN7Sd2Card14chipSelectHighEv
                0x0000173e       0x3c Sd2Card.o
                0x0000173e                _ZN7Sd2Card14chipSelectHighEv
 .text._ZN7Sd2Card13chipSelectLowEv
                0x0000177a       0x54 Sd2Card.o
                0x0000177a                _ZN7Sd2Card13chipSelectLowEv
 .text._ZN7Sd2Card7readEndEv
                0x000017ce       0x34 Sd2Card.o
                0x000017ce                _ZN7Sd2Card7readEndEv
 .text._ZN7Sd2Card10setSckRateEh
                0x00001802       0x8c Sd2Card.o
                0x00001802                _ZN7Sd2Card10setSckRateEh
 .text._ZN7Sd2Card11waitNotBusyEj
                0x0000188e       0x36 Sd2Card.o
                0x0000188e                _ZN7Sd2Card11waitNotBusyEj
 .text._ZN7Sd2Card11cardCommandEhm
                0x000018c4       0xa0 Sd2Card.o
                0x000018c4                _ZN7Sd2Card11cardCommandEhm
 .text._ZN7Sd2Card4initEhh
                0x00001964      0x1ce Sd2Card.o
                0x00001964                _ZN7Sd2Card4initEhh
 .text._ZN7Sd2Card14waitStartBlockEv
                0x00001b32       0x4c Sd2Card.o
                0x00001b32                _ZN7Sd2Card14waitStartBlockEv
 .text._ZN7Sd2Card8readDataEmjjPh
                0x00001b7e      0x11a Sd2Card.o
                0x00001b7e                _ZN7Sd2Card8readDataEmjjPh
 .text._ZN7Sd2Card9readBlockEmPh
                0x00001c98       0x20 Sd2Card.o
                0x00001c98                _ZN7Sd2Card9readBlockEmPh
 .text._ZN7Sd2Card9writeDataEhPKh
                0x00001cb8       0x6a Sd2Card.o
                0x00001cb8                _ZN7Sd2Card9writeDataEhPKh
 .text._ZN7Sd2Card10writeBlockEmPKhh
                0x00001d22       0xbc Sd2Card.o
                0x00001d22                _ZN7Sd2Card10writeBlockEmPKhh
 .text._ZN7Sd2Card6isBusyEv
                0x00001dde       0x28 Sd2Card.o
                0x00001dde                _ZN7Sd2Card6isBusyEv
 .text._GLOBAL__sub_I__ZN7Sd2Card11cardCommandEhm
                0x00001e06        0xe Sd2Card.o
 .text._ZN6SdFile10addClusterEv
                0x00001e14       0x54 SdFile.o
                0x00001e14                _ZN6SdFile10addClusterEv
 .text._ZN6SdFile13addDirClusterEv
                0x00001e68       0xd2 SdFile.o
                0x00001e68                _ZN6SdFile13addDirClusterEv
 .text._ZN6SdFile13cacheDirEntryEh
                0x00001f3a       0x32 SdFile.o
                0x00001f3a                _ZN6SdFile13cacheDirEntryEh
 .text._ZN6SdFile10make83NameEPKcPh
                0x00001f6c       0x9e SdFile.o
                0x00001f6c                _ZN6SdFile10make83NameEPKcPh
 .text._ZN6SdFile8openRootEP8SdVolume
                0x0000200a       0xba SdFile.o
                0x0000200a                _ZN6SdFile8openRootEP8SdVolume
 .text._ZN6SdFile4readEPvj
                0x000020c4      0x29e SdFile.o
                0x000020c4                _ZN6SdFile4readEPvj
 .text._ZN6SdFile12readDirCacheEv
                0x00002362       0x96 SdFile.o
                0x00002362                _ZN6SdFile12readDirCacheEv
 .text._ZN6SdFile7seekSetEm
                0x000023f8      0x142 SdFile.o
                0x000023f8                _ZN6SdFile7seekSetEm
 .text._ZN6SdFile4syncEh
                0x0000253a       0xa6 SdFile.o
                0x0000253a                _ZN6SdFile4syncEh
 .text._ZN6SdFile5closeEv
                0x000025e0       0x1a SdFile.o
                0x000025e0                _ZN6SdFile5closeEv
 .text._ZN6SdFile17availableForWriteEv
                0x000025fa       0xca SdFile.o
                0x000025fa                _ZN6SdFile17availableForWriteEv
 .text._ZN6SdFile8truncateEm
                0x000026c4      0x1a2 SdFile.o
                0x000026c4                _ZN6SdFile8truncateEm
 .text._ZN6SdFile15openCachedEntryEhh
                0x00002866       0xdc SdFile.o
                0x00002866                _ZN6SdFile15openCachedEntryEhh
 .text._ZN6SdFile4openEPS_PKch
                0x00002942      0x1ea SdFile.o
                0x00002942                _ZN6SdFile4openEPS_PKch
 .text._ZN6SdFile6removeEv
                0x00002b2c       0x38 SdFile.o
                0x00002b2c                _ZN6SdFile6removeEv
 .text._ZN6SdFile6removeEPS_PKc
                0x00002b64       0x4e SdFile.o
                0x00002b64                _ZN6SdFile6removeEPS_PKc
 .text._ZN6SdFile5writeEPKvj
                0x00002bb2      0x37c SdFile.o
                0x00002bb2                _ZN6SdFile5writeEPKvj
 .text._ZN6SdFile5writeEh
                0x00002f2e       0x22 SdFile.o
                0x00002f2e                _ZN6SdFile5writeEh
 .text._ZN8SdVolume21cacheMirrorBlockFlushEh
                0x00002f50       0x4c SdVolume.o
                0x00002f50                _ZN8SdVolume21cacheMirrorBlockFlushEh
 .text._ZN8SdVolume10cacheFlushEh
                0x00002f9c       0x56 SdVolume.o
                0x00002f9c                _ZN8SdVolume10cacheFlushEh
 .text._ZN8SdVolume13cacheRawBlockEmh
                0x00002ff2       0x74 SdVolume.o
                0x00002ff2                _ZN8SdVolume13cacheRawBlockEmh
 .text._ZN8SdVolume14cacheZeroBlockEm
                0x00003066       0x54 SdVolume.o
                0x00003066                _ZN8SdVolume14cacheZeroBlockEm
 .text._ZNK8SdVolume6fatGetEmPm
                0x000030ba      0x116 SdVolume.o
                0x000030ba                _ZNK8SdVolume6fatGetEmPm
 .text._ZNK8SdVolume9chainSizeEmPm
                0x000031d0       0xbc SdVolume.o
                0x000031d0                _ZNK8SdVolume9chainSizeEmPm
 .text._ZN8SdVolume6fatPutEmm
                0x0000328c      0x196 SdVolume.o
                0x0000328c                _ZN8SdVolume6fatPutEmm
 .text._ZN8SdVolume15allocContiguousEmPm
                0x00003422      0x228 SdVolume.o
                0x00003422                _ZN8SdVolume15allocContiguousEmPm
 .text._ZN8SdVolume9freeChainEm
                0x0000364a       0xac SdVolume.o
                0x0000364a                _ZN8SdVolume9freeChainEm
 .text._ZN8SdVolume4initEP7Sd2Cardh
                0x000036f6      0x2c2 SdVolume.o
                0x000036f6                _ZN8SdVolume4initEP7Sd2Cardh
 .text._ZN9LCDScreenC2Eh
                0x000039b8       0x12 LCDScreen.o
                0x000039b8                _ZN9LCDScreenC2Eh
                0x000039b8                _ZN9LCDScreenC1Eh
 .text._ZN9LCDScreen13expanderWriteEh
                0x000039ca       0x34 LCDScreen.o
                0x000039ca                _ZN9LCDScreen13expanderWriteEh
 .text._ZN9LCDScreen11pulseEnableEh
                0x000039fe       0x36 LCDScreen.o
                0x000039fe                _ZN9LCDScreen11pulseEnableEh
 .text._ZN9LCDScreen10write4bitsEh
                0x00003a34       0x1e LCDScreen.o
                0x00003a34                _ZN9LCDScreen10write4bitsEh
 .text._ZN9LCDScreen4sendEhh
                0x00003a52       0x3a LCDScreen.o
                0x00003a52                _ZN9LCDScreen4sendEhh
 .text._ZN9LCDScreen5clearEv
                0x00003a8c       0x16 LCDScreen.o
                0x00003a8c                _ZN9LCDScreen5clearEv
 .text._ZN9LCDScreen4homeEv
                0x00003aa2       0x16 LCDScreen.o
                0x00003aa2                _ZN9LCDScreen4homeEv
 .text._ZN9LCDScreen9setCursorEhh
                0x00003ab8       0x62 LCDScreen.o
                0x00003ab8                _ZN9LCDScreen9setCursorEhh
 .text._ZN9LCDScreen7displayEv
                0x00003b1a       0x14 LCDScreen.o
                0x00003b1a                _ZN9LCDScreen7displayEv
 .text._ZN9LCDScreen5writeEh
                0x00003b2e        0xc LCDScreen.o
                0x00003b2e                _ZN9LCDScreen5writeEh
 .text._ZN9LCDScreen5beginEv
                0x00003b3a       0xb8 LCDScreen.o
                0x00003b3a                _ZN9LCDScreen5beginEv
 .text._Z41__static_initialization_and_destruction_0ii
                0x00003bf2       0x16 main.o
 .text._Z8keyInputv
                0x00003c08       0x62 main.o
                0x00003c08                _Z8keyInputv
 .text._Z10clrDisplayPKc
                0x00003c6a       0x2a main.o
                0x00003c6a                _Z10clrDisplayPKc
 .text._Z10secondLinePKc
                0x00003c94       0x22 main.o
                0x00003c94                _Z10secondLinePKc
 .text._Z12getTrackListv
                0x00003cb6       0x66 main.o
                0x00003cb6                _Z12getTrackListv
 .text._Z9nextTrackv
                0x00003d1c       0x2c main.o
                0x00003d1c                _Z9nextTrackv
 .text._Z13previousTrackv
                0x00003d48       0x2c main.o
                0x00003d48                _Z13previousTrackv
 .text._Z15checkDuplicatesv
                0x00003d74       0x26 main.o
                0x00003d74                _Z15checkDuplicatesv
 .text._Z12makeWaveFileN5SDLib4FileE
                0x00003d9a       0x98 main.o
                0x00003d9a                _Z12makeWaveFileN5SDLib4FileE
 .text._Z12finalizeWaveN5SDLib4FileE
                0x00003e32       0xb0 main.o
                0x00003e32                _Z12finalizeWaveN5SDLib4FileE
 .text._Z8convolvePc
                0x00003ee2      0x320 main.o
                0x00003ee2                _Z8convolvePc
 .text._Z13sig_freqShiftv
                0x00004202      0x1b8 main.o
                0x00004202                _Z13sig_freqShiftv
 .text._Z9analog_ini
                0x000043ba       0x2c main.o
                0x000043ba                _Z9analog_ini
 .text._Z6recordv
                0x000043e6      0x174 main.o
                0x000043e6                _Z6recordv
 .text._Z12checkChangesv
                0x0000455a       0x5e main.o
                0x0000455a                _Z12checkChangesv
 .text._Z9playTrackv
                0x000045b8      0x196 main.o
                0x000045b8                _Z9playTrackv
 .text._Z17initialize_Thingsv
                0x0000474e       0x76 main.o
                0x0000474e                _Z17initialize_Thingsv
 .text.main     0x000047c4      0x238 main.o
                0x000047c4                main
 .text._GLOBAL__sub_I_mode
                0x000049fc        0xe main.o
 .text.__vector_16
                0x00004a0a       0xb6 time.o
                0x00004a0a                __vector_16
 .text.millis   0x00004ac0       0x18 time.o
                0x00004ac0                millis
 .text.micros   0x00004ad8       0x4c time.o
                0x00004ad8                micros
 .text.avr-libc.fplib
                0x00004b24        0xe c:/program files (x86)/atmel/studio/7.0/toolchain/avr8/avr8-gnu-toolchain/bin/../lib/gcc/avr/5.4.0/../../../../avr/lib/avr5\libm.a(addsf3.o)
                0x00004b24                __subsf3
                0x00004b26                __addsf3
 .text.avr-libc.fplib
                0x00004b32       0xcc c:/program files (x86)/atmel/studio/7.0/toolchain/avr8/avr8-gnu-toolchain/bin/../lib/gcc/avr/5.4.0/../../../../avr/lib/avr5\libm.a(addsf3x.o)
                0x00004b54                __addsf3x
 .text.avr-libc.fplib
                0x00004bfe        0x8 c:/program files (x86)/atmel/studio/7.0/toolchain/avr8/avr8-gnu-toolchain/bin/../lib/gcc/avr/5.4.0/../../../../avr/lib/avr5\libm.a(divsf3.o)
                0x00004bfe                __divsf3
 .text.avr-libc.fplib
                0x00004c06       0xdc c:/program files (x86)/atmel/studio/7.0/toolchain/avr8/avr8-gnu-toolchain/bin/../lib/gcc/avr/5.4.0/../../../../avr/lib/avr5\libm.a(divsf3x.o)
                0x00004c26                __divsf3x
                0x00004c2c                __divsf3_pse
 .text.avr-libc.fplib
                0x00004ce2       0x5e c:/program files (x86)/atmel/studio/7.0/toolchain/avr8/avr8-gnu-toolchain/bin/../lib/gcc/avr/5.4.0/../../../../avr/lib/avr5\libm.a(fixunssfsi.o)
                0x00004ce2                __fixunssfsi
 .text.avr-libc.fplib
                0x00004d40       0x7a c:/program files (x86)/atmel/studio/7.0/toolchain/avr8/avr8-gnu-toolchain/bin/../lib/gcc/avr/5.4.0/../../../../avr/lib/avr5\libm.a(floatsisf.o)
                0x00004d40                __floatunsisf
                0x00004d44                __floatsisf
 .text.avr-libc.fplib
                0x00004dba        0xc c:/program files (x86)/atmel/studio/7.0/toolchain/avr8/avr8-gnu-toolchain/bin/../lib/gcc/avr/5.4.0/../../../../avr/lib/avr5\libm.a(fp_inf.o)
                0x00004dba                __fp_inf
 .text.avr-libc.fplib
                0x00004dc6        0x6 c:/program files (x86)/atmel/studio/7.0/toolchain/avr8/avr8-gnu-toolchain/bin/../lib/gcc/avr/5.4.0/../../../../avr/lib/avr5\libm.a(fp_nan.o)
                0x00004dc6                __fp_nan
 .text.avr-libc.fplib
                0x00004dcc        0xe c:/program files (x86)/atmel/studio/7.0/toolchain/avr8/avr8-gnu-toolchain/bin/../lib/gcc/avr/5.4.0/../../../../avr/lib/avr5\libm.a(fp_pscA.o)
                0x00004dcc                __fp_pscA
 .text.avr-libc.fplib
                0x00004dda        0xe c:/program files (x86)/atmel/studio/7.0/toolchain/avr8/avr8-gnu-toolchain/bin/../lib/gcc/avr/5.4.0/../../../../avr/lib/avr5\libm.a(fp_pscB.o)
                0x00004dda                __fp_pscB
 .text.avr-libc.fplib
                0x00004de8       0x22 c:/program files (x86)/atmel/studio/7.0/toolchain/avr8/avr8-gnu-toolchain/bin/../lib/gcc/avr/5.4.0/../../../../avr/lib/avr5\libm.a(fp_round.o)
                0x00004de8                __fp_round
 .text.avr-libc.fplib
                0x00004e0a       0x44 c:/program files (x86)/atmel/studio/7.0/toolchain/avr8/avr8-gnu-toolchain/bin/../lib/gcc/avr/5.4.0/../../../../avr/lib/avr5\libm.a(fp_split3.o)
                0x00004e0a                __fp_split3
                0x00004e1a                __fp_splitA
 .text.avr-libc.fplib
                0x00004e4e        0xe c:/program files (x86)/atmel/studio/7.0/toolchain/avr8/avr8-gnu-toolchain/bin/../lib/gcc/avr/5.4.0/../../../../avr/lib/avr5\libm.a(fp_zero.o)
                0x00004e4e                __fp_zero
                0x00004e50                __fp_szero
 .text.avr-libc.fplib
                0x00004e5c        0x8 c:/program files (x86)/atmel/studio/7.0/toolchain/avr8/avr8-gnu-toolchain/bin/../lib/gcc/avr/5.4.0/../../../../avr/lib/avr5\libm.a(mulsf3.o)
                0x00004e5c                __mulsf3
 .text.avr-libc.fplib
                0x00004e64       0xd2 c:/program files (x86)/atmel/studio/7.0/toolchain/avr8/avr8-gnu-toolchain/bin/../lib/gcc/avr/5.4.0/../../../../avr/lib/avr5\libm.a(mulsf3x.o)
                0x00004e82                __mulsf3x
                0x00004e88                __mulsf3_pse
 .text.libgcc.div
                0x00004f36       0x28 c:/program files (x86)/atmel/studio/7.0/toolchain/avr8/avr8-gnu-toolchain/bin/../lib/gcc/avr/5.4.0/avr5\libgcc.a(_divmodhi4.o)
                0x00004f36                _div
                0x00004f36                __divmodhi4
 .text.libgcc   0x00004f5e        0xc c:/program files (x86)/atmel/studio/7.0/toolchain/avr8/avr8-gnu-toolchain/bin/../lib/gcc/avr/5.4.0/avr5\libgcc.a(_tablejump2.o)
                0x00004f5e                __tablejump2__
 .text.libgcc.mul
                0x00004f6a       0x16 c:/program files (x86)/atmel/studio/7.0/toolchain/avr8/avr8-gnu-toolchain/bin/../lib/gcc/avr/5.4.0/avr5\libgcc.a(_muluhisi3.o)
                0x00004f6a                __muluhisi3
 .text.libgcc.div
                0x00004f80       0x28 c:/program files (x86)/atmel/studio/7.0/toolchain/avr8/avr8-gnu-toolchain/bin/../lib/gcc/avr/5.4.0/avr5\libgcc.a(_udivmodhi4.o)
                0x00004f80                __udivmodhi4
 .text.libgcc.mul
                0x00004fa8       0x1e c:/program files (x86)/atmel/studio/7.0/toolchain/avr8/avr8-gnu-toolchain/bin/../lib/gcc/avr/5.4.0/avr5\libgcc.a(_umulhisi3.o)
                0x00004fa8                __umulhisi3
 .text.avr-libc
                0x00004fc6      0x242 c:/program files (x86)/atmel/studio/7.0/toolchain/avr8/avr8-gnu-toolchain/bin/../lib/gcc/avr/5.4.0/../../../../avr/lib/avr5\libc.a(malloc.o)
                0x00004fc6                malloc
                0x000050f6                free
 .text.avr-libc
                0x00005208        0xa c:/program files (x86)/atmel/studio/7.0/toolchain/avr8/avr8-gnu-toolchain/bin/../lib/gcc/avr/5.4.0/../../../../avr/lib/avr5\libc.a(abort.o)
                0x00005208                abort
 .text.avr-libc
                0x00005212       0x1a c:/program files (x86)/atmel/studio/7.0/toolchain/avr8/avr8-gnu-toolchain/bin/../lib/gcc/avr/5.4.0/../../../../avr/lib/avr5\libc.a(memcmp.o)
                0x00005212                memcmp
 .text.avr-libc
                0x0000522c       0x16 c:/program files (x86)/atmel/studio/7.0/toolchain/avr8/avr8-gnu-toolchain/bin/../lib/gcc/avr/5.4.0/../../../../avr/lib/avr5\libc.a(strchr.o)
                0x0000522c                strchr
 .text.avr-libc
                0x00005242       0x1e c:/program files (x86)/atmel/studio/7.0/toolchain/avr8/avr8-gnu-toolchain/bin/../lib/gcc/avr/5.4.0/../../../../avr/lib/avr5\libc.a(strncpy.o)
                0x00005242                strncpy
                0x00005260                . = ALIGN (0x2)
 *(.fini9)
 .fini9         0x00005260        0x0 c:/program files (x86)/atmel/studio/7.0/toolchain/avr8/avr8-gnu-toolchain/bin/../lib/gcc/avr/5.4.0/avr5\libgcc.a(_exit.o)
                0x00005260                _exit
                0x00005260                exit
 *(.fini9)
 *(.fini8)
 *(.fini8)
 *(.fini7)
 *(.fini7)
 *(.fini6)
 *(.fini6)
 *(.fini5)
 *(.fini5)
 *(.fini4)
 *(.fini4)
 *(.fini3)
 *(.fini3)
 *(.fini2)
 *(.fini2)
 *(.fini1)
 *(.fini1)
 *(.fini0)
 .fini0         0x00005260        0x4 c:/program files (x86)/atmel/studio/7.0/toolchain/avr8/avr8-gnu-toolchain/bin/../lib/gcc/avr/5.4.0/avr5\libgcc.a(_exit.o)
 *(.fini0)
                0x00005264                _etext = .

.data           0x00800100      0x13c load address 0x00005264
                0x00800100                PROVIDE (__data_start, .)
 *(.data)
 .data          0x00800100        0x6 c:/program files (x86)/atmel/studio/7.0/toolchain/avr8/avr8-gnu-toolchain/bin/../lib/gcc/avr/5.4.0/../../../../avr/lib/avr5\libc.a(malloc.o)
                0x00800100                __malloc_heap_end
                0x00800102                __malloc_heap_start
                0x00800104                __malloc_margin
 *(.data*)
 .data._ZN8SdVolume17cacheBlockNumber_E
                0x00800106        0x4 SdVolume.o
                0x00800106                _ZN8SdVolume17cacheBlockNumber_E
 .data.freqScal
                0x0080010a        0x1 main.o
                0x0080010a                freqScal
 .data.mode_    0x0080010b        0x1 main.o
                0x0080010b                mode_
 .data.mode     0x0080010c        0x1 main.o
                0x0080010c                mode
 *(.gnu.linkonce.d*)
 *(.rodata)
 .rodata        0x0080010d        0x8 LCDScreen.o
 .rodata        0x00800115       0x52 main.o
 *(.rodata*)
 .rodata._ZTV5Print
                0x00800167        0xc Print.o
                0x00800167                _ZTV5Print
 .rodata._ZTV7TwoWire
                0x00800173       0x12 Wire.o
                0x00800173                _ZTV7TwoWire
 .rodata._ZTVN5SDLib4FileE
                0x00800185       0x12 File.o
                0x00800185                _ZTVN5SDLib4FileE
 .rodata.str1.1
                0x00800197        0x2 SD.o
 .rodata._ZTV6SdFile
                0x00800199        0xc SdFile.o
                0x00800199                _ZTV6SdFile
 .rodata._ZTV9LCDScreen
                0x008001a5        0xc LCDScreen.o
                0x008001a5                _ZTV9LCDScreen
 .rodata.str1.1
                0x008001b1       0x8a main.o
                                 0x92 (size before relaxing)
 *(.gnu.linkonce.r*)
                0x0080023c                . = ALIGN (0x2)
 *fill*         0x0080023b        0x1 
                0x0080023c                _edata = .
                0x0080023c                PROVIDE (__data_end, .)

.bss            0x0080023c      0x355
                0x0080023c                PROVIDE (__bss_start, .)
 *(.bss)
 *(.bss*)
 .bss._ZN8SPIClass13interruptSaveE
                0x0080023c        0x1 SPI.o
                0x0080023c                _ZN8SPIClass13interruptSaveE
 .bss._ZN8SPIClass13interruptMaskE
                0x0080023d        0x1 SPI.o
                0x0080023d                _ZN8SPIClass13interruptMaskE
 .bss._ZN8SPIClass13interruptModeE
                0x0080023e        0x1 SPI.o
                0x0080023e                _ZN8SPIClass13interruptModeE
 .bss._ZN8SPIClass11initializedE
                0x0080023f        0x1 SPI.o
                0x0080023f                _ZN8SPIClass11initializedE
 .bss.twi_error
                0x00800240        0x1 twi.o
 .bss.twi_rxBufferIndex
                0x00800241        0x1 twi.o
 .bss.twi_rxBuffer
                0x00800242       0x20 twi.o
 .bss.twi_txBufferLength
                0x00800262        0x1 twi.o
 .bss.twi_txBufferIndex
                0x00800263        0x1 twi.o
 .bss.twi_txBuffer
                0x00800264       0x20 twi.o
 .bss.twi_masterBufferLength
                0x00800284        0x1 twi.o
 .bss.twi_masterBufferIndex
                0x00800285        0x1 twi.o
 .bss.twi_masterBuffer
                0x00800286       0x20 twi.o
 .bss.twi_onSlaveReceive
                0x008002a6        0x2 twi.o
 .bss.twi_onSlaveTransmit
                0x008002a8        0x2 twi.o
 .bss.twi_do_reset_on_timeout
                0x008002aa        0x1 twi.o
 .bss.twi_timed_out_flag
                0x008002ab        0x1 twi.o
 .bss.twi_timeout_us
                0x008002ac        0x4 twi.o
 .bss.twi_inRepStart
                0x008002b0        0x1 twi.o
 .bss.twi_sendStop
                0x008002b1        0x1 twi.o
 .bss.twi_slarw
                0x008002b2        0x1 twi.o
 .bss.twi_state
                0x008002b3        0x1 twi.o
 .bss.Wire      0x008002b4        0xc Wire.o
                0x008002b4                Wire
 .bss._ZN7TwoWire14user_onReceiveE
                0x008002c0        0x2 Wire.o
                0x008002c0                _ZN7TwoWire14user_onReceiveE
 .bss._ZN7TwoWire14user_onRequestE
                0x008002c2        0x2 Wire.o
                0x008002c2                _ZN7TwoWire14user_onRequestE
 .bss._ZN7TwoWire12transmittingE
                0x008002c4        0x1 Wire.o
                0x008002c4                _ZN7TwoWire12transmittingE
 .bss._ZN7TwoWire14txBufferLengthE
                0x008002c5        0x1 Wire.o
                0x008002c5                _ZN7TwoWire14txBufferLengthE
 .bss._ZN7TwoWire13txBufferIndexE
                0x008002c6        0x1 Wire.o
                0x008002c6                _ZN7TwoWire13txBufferIndexE
 .bss._ZN7TwoWire8txBufferE
                0x008002c7       0x20 Wire.o
                0x008002c7                _ZN7TwoWire8txBufferE
 .bss._ZN7TwoWire9txAddressE
                0x008002e7        0x1 Wire.o
                0x008002e7                _ZN7TwoWire9txAddressE
 .bss._ZN7TwoWire14rxBufferLengthE
                0x008002e8        0x1 Wire.o
                0x008002e8                _ZN7TwoWire14rxBufferLengthE
 .bss._ZN7TwoWire13rxBufferIndexE
                0x008002e9        0x1 Wire.o
                0x008002e9                _ZN7TwoWire13rxBufferIndexE
 .bss._ZN7TwoWire8rxBufferE
                0x008002ea       0x20 Wire.o
                0x008002ea                _ZN7TwoWire8rxBufferE
 .bss._ZN5SDLib2SDE
                0x0080030a       0x49 SD.o
                0x0080030a                _ZN5SDLib2SDE
 .bss._ZL20chip_select_asserted
                0x00800353        0x1 Sd2Card.o
 .bss._ZL8settings
                0x00800354        0x2 Sd2Card.o
 .bss._ZN6SdFile9dateTime_E
                0x00800356        0x2 SdFile.o
                0x00800356                _ZN6SdFile9dateTime_E
 .bss._ZN8SdVolume17cacheMirrorBlock_E
                0x00800358        0x4 SdVolume.o
                0x00800358                _ZN8SdVolume17cacheMirrorBlock_E
 .bss._ZN8SdVolume11cacheDirty_E
                0x0080035c        0x1 SdVolume.o
                0x0080035c                _ZN8SdVolume11cacheDirty_E
 .bss._ZN8SdVolume7sdCard_E
                0x0080035d        0x2 SdVolume.o
                0x0080035d                _ZN8SdVolume7sdCard_E
 .bss._ZN8SdVolume12cacheBuffer_E
                0x0080035f      0x200 SdVolume.o
                0x0080035f                _ZN8SdVolume12cacheBuffer_E
 .bss.lcd       0x0080055f        0x8 main.o
                0x0080055f                lcd
 .bss.fname_temp
                0x00800567        0xa main.o
                0x00800567                fname_temp
 .bss.fcount    0x00800571        0x1 main.o
                0x00800571                fcount
 .bss.files     0x00800572        0x1 main.o
                0x00800572                files
 .bss.tracks    0x00800573        0xf main.o
                0x00800573                tracks
 .bss.enhance   0x00800582        0x1 main.o
                0x00800582                enhance
 .bss.shift     0x00800583        0x1 main.o
                0x00800583                shift
 .bss.timer0_fract
                0x00800584        0x1 time.o
 .bss.timer0_millis
                0x00800585        0x4 time.o
                0x00800585                timer0_millis
 .bss.timer0_overflow_count
                0x00800589        0x4 time.o
                0x00800589                timer0_overflow_count
 *(COMMON)
 COMMON         0x0080058d        0x4 c:/program files (x86)/atmel/studio/7.0/toolchain/avr8/avr8-gnu-toolchain/bin/../lib/gcc/avr/5.4.0/../../../../avr/lib/avr5\libc.a(malloc.o)
                0x0080058d                __brkval
                0x0080058f                __flp
                0x00800591                PROVIDE (__bss_end, .)
                0x00005264                __data_load_start = LOADADDR (.data)
                0x000053a0                __data_load_end = (__data_load_start + SIZEOF (.data))

.noinit         0x00800591        0x0
                [!provide]                PROVIDE (__noinit_start, .)
 *(.noinit*)
                [!provide]                PROVIDE (__noinit_end, .)
                0x00800591                _end = .
                0x00800591                PROVIDE (__heap_start, .)

.eeprom         0x00810000        0x0
 *(.eeprom*)
                0x00810000                __eeprom_end = .

.fuse
 *(.fuse)
 *(.lfuse)
 *(.hfuse)
 *(.efuse)

.lock
 *(.lock*)

.signature
 *(.signature*)

.user_signatures
 *(.user_signatures*)

.stab
 *(.stab)

.stabstr
 *(.stabstr)

.stab.excl
 *(.stab.excl)

.stab.exclstr
 *(.stab.exclstr)

.stab.index
 *(.stab.index)

.stab.indexstr
 *(.stab.indexstr)

.comment        0x00000000       0x30
 *(.comment)
 .comment       0x00000000       0x30 abi.o
                                 0x31 (size before relaxing)
 .comment       0x00000030       0x31 Print.o
 .comment       0x00000030       0x31 wiring_digital.o
 .comment       0x00000030       0x31 SPI.o
 .comment       0x00000030       0x31 twi.o
 .comment       0x00000030       0x31 Wire.o
 .comment       0x00000030       0x31 File.o
 .comment       0x00000030       0x31 SD.o
 .comment       0x00000030       0x31 Sd2Card.o
 .comment       0x00000030       0x31 SdFile.o
 .comment       0x00000030       0x31 SdVolume.o
 .comment       0x00000030       0x31 LCDScreen.o
 .comment       0x00000030       0x31 main.o
 .comment       0x00000030       0x31 time.o
 .comment       0x00000030       0x31 c:/program files (x86)/atmel/studio/7.0/toolchain/avr8/avr8-gnu-toolchain/bin/../lib/gcc/avr/5.4.0/../../../../avr/lib/avr5\libc.a(malloc.o)

.note.gnu.avr.deviceinfo
                0x00000000       0x40
 .note.gnu.avr.deviceinfo
                0x00000000       0x40 C:/Program Files (x86)/Atmel/Studio/7.0/Packs/atmel/ATmega_DFP/1.6.364/gcc/dev/atmega328p/avr5/crtatmega328p.o

.note.gnu.build-id
 *(.note.gnu.build-id)

.debug
 *(.debug)

.line
 *(.line)

.debug_srcinfo
 *(.debug_srcinfo)

.debug_sfnames
 *(.debug_sfnames)

.debug_aranges  0x00000000      0x8a8
 *(.debug_aranges)
 .debug_aranges
                0x00000000       0x28 abi.o
 .debug_aranges
                0x00000028       0xf8 Print.o
 .debug_aranges
                0x00000120       0x38 wiring_digital.o
 .debug_aranges
                0x00000158       0x38 SPI.o
 .debug_aranges
                0x00000190       0x98 twi.o
 .debug_aranges
                0x00000228      0x118 Wire.o
 .debug_aranges
                0x00000340       0xb0 File.o
 .debug_aranges
                0x000003f0       0xb0 SD.o
 .debug_aranges
                0x000004a0       0xe8 Sd2Card.o
 .debug_aranges
                0x00000588      0x140 SdFile.o
 .debug_aranges
                0x000006c8       0x68 SdVolume.o
 .debug_aranges
                0x00000730       0x80 LCDScreen.o
 .debug_aranges
                0x000007b0       0xc8 main.o
 .debug_aranges
                0x00000878       0x30 time.o

.debug_pubnames
 *(.debug_pubnames)

.debug_info     0x00000000    0x1f660
 *(.debug_info .gnu.linkonce.wi.*)
 .debug_info    0x00000000      0x5f4 C:/Program Files (x86)/Atmel/Studio/7.0/Packs/atmel/ATmega_DFP/1.6.364/gcc/dev/atmega328p/avr5/crtatmega328p.o
 .debug_info    0x000005f4       0x94 abi.o
 .debug_info    0x00000688     0x27ac Print.o
 .debug_info    0x00002e34      0x5db wiring_digital.o
 .debug_info    0x0000340f      0x66b SPI.o
 .debug_info    0x00003a7a      0x931 twi.o
 .debug_info    0x000043ab     0x2929 Wire.o
 .debug_info    0x00006cd4     0x2cc8 File.o
 .debug_info    0x0000999c     0x4ed9 SD.o
 .debug_info    0x0000e875     0x3229 Sd2Card.o
 .debug_info    0x00011a9e     0x52e4 SdFile.o
 .debug_info    0x00016d82     0x2684 SdVolume.o
 .debug_info    0x00019406      0xdd4 LCDScreen.o
 .debug_info    0x0001a1da     0x5272 main.o
 .debug_info    0x0001f44c      0x214 time.o

.debug_abbrev   0x00000000     0x409c
 *(.debug_abbrev)
 .debug_abbrev  0x00000000      0x5a2 C:/Program Files (x86)/Atmel/Studio/7.0/Packs/atmel/ATmega_DFP/1.6.364/gcc/dev/atmega328p/avr5/crtatmega328p.o
 .debug_abbrev  0x000005a2       0x64 abi.o
 .debug_abbrev  0x00000606      0x3db Print.o
 .debug_abbrev  0x000009e1      0x149 wiring_digital.o
 .debug_abbrev  0x00000b2a      0x283 SPI.o
 .debug_abbrev  0x00000dad      0x2a8 twi.o
 .debug_abbrev  0x00001055      0x503 Wire.o
 .debug_abbrev  0x00001558      0x55c File.o
 .debug_abbrev  0x00001ab4      0x7a2 SD.o
 .debug_abbrev  0x00002256      0x58c Sd2Card.o
 .debug_abbrev  0x000027e2      0x78f SdFile.o
 .debug_abbrev  0x00002f71      0x50d SdVolume.o
 .debug_abbrev  0x0000347e      0x33b LCDScreen.o
 .debug_abbrev  0x000037b9      0x80a main.o
 .debug_abbrev  0x00003fc3       0xd9 time.o

.debug_line     0x00000000     0x7008
 *(.debug_line .debug_line.* .debug_line_end)
 .debug_line    0x00000000      0x134 C:/Program Files (x86)/Atmel/Studio/7.0/Packs/atmel/ATmega_DFP/1.6.364/gcc/dev/atmega328p/avr5/crtatmega328p.o
 .debug_line    0x00000134      0x10d abi.o
 .debug_line    0x00000241      0x7b0 Print.o
 .debug_line    0x000009f1      0x2cf wiring_digital.o
 .debug_line    0x00000cc0      0x3b4 SPI.o
 .debug_line    0x00001074      0x85f twi.o
 .debug_line    0x000018d3      0x764 Wire.o
 .debug_line    0x00002037      0x6a8 File.o
 .debug_line    0x000026df      0x997 SD.o
 .debug_line    0x00003076      0xe0f Sd2Card.o
 .debug_line    0x00003e85     0x171a SdFile.o
 .debug_line    0x0000559f      0x71b SdVolume.o
 .debug_line    0x00005cba      0x4b5 LCDScreen.o
 .debug_line    0x0000616f      0xce4 main.o
 .debug_line    0x00006e53      0x1b5 time.o

.debug_frame    0x00000000     0x206c
 *(.debug_frame)
 .debug_frame   0x00000000       0x34 abi.o
 .debug_frame   0x00000034      0x3b0 Print.o
 .debug_frame   0x000003e4       0x7c wiring_digital.o
 .debug_frame   0x00000460       0x5c SPI.o
 .debug_frame   0x000004bc      0x218 twi.o
 .debug_frame   0x000006d4      0x2b8 Wire.o
 .debug_frame   0x0000098c      0x1e0 File.o
 .debug_frame   0x00000b6c      0x2e4 SD.o
 .debug_frame   0x00000e50      0x3dc Sd2Card.o
 .debug_frame   0x0000122c      0x700 SdFile.o
 .debug_frame   0x0000192c      0x2ac SdVolume.o
 .debug_frame   0x00001bd8      0x144 LCDScreen.o
 .debug_frame   0x00001d1c      0x2c4 main.o
 .debug_frame   0x00001fe0       0x8c time.o

.debug_str      0x00000000     0x5b95
 *(.debug_str)
 .debug_str     0x00000000      0x208 C:/Program Files (x86)/Atmel/Studio/7.0/Packs/atmel/ATmega_DFP/1.6.364/gcc/dev/atmega328p/avr5/crtatmega328p.o
 .debug_str     0x00000208      0x1e7 abi.o
                                0x1fd (size before relaxing)
 .debug_str     0x000003ef     0x108f Print.o
                               0x128e (size before relaxing)
 .debug_str     0x0000147e      0x1de wiring_digital.o
                                0x2f2 (size before relaxing)
 .debug_str     0x0000165c      0x419 SPI.o
                                0x6f4 (size before relaxing)
 .debug_str     0x00001a75      0x33e twi.o
                                0x537 (size before relaxing)
 .debug_str     0x00001db3      0xa45 Wire.o
                               0x19ec (size before relaxing)
 .debug_str     0x000027f8      0xaf2 File.o
                               0x1e3a (size before relaxing)
 .debug_str     0x000032ea     0x17ac SD.o
                               0x2ee8 (size before relaxing)
 .debug_str     0x00004a96      0x154 Sd2Card.o
                               0x1333 (size before relaxing)
 .debug_str     0x00004bea      0x8f8 SdFile.o
                               0x285d (size before relaxing)
 .debug_str     0x000054e2      0x12f SdVolume.o
                               0x1bdd (size before relaxing)
 .debug_str     0x00005611      0x238 LCDScreen.o
                                0x5c4 (size before relaxing)
 .debug_str     0x00005849      0x303 main.o
                               0x3250 (size before relaxing)
 .debug_str     0x00005b4c       0x49 time.o
                                0x1fb (size before relaxing)

.debug_loc      0x00000000     0xd5fd
 *(.debug_loc)
 .debug_loc     0x00000000     0x198d Print.o
 .debug_loc     0x0000198d      0x53c wiring_digital.o
 .debug_loc     0x00001ec9      0x1e4 SPI.o
 .debug_loc     0x000020ad      0x7a4 twi.o
 .debug_loc     0x00002851      0xc31 Wire.o
 .debug_loc     0x00003482      0x9e8 File.o
 .debug_loc     0x00003e6a     0x17a9 SD.o
 .debug_loc     0x00005613     0x1f25 Sd2Card.o
 .debug_loc     0x00007538     0x3616 SdFile.o
 .debug_loc     0x0000ab4e      0xff5 SdVolume.o
 .debug_loc     0x0000bb43      0x903 LCDScreen.o
 .debug_loc     0x0000c446     0x1032 main.o
 .debug_loc     0x0000d478      0x185 time.o

.debug_macinfo
 *(.debug_macinfo)

.debug_weaknames
 *(.debug_weaknames)

.debug_funcnames
 *(.debug_funcnames)

.debug_typenames
 *(.debug_typenames)

.debug_varnames
 *(.debug_varnames)

.debug_pubtypes
 *(.debug_pubtypes)

.debug_ranges   0x00000000      0x9c0
 *(.debug_ranges)
 .debug_ranges  0x00000000       0x18 abi.o
 .debug_ranges  0x00000018      0x118 Print.o
 .debug_ranges  0x00000130       0x28 wiring_digital.o
 .debug_ranges  0x00000158       0x28 SPI.o
 .debug_ranges  0x00000180       0x88 twi.o
 .debug_ranges  0x00000208      0x108 Wire.o
 .debug_ranges  0x00000310       0xa0 File.o
 .debug_ranges  0x000003b0       0xb8 SD.o
 .debug_ranges  0x00000468       0xd8 Sd2Card.o
 .debug_ranges  0x00000540      0x250 SdFile.o
 .debug_ranges  0x00000790       0xa0 SdVolume.o
 .debug_ranges  0x00000830       0x70 LCDScreen.o
 .debug_ranges  0x000008a0      0x100 main.o
 .debug_ranges  0x000009a0       0x20 time.o

.debug_macro
 *(.debug_macro)
OUTPUT(Voice_Recorder.elf elf32-avr)
LOAD linker stubs
