Archive member included to satisfy reference by file (symbol)

c:/program files (x86)/atmel/studio/7.0/toolchain/avr8/avr8-gnu-toolchain/bin/../lib/gcc/avr/5.4.0/../../../../avr/lib/avr5\libm.a(addsf3.o)
                              Core/Print.o (__subsf3)
c:/program files (x86)/atmel/studio/7.0/toolchain/avr8/avr8-gnu-toolchain/bin/../lib/gcc/avr/5.4.0/../../../../avr/lib/avr5\libm.a(addsf3x.o)
                              c:/program files (x86)/atmel/studio/7.0/toolchain/avr8/avr8-gnu-toolchain/bin/../lib/gcc/avr/5.4.0/../../../../avr/lib/avr5\libm.a(addsf3.o) (__addsf3x)
c:/program files (x86)/atmel/studio/7.0/toolchain/avr8/avr8-gnu-toolchain/bin/../lib/gcc/avr/5.4.0/../../../../avr/lib/avr5\libm.a(cmpsf2.o)
                              Core/Print.o (__ltsf2)
c:/program files (x86)/atmel/studio/7.0/toolchain/avr8/avr8-gnu-toolchain/bin/../lib/gcc/avr/5.4.0/../../../../avr/lib/avr5\libm.a(divsf3.o)
                              Core/Print.o (__divsf3)
c:/program files (x86)/atmel/studio/7.0/toolchain/avr8/avr8-gnu-toolchain/bin/../lib/gcc/avr/5.4.0/../../../../avr/lib/avr5\libm.a(divsf3x.o)
                              c:/program files (x86)/atmel/studio/7.0/toolchain/avr8/avr8-gnu-toolchain/bin/../lib/gcc/avr/5.4.0/../../../../avr/lib/avr5\libm.a(divsf3.o) (__divsf3x)
c:/program files (x86)/atmel/studio/7.0/toolchain/avr8/avr8-gnu-toolchain/bin/../lib/gcc/avr/5.4.0/../../../../avr/lib/avr5\libm.a(fixunssfsi.o)
                              Core/Print.o (__fixunssfsi)
c:/program files (x86)/atmel/studio/7.0/toolchain/avr8/avr8-gnu-toolchain/bin/../lib/gcc/avr/5.4.0/../../../../avr/lib/avr5\libm.a(floatsisf.o)
                              Core/Print.o (__floatunsisf)
c:/program files (x86)/atmel/studio/7.0/toolchain/avr8/avr8-gnu-toolchain/bin/../lib/gcc/avr/5.4.0/../../../../avr/lib/avr5\libm.a(fp_cmp.o)
                              c:/program files (x86)/atmel/studio/7.0/toolchain/avr8/avr8-gnu-toolchain/bin/../lib/gcc/avr/5.4.0/../../../../avr/lib/avr5\libm.a(cmpsf2.o) (__fp_cmp)
c:/program files (x86)/atmel/studio/7.0/toolchain/avr8/avr8-gnu-toolchain/bin/../lib/gcc/avr/5.4.0/../../../../avr/lib/avr5\libm.a(fp_inf.o)
                              c:/program files (x86)/atmel/studio/7.0/toolchain/avr8/avr8-gnu-toolchain/bin/../lib/gcc/avr/5.4.0/../../../../avr/lib/avr5\libm.a(addsf3x.o) (__fp_inf)
c:/program files (x86)/atmel/studio/7.0/toolchain/avr8/avr8-gnu-toolchain/bin/../lib/gcc/avr/5.4.0/../../../../avr/lib/avr5\libm.a(fp_nan.o)
                              c:/program files (x86)/atmel/studio/7.0/toolchain/avr8/avr8-gnu-toolchain/bin/../lib/gcc/avr/5.4.0/../../../../avr/lib/avr5\libm.a(addsf3x.o) (__fp_nan)
c:/program files (x86)/atmel/studio/7.0/toolchain/avr8/avr8-gnu-toolchain/bin/../lib/gcc/avr/5.4.0/../../../../avr/lib/avr5\libm.a(fp_pscA.o)
                              c:/program files (x86)/atmel/studio/7.0/toolchain/avr8/avr8-gnu-toolchain/bin/../lib/gcc/avr/5.4.0/../../../../avr/lib/avr5\libm.a(addsf3x.o) (__fp_pscA)
c:/program files (x86)/atmel/studio/7.0/toolchain/avr8/avr8-gnu-toolchain/bin/../lib/gcc/avr/5.4.0/../../../../avr/lib/avr5\libm.a(fp_pscB.o)
                              c:/program files (x86)/atmel/studio/7.0/toolchain/avr8/avr8-gnu-toolchain/bin/../lib/gcc/avr/5.4.0/../../../../avr/lib/avr5\libm.a(addsf3x.o) (__fp_pscB)
c:/program files (x86)/atmel/studio/7.0/toolchain/avr8/avr8-gnu-toolchain/bin/../lib/gcc/avr/5.4.0/../../../../avr/lib/avr5\libm.a(fp_round.o)
                              c:/program files (x86)/atmel/studio/7.0/toolchain/avr8/avr8-gnu-toolchain/bin/../lib/gcc/avr/5.4.0/../../../../avr/lib/avr5\libm.a(addsf3.o) (__fp_round)
c:/program files (x86)/atmel/studio/7.0/toolchain/avr8/avr8-gnu-toolchain/bin/../lib/gcc/avr/5.4.0/../../../../avr/lib/avr5\libm.a(fp_split3.o)
                              c:/program files (x86)/atmel/studio/7.0/toolchain/avr8/avr8-gnu-toolchain/bin/../lib/gcc/avr/5.4.0/../../../../avr/lib/avr5\libm.a(addsf3x.o) (__fp_split3)
c:/program files (x86)/atmel/studio/7.0/toolchain/avr8/avr8-gnu-toolchain/bin/../lib/gcc/avr/5.4.0/../../../../avr/lib/avr5\libm.a(fp_zero.o)
                              c:/program files (x86)/atmel/studio/7.0/toolchain/avr8/avr8-gnu-toolchain/bin/../lib/gcc/avr/5.4.0/../../../../avr/lib/avr5\libm.a(addsf3x.o) (__fp_zero)
c:/program files (x86)/atmel/studio/7.0/toolchain/avr8/avr8-gnu-toolchain/bin/../lib/gcc/avr/5.4.0/../../../../avr/lib/avr5\libm.a(gesf2.o)
                              Core/Print.o (__gtsf2)
c:/program files (x86)/atmel/studio/7.0/toolchain/avr8/avr8-gnu-toolchain/bin/../lib/gcc/avr/5.4.0/../../../../avr/lib/avr5\libm.a(mulsf3.o)
                              Core/Print.o (__mulsf3)
c:/program files (x86)/atmel/studio/7.0/toolchain/avr8/avr8-gnu-toolchain/bin/../lib/gcc/avr/5.4.0/../../../../avr/lib/avr5\libm.a(mulsf3x.o)
[...]
Memory Configuration

Name             Origin             Length             Attributes
text             0x00000000         0x00008000         xr
data             0x00800100         0x00000800         rw !x
eeprom           0x00810000         0x00000400         rw !x
fuse             0x00820000         0x00000003         rw !x
lock             0x00830000         0x00000400         rw !x
signature        0x00840000         0x00000400         rw !x
user_signatures  0x00850000         0x00000400         rw !x
*default*        0x00000000         0xffffffff

Linker script and memory map

Address of section .data set to 0x800100
LOAD C:/Program Files (x86)/Atmel/Studio/7.0/Packs/atmel/ATmega_DFP/1.6.364/gcc/dev/atmega328p/avr5/crtatmega328p.o
LOAD Core/abi.o
LOAD Core/Print.o
LOAD Core/time.o
LOAD Core/wiring_digital.o
LOAD main.o
LOAD SD/src/File.o
LOAD SD/src/SD.o
LOAD SD/src/utility/Sd2Card.o
LOAD SD/src/utility/SdFile.o
LOAD SD/src/utility/SdVolume.o
LOAD SPI/src/SPI.o
LOAD SSD1306Ascii/src/SSD1306Ascii.o
LOAD Wire/src/utility/twi.o
LOAD Wire/src/Wire.o
START GROUP
LOAD c:/program files (x86)/atmel/studio/7.0/toolchain/avr8/avr8-gnu-toolchain/bin/../lib/gcc/avr/5.4.0/../../../../avr/lib/avr5\libm.a
END GROUP
LOAD c:/program files (x86)/atmel/studio/7.0/toolchain/avr8/avr8-gnu-toolchain/bin/../lib/gcc/avr/5.4.0/avr5\libgcc.a
LOAD c:/program files (x86)/atmel/studio/7.0/toolchain/avr8/avr8-gnu-toolchain/bin/../lib/gcc/avr/5.4.0/../../../../avr/lib/avr5\libm.a
START GROUP
LOAD c:/program files (x86)/atmel/studio/7.0/toolchain/avr8/avr8-gnu-toolchain/bin/../lib/gcc/avr/5.4.0/avr5\libgcc.a
LOAD c:/program files (x86)/atmel/studio/7.0/toolchain/avr8/avr8-gnu-toolchain/bin/../lib/gcc/avr/5.4.0/../../../../avr/lib/avr5\libm.a
LOAD c:/program files (x86)/atmel/studio/7.0/toolchain/avr8/avr8-gnu-toolchain/bin/../lib/gcc/avr/5.4.0/../../../../avr/lib/avr5\libc.a
LOAD C:/Program Files (x86)/Atmel/Studio/7.0/Packs/atmel/ATmega_DFP/1.6.364/gcc/dev/atmega328p/avr5\libatmega328p.a
END GROUP
                0x00000000                __TEXT_REGION_ORIGIN__ = DEFINED (__TEXT_REGION_ORIGIN__)?__TEXT_REGION_ORIGIN__:0x0
                [0x00800100]                __DATA_REGION_ORIGIN__ = DEFINED (__DATA_REGION_ORIGIN__)?__DATA_REGION_ORIGIN__:0x800060
                [0x00008000]                __TEXT_REGION_LENGTH__ = DEFINED (__TEXT_REGION_LENGTH__)?__TEXT_REGION_LENGTH__:0x20000
                [0x00000800]                __DATA_REGION_LENGTH__ = DEFINED (__DATA_REGION_LENGTH__)?__DATA_REGION_LENGTH__:0xffa0
                [0x00000400]                __EEPROM_REGION_LENGTH__ = DEFINED (__EEPROM_REGION_LENGTH__)?__EEPROM_REGION_LENGTH__:0x10000
                [0x00000003]                __FUSE_REGION_LENGTH__ = DEFINED (__FUSE_REGION_LENGTH__)?__FUSE_REGION_LENGTH__:0x400
                0x00000400                __LOCK_REGION_LENGTH__ = DEFINED (__LOCK_REGION_LENGTH__)?__LOCK_REGION_LENGTH__:0x400
                0x00000400                __SIGNATURE_REGION_LENGTH__ = DEFINED (__SIGNATURE_REGION_LENGTH__)?__SIGNATURE_REGION_LENGTH__:0x400
                0x00000400                __USER_SIGNATURE_REGION_LENGTH__ = DEFINED (__USER_SIGNATURE_REGION_LENGTH__)?__USER_SIGNATURE_REGION_LENGTH__:0x400

.hash
 *(.hash)

.dynsym
 *(.dynsym)

.dynstr
 *(.dynstr)

.gnu.version
 *(.gnu.version)

.gnu.version_d
 *(.gnu.version_d)

.gnu.version_r
 *(.gnu.version_r)

.rel.init
 *(.rel.init)

.rela.init
 *(.rela.init)

.rel.text
 *(.rel.text)
 *(.rel.text.*)
 *(.rel.gnu.linkonce.t*)

.rela.text
 *(.rela.text)
 *(.rela.text.*)
 *(.rela.gnu.linkonce.t*)

.rel.fini
 *(.rel.fini)

.rela.fini
 *(.rela.fini)

.rel.rodata
 *(.rel.rodata)
 *(.rel.rodata.*)
 *(.rel.gnu.linkonce.r*)

.rela.rodata
 *(.rela.rodata)
 *(.rela.rodata.*)
 *(.rela.gnu.linkonce.r*)

.rel.data
 *(.rel.data)
 *(.rel.data.*)
 *(.rel.gnu.linkonce.d*)

.rela.data
 *(.rela.data)
 *(.rela.data.*)
 *(.rela.gnu.linkonce.d*)

.rel.ctors
 *(.rel.ctors)

.rela.ctors
 *(.rela.ctors)

.rel.dtors
 *(.rel.dtors)

.rela.dtors
 *(.rela.dtors)

.rel.got
 *(.rel.got)

.rela.got
 *(.rela.got)

.rel.bss
 *(.rel.bss)

.rela.bss
 *(.rela.bss)

.rel.plt
 *(.rel.plt)

.rela.plt
 *(.rela.plt)

.text           0x00000000     0x62b0
 *(.vectors)
 .vectors       0x00000000       0x68 C:/Program Files (x86)/Atmel/Studio/7.0/Packs/atmel/ATmega_DFP/1.6.364/gcc/dev/atmega328p/avr5/crtatmega328p.o
                0x00000000                __vector_default
                0x00000000                __vectors
 *(.vectors)
 *(.progmem.gcc*)
 .progmem.gcc_sw_table.__vector_24
                0x00000068      0x192 Wire/src/utility/twi.o
                0x000001fa                . = ALIGN (0x2)
                0x000001fa                __trampolines_start = .
 *(.trampolines)
 .trampolines   0x000001fa        0x0 linker stubs
 *(.trampolines*)
                0x000001fa                __trampolines_end = .
 *libprintf_flt.a:*(.progmem.data)
 *libc.a:*(.progmem.data)
 *(.progmem*)
 .progmem.data.digital_pin_to_timer_PGM
                0x000001fa       0x14 Core/wiring_digital.o
                0x000001fa                digital_pin_to_timer_PGM
 .progmem.data.digital_pin_to_bit_mask_PGM
                0x0000020e       0x14 Core/wiring_digital.o
                0x0000020e                digital_pin_to_bit_mask_PGM
 .progmem.data.digital_pin_to_port_PGM
                0x00000222       0x14 Core/wiring_digital.o
                0x00000222                digital_pin_to_port_PGM
 .progmem.data.port_to_output_PGM
                0x00000236        0xa Core/wiring_digital.o
                0x00000236                port_to_output_PGM
 .progmem.data.port_to_mode_PGM
                0x00000240        0xa Core/wiring_digital.o
                0x00000240                port_to_mode_PGM
 .progmem.data._ZL13Arial_bold_14
                0x0000024a      0x534 main.o
 .progmem.data._ZL12ZevvPeep8x16
                0x0000077e      0x546 main.o
 .progmem.data._ZL14Adafruit128x32
                0x00000cc4        0x6 main.o
 .progmem.data._ZL18Adafruit128x32init
                0x00000cca       0x19 main.o
 .progmem.data._ZZN6SdFile10make83NameEPKcPhE3__c
                0x00000ce3       0x10 SD/src/utility/SdFile.o
 .progmem.data._ZL12scaledNibble
                0x00000cf3       0x10 SSD1306Ascii/src/SSD1306Ascii.o
                0x00000d04                . = ALIGN (0x2)
 *fill*         0x00000d03        0x1 
 *(.jumptables)
 *(.jumptables*)
 *(.lowtext)
 *(.lowtext*)
                0x00000d04                __ctors_start = .
 *(.ctors)
 .ctors         0x00000d04        0x2 main.o
 .ctors         0x00000d06        0x2 SD/src/SD.o
 .ctors         0x00000d08        0x2 SD/src/utility/Sd2Card.o
 .ctors         0x00000d0a        0x2 Wire/src/Wire.o
                0x00000d0c                __ctors_end = .
                0x00000d0c                __dtors_start = .
 *(.dtors)
                0x00000d0c                __dtors_end = .
 SORT(*)(.ctors)
 SORT(*)(.dtors)
 *(.init0)
 .init0         0x00000d0c        0x0 C:/Program Files (x86)/Atmel/Studio/7.0/Packs/atmel/ATmega_DFP/1.6.364/gcc/dev/atmega328p/avr5/crtatmega328p.o
                0x00000d0c                __init
 *(.init0)
 *(.init1)
 *(.init1)
 *(.init2)
 .init2         0x00000d0c        0xc C:/Program Files (x86)/Atmel/Studio/7.0/Packs/atmel/ATmega_DFP/1.6.364/gcc/dev/atmega328p/avr5/crtatmega328p.o
 *(.init2)
 *(.init3)
 *(.init3)
 *(.init4)
 .init4         0x00000d18       0x16 c:/program files (x86)/atmel/studio/7.0/toolchain/avr8/avr8-gnu-toolchain/bin/../lib/gcc/avr/5.4.0/avr5\libgcc.a(_copy_data.o)
                0x00000d18                __do_copy_data
 .init4         0x00000d2e       0x10 c:/program files (x86)/atmel/studio/7.0/toolchain/avr8/avr8-gnu-toolchain/bin/../lib/gcc/avr/5.4.0/avr5\libgcc.a(_clear_bss.o)
                0x00000d2e                __do_clear_bss
 *(.init4)
 *(.init5)
 *(.init5)
 *(.init6)
 .init6         0x00000d3e       0x16 c:/program files (x86)/atmel/studio/7.0/toolchain/avr8/avr8-gnu-toolchain/bin/../lib/gcc/avr/5.4.0/avr5\libgcc.a(_ctors.o)
                0x00000d3e                __do_global_ctors
 *(.init6)
 *(.init7)
 *(.init7)
 *(.init8)
 *(.init8)
 *(.init9)
 .init9         0x00000d54        0x8 C:/Program Files (x86)/Atmel/Studio/7.0/Packs/atmel/ATmega_DFP/1.6.364/gcc/dev/atmega328p/avr5/crtatmega328p.o
 *(.init9)
 *(.text)
 .text          0x00000d5c        0x4 C:/Program Files (x86)/Atmel/Studio/7.0/Packs/atmel/ATmega_DFP/1.6.364/gcc/dev/atmega328p/avr5/crtatmega328p.o
                0x00000d5c                __vector_22
                0x00000d5c                __vector_1
                0x00000d5c                __vector_12
                0x00000d5c                __bad_interrupt
                0x00000d5c                __vector_6
                0x00000d5c                __vector_3
                0x00000d5c                __vector_23
                0x00000d5c                __vector_25
                0x00000d5c                __vector_11
                0x00000d5c                __vector_13
                0x00000d5c                __vector_17
                0x00000d5c                __vector_19
                0x00000d5c                __vector_7
                0x00000d5c                __vector_5
                0x00000d5c                __vector_4
                0x00000d5c                __vector_9
                0x00000d5c                __vector_2
                0x00000d5c                __vector_21
                0x00000d5c                __vector_15
                0x00000d5c                __vector_8
                0x00000d5c                __vector_14
                0x00000d5c                __vector_10
                0x00000d5c                __vector_18
                0x00000d5c                __vector_20
                0x00000d60                . = ALIGN (0x2)
 *(.text.*)
 .text.__cxa_pure_virtual
                0x00000d60        0x4 Core/abi.o
                0x00000d60                __cxa_pure_virtual
 .text._ZN5Print17availableForWriteEv
                0x00000d64        0x6 Core/Print.o
                0x00000d64                _ZN5Print17availableForWriteEv
 .text._ZN5Print5flushEv
                0x00000d6a        0x2 Core/Print.o
                0x00000d6a                _ZN5Print5flushEv
 .text._ZN5Print5writeEPKhj
                0x00000d6c       0x60 Core/Print.o
                0x00000d6c                _ZN5Print5writeEPKhj
 .text._ZN5Print5printEPKc
                0x00000dcc       0x2c Core/Print.o
                0x00000dcc                _ZN5Print5printEPKc
 .text._ZN5Print7printlnEv
                0x00000df8       0x18 Core/Print.o
                0x00000df8                _ZN5Print7printlnEv
 .text._ZN5Print7printlnEPKc
                0x00000e10       0x24 Core/Print.o
                0x00000e10                _ZN5Print7printlnEPKc
 .text.__vector_16
                0x00000e34       0xb6 Core/time.o
                0x00000e34                __vector_16
 .text.millis   0x00000eea       0x18 Core/time.o
                0x00000eea                millis
 .text.turnOffPWM
                0x00000f02       0x5e Core/wiring_digital.o
 .text.pinMode  0x00000f60       0x7e Core/wiring_digital.o
                0x00000f60                pinMode
 .text.digitalWrite
                0x00000fde       0x62 Core/wiring_digital.o
                0x00000fde                digitalWrite
 .text._ZN18SSD1306AsciiAvrI2c12writeDisplayEhh
                0x00001040      0x12e main.o
                0x00001040                _ZN18SSD1306AsciiAvrI2c12writeDisplayEhh
 .text._Z41__static_initialization_and_destruction_0ii
                0x0000116e       0x2a main.o
 .text._Z8keyInputv
                0x00001198       0x62 main.o
                0x00001198                _Z8keyInputv
 .text._Z10clrDisplayPKc
                0x000011fa       0x2a main.o
                0x000011fa                _Z10clrDisplayPKc
 .text._Z10secondLinePKc
                0x00001224       0x22 main.o
                0x00001224                _Z10secondLinePKc
 .text._Z12getTrackListv
                0x00001246       0x66 main.o
                0x00001246                _Z12getTrackListv
 .text._Z9nextTrackv
                0x000012ac       0x2c main.o
                0x000012ac                _Z9nextTrackv
 .text._Z13previousTrackv
                0x000012d8       0x2c main.o
                0x000012d8                _Z13previousTrackv
 .text._Z15checkDuplicatesv
                0x00001304       0x26 main.o
                0x00001304                _Z15checkDuplicatesv
 .text._Z11deleteTrackv
                0x0000132a       0xd8 main.o
                0x0000132a                _Z11deleteTrackv
 .text._Z12makeWaveFileN5SDLib4FileE
                0x00001402       0x98 main.o
                0x00001402                _Z12makeWaveFileN5SDLib4FileE
 .text._Z12finalizeWaveN5SDLib4FileE
                0x0000149a       0xb0 main.o
                0x0000149a                _Z12finalizeWaveN5SDLib4FileE
 .text._Z13sig_freqShiftPc
                0x0000154a      0x120 main.o
                0x0000154a                _Z13sig_freqShiftPc
 .text._Z8convolvePiPchi
                0x0000166a      0x5bc main.o
                0x0000166a                _Z8convolvePiPchi
 .text._Z10pickFilterc
                0x00001c26      0x11e main.o
                0x00001c26                _Z10pickFilterc
 .text._Z12checkChangesv
                0x00001d44       0xbc main.o
                0x00001d44                _Z12checkChangesv
 .text._Z9playTrackv
                0x00001e00      0x162 main.o
                0x00001e00                _Z9playTrackv
 .text._Z9analog_ini
                0x00001f62       0x2c main.o
                0x00001f62                _Z9analog_ini
 .text._Z6recordv
                0x00001f8e      0x164 main.o
                0x00001f8e                _Z6recordv
 .text._Z17initialize_Thingsv
                0x000020f2       0x76 main.o
                0x000020f2                _Z17initialize_Thingsv
 .text.main     0x00002168      0x254 main.o
                0x00002168                main
 .text._GLOBAL__sub_I_mode
                0x000023bc        0xe main.o
 .text._ZN5SDLib4File5writeEh
                0x000023ca       0x2c SD/src/File.o
                0x000023ca                _ZN5SDLib4File5writeEh
 .text._ZN5SDLib4File17availableForWriteEv
                0x000023f6       0x24 SD/src/File.o
                0x000023f6                _ZN5SDLib4File17availableForWriteEv
 .text._ZN5SDLib4File5writeEPKhj
                0x0000241a       0x50 SD/src/File.o
                0x0000241a                _ZN5SDLib4File5writeEPKhj
 .text._ZN5SDLib4File4readEv
                0x0000246a       0x3e SD/src/File.o
                0x0000246a                _ZN5SDLib4File4readEv
 .text._ZN5SDLib4File4peekEv
                0x000024a8       0x78 SD/src/File.o
                0x000024a8                _ZN5SDLib4File4peekEv
 .text._ZN5SDLib4File5flushEv
                0x00002520       0x12 SD/src/File.o
                0x00002520                _ZN5SDLib4File5flushEv
 .text._ZN5SDLib4FileC2E6SdFilePKc
                0x00002532       0x6a SD/src/File.o
                0x00002532                _ZN5SDLib4FileC1E6SdFilePKc
                0x00002532                _ZN5SDLib4FileC2E6SdFilePKc
 .text._ZN5SDLib4FileC2Ev
                0x0000259c       0x26 SD/src/File.o
                0x0000259c                _ZN5SDLib4FileC2Ev
                0x0000259c                _ZN5SDLib4FileC1Ev
 .text._ZN5SDLib4File4readEPvj
                0x000025c2       0x16 SD/src/File.o
                0x000025c2                _ZN5SDLib4File4readEPvj
 .text._ZN5SDLib4File4seekEm
                0x000025d8       0x1e SD/src/File.o
                0x000025d8                _ZN5SDLib4File4seekEm
 .text._ZN5SDLib4File8positionEv
                0x000025f6       0x20 SD/src/File.o
                0x000025f6                _ZN5SDLib4File8positionEv
 .text._ZN5SDLib4File4sizeEv
                0x00002616       0x20 SD/src/File.o
                0x00002616                _ZN5SDLib4File4sizeEv
 .text._ZN5SDLib4File9availableEv
                0x00002636       0x5e SD/src/File.o
                0x00002636                _ZN5SDLib4File9availableEv
 .text._ZN5SDLib4File5closeEv
                0x00002694       0x26 SD/src/File.o
                0x00002694                _ZN5SDLib4File5closeEv
 .text._ZN5SDLib4FilecvbEv
                0x000026ba       0x1e SD/src/File.o
                0x000026ba                _ZN5SDLib4FilecvbEv
 .text._Z41__static_initialization_and_destruction_0ii
                0x000026d8       0x38 SD/src/SD.o
 .text._ZN5SDLib19callback_pathExistsER6SdFilePKcbPv
                0x00002710       0x5c SD/src/SD.o
                0x00002710                _ZN5SDLib19callback_pathExistsER6SdFilePKcbPv
 .text._ZN5SDLib15callback_removeER6SdFilePKcbPv
                0x0000276c       0x18 SD/src/SD.o
                0x0000276c                _ZN5SDLib15callback_removeER6SdFilePKcbPv
 .text._ZN5SDLib20getNextPathComponentEPKcPjPc
                0x00002784       0x74 SD/src/SD.o
                0x00002784                _ZN5SDLib20getNextPathComponentEPKcPjPc
 .text._ZN5SDLib8walkPathEPKcR6SdFilePFbS3_S1_bPvES4_
                0x000027f8      0x11c SD/src/SD.o
                0x000027f8                _ZN5SDLib8walkPathEPKcR6SdFilePFbS3_S1_bPvES4_
 .text._ZN5SDLib7SDClass5beginEh
                0x00002914       0x74 SD/src/SD.o
                0x00002914                _ZN5SDLib7SDClass5beginEh
 .text._ZN5SDLib7SDClass12getParentDirEPKcPi
                0x00002988      0x1d8 SD/src/SD.o
                0x00002988                _ZN5SDLib7SDClass12getParentDirEPKcPi
 .text._ZN5SDLib7SDClass4openEPKch
                0x00002b60      0x22e SD/src/SD.o
                0x00002b60                _ZN5SDLib7SDClass4openEPKch
 .text._ZN5SDLib7SDClass6existsEPKc
                0x00002d8e       0x18 SD/src/SD.o
                0x00002d8e                _ZN5SDLib7SDClass6existsEPKc
 .text._ZN5SDLib7SDClass6removeEPKc
                0x00002da6       0x18 SD/src/SD.o
                0x00002da6                _ZN5SDLib7SDClass6removeEPKc
 .text._GLOBAL__sub_I__ZN5SDLib20getNextPathComponentEPKcPjPc
                0x00002dbe        0xe SD/src/SD.o
 .text._ZL7spiSendh
                0x00002dcc        0xe SD/src/utility/Sd2Card.o
 .text._ZL6spiRecv
                0x00002dda       0x10 SD/src/utility/Sd2Card.o
 .text._Z41__static_initialization_and_destruction_0ii
                0x00002dea       0x16 SD/src/utility/Sd2Card.o
 .text._ZN7Sd2Card14chipSelectHighEv
                0x00002e00       0x3c SD/src/utility/Sd2Card.o
                0x00002e00                _ZN7Sd2Card14chipSelectHighEv
 .text._ZN7Sd2Card13chipSelectLowEv
                0x00002e3c       0x54 SD/src/utility/Sd2Card.o
                0x00002e3c                _ZN7Sd2Card13chipSelectLowEv
 .text._ZN7Sd2Card7readEndEv
                0x00002e90       0x34 SD/src/utility/Sd2Card.o
                0x00002e90                _ZN7Sd2Card7readEndEv
 .text._ZN7Sd2Card10setSckRateEh
                0x00002ec4       0x8c SD/src/utility/Sd2Card.o
                0x00002ec4                _ZN7Sd2Card10setSckRateEh
 .text._ZN7Sd2Card11waitNotBusyEj
                0x00002f50       0x36 SD/src/utility/Sd2Card.o
                0x00002f50                _ZN7Sd2Card11waitNotBusyEj
 .text._ZN7Sd2Card11cardCommandEhm
                0x00002f86       0xa0 SD/src/utility/Sd2Card.o
                0x00002f86                _ZN7Sd2Card11cardCommandEhm
 .text._ZN7Sd2Card4initEhh
                0x00003026      0x1ce SD/src/utility/Sd2Card.o
                0x00003026                _ZN7Sd2Card4initEhh
 .text._ZN7Sd2Card14waitStartBlockEv
                0x000031f4       0x4c SD/src/utility/Sd2Card.o
                0x000031f4                _ZN7Sd2Card14waitStartBlockEv
 .text._ZN7Sd2Card8readDataEmjjPh
                0x00003240      0x11a SD/src/utility/Sd2Card.o
                0x00003240                _ZN7Sd2Card8readDataEmjjPh
 .text._ZN7Sd2Card9readBlockEmPh
                0x0000335a       0x20 SD/src/utility/Sd2Card.o
                0x0000335a                _ZN7Sd2Card9readBlockEmPh
 .text._ZN7Sd2Card9writeDataEhPKh
                0x0000337a       0x6a SD/src/utility/Sd2Card.o
                0x0000337a                _ZN7Sd2Card9writeDataEhPKh
 .text._ZN7Sd2Card10writeBlockEmPKhh
                0x000033e4       0xbc SD/src/utility/Sd2Card.o
                0x000033e4                _ZN7Sd2Card10writeBlockEmPKhh
 .text._ZN7Sd2Card6isBusyEv
                0x000034a0       0x28 SD/src/utility/Sd2Card.o
                0x000034a0                _ZN7Sd2Card6isBusyEv
 .text._GLOBAL__sub_I__ZN7Sd2Card11cardCommandEhm
                0x000034c8        0xe SD/src/utility/Sd2Card.o
 .text._ZN6SdFile10addClusterEv
                0x000034d6       0x54 SD/src/utility/SdFile.o
                0x000034d6                _ZN6SdFile10addClusterEv
 .text._ZN6SdFile13addDirClusterEv
                0x0000352a       0xd2 SD/src/utility/SdFile.o
                0x0000352a                _ZN6SdFile13addDirClusterEv
 .text._ZN6SdFile13cacheDirEntryEh
                0x000035fc       0x32 SD/src/utility/SdFile.o
                0x000035fc                _ZN6SdFile13cacheDirEntryEh
 .text._ZN6SdFile10make83NameEPKcPh
                0x0000362e       0x9e SD/src/utility/SdFile.o
                0x0000362e                _ZN6SdFile10make83NameEPKcPh
 .text._ZN6SdFile8openRootEP8SdVolume
                0x000036cc       0xba SD/src/utility/SdFile.o
                0x000036cc                _ZN6SdFile8openRootEP8SdVolume
 .text._ZN6SdFile4readEPvj
                0x00003786      0x29e SD/src/utility/SdFile.o
                0x00003786                _ZN6SdFile4readEPvj
 .text._ZN6SdFile12readDirCacheEv
                0x00003a24       0x96 SD/src/utility/SdFile.o
                0x00003a24                _ZN6SdFile12readDirCacheEv
 .text._ZN6SdFile7seekSetEm
                0x00003aba      0x142 SD/src/utility/SdFile.o
                0x00003aba                _ZN6SdFile7seekSetEm
 .text._ZN6SdFile4syncEh
                0x00003bfc       0xa6 SD/src/utility/SdFile.o
                0x00003bfc                _ZN6SdFile4syncEh
 .text._ZN6SdFile5closeEv
                0x00003ca2       0x1a SD/src/utility/SdFile.o
                0x00003ca2                _ZN6SdFile5closeEv
 .text._ZN6SdFile17availableForWriteEv
                0x00003cbc       0xca SD/src/utility/SdFile.o
                0x00003cbc                _ZN6SdFile17availableForWriteEv
 .text._ZN6SdFile8truncateEm
                0x00003d86      0x1a2 SD/src/utility/SdFile.o
                0x00003d86                _ZN6SdFile8truncateEm
 .text._ZN6SdFile15openCachedEntryEhh
                0x00003f28       0xdc SD/src/utility/SdFile.o
                0x00003f28                _ZN6SdFile15openCachedEntryEhh
 .text._ZN6SdFile4openEPS_PKch
                0x00004004      0x1ea SD/src/utility/SdFile.o
                0x00004004                _ZN6SdFile4openEPS_PKch
 .text._ZN6SdFile6removeEv
                0x000041ee       0x38 SD/src/utility/SdFile.o
                0x000041ee                _ZN6SdFile6removeEv
 .text._ZN6SdFile6removeEPS_PKc
                0x00004226       0x4e SD/src/utility/SdFile.o
                0x00004226                _ZN6SdFile6removeEPS_PKc
 .text._ZN6SdFile5writeEPKvj
                0x00004274      0x37c SD/src/utility/SdFile.o
                0x00004274                _ZN6SdFile5writeEPKvj
 .text._ZN6SdFile5writeEh
                0x000045f0       0x22 SD/src/utility/SdFile.o
                0x000045f0                _ZN6SdFile5writeEh
 .text._ZN8SdVolume21cacheMirrorBlockFlushEh
                0x00004612       0x4c SD/src/utility/SdVolume.o
                0x00004612                _ZN8SdVolume21cacheMirrorBlockFlushEh
 .text._ZN8SdVolume10cacheFlushEh
                0x0000465e       0x56 SD/src/utility/SdVolume.o
                0x0000465e                _ZN8SdVolume10cacheFlushEh
 .text._ZN8SdVolume13cacheRawBlockEmh
                0x000046b4       0x74 SD/src/utility/SdVolume.o
                0x000046b4                _ZN8SdVolume13cacheRawBlockEmh
 .text._ZN8SdVolume14cacheZeroBlockEm
                0x00004728       0x54 SD/src/utility/SdVolume.o
                0x00004728                _ZN8SdVolume14cacheZeroBlockEm
 .text._ZNK8SdVolume6fatGetEmPm
                0x0000477c      0x116 SD/src/utility/SdVolume.o
                0x0000477c                _ZNK8SdVolume6fatGetEmPm
 .text._ZNK8SdVolume9chainSizeEmPm
                0x00004892       0xbc SD/src/utility/SdVolume.o
                0x00004892                _ZNK8SdVolume9chainSizeEmPm
 .text._ZN8SdVolume6fatPutEmm
                0x0000494e      0x196 SD/src/utility/SdVolume.o
                0x0000494e                _ZN8SdVolume6fatPutEmm
 .text._ZN8SdVolume15allocContiguousEmPm
                0x00004ae4      0x228 SD/src/utility/SdVolume.o
                0x00004ae4                _ZN8SdVolume15allocContiguousEmPm
 .text._ZN8SdVolume9freeChainEm
                0x00004d0c       0xac SD/src/utility/SdVolume.o
                0x00004d0c                _ZN8SdVolume9freeChainEm
 .text._ZN8SdVolume4initEP7Sd2Cardh
                0x00004db8      0x2c2 SD/src/utility/SdVolume.o
                0x00004db8                _ZN8SdVolume4initEP7Sd2Cardh
 .text._ZN8SPIClass5beginEv
                0x0000507a       0x6c SPI/src/SPI.o
                0x0000507a                _ZN8SPIClass5beginEv
 .text._ZNK12SSD1306Ascii8fontRowsEv
                0x000050e6       0x38 SSD1306Ascii/src/SSD1306Ascii.o
                0x000050e6                _ZNK12SSD1306Ascii8fontRowsEv
 .text._ZNK12SSD1306Ascii8fontSizeEv
                0x0000511e       0x1a SSD1306Ascii/src/SSD1306Ascii.o
                0x0000511e                _ZNK12SSD1306Ascii8fontSizeEv
 .text._ZN12SSD1306Ascii6setColEh
                0x00005138       0x5c SSD1306Ascii/src/SSD1306Ascii.o
                0x00005138                _ZN12SSD1306Ascii6setColEh
 .text._ZN12SSD1306Ascii7setFontEPKh
                0x00005194       0x32 SSD1306Ascii/src/SSD1306Ascii.o
                0x00005194                _ZN12SSD1306Ascii7setFontEPKh
 .text._ZN12SSD1306Ascii6setRowEh
                0x000051c6       0x2a SSD1306Ascii/src/SSD1306Ascii.o
                0x000051c6                _ZN12SSD1306Ascii6setRowEh
 .text._ZN12SSD1306Ascii9setCursorEhh
                0x000051f0       0x1e SSD1306Ascii/src/SSD1306Ascii.o
                0x000051f0                _ZN12SSD1306Ascii9setCursorEhh
 .text._ZN12SSD1306Ascii12setStartLineEh
                0x0000520e       0x1c SSD1306Ascii/src/SSD1306Ascii.o
                0x0000520e                _ZN12SSD1306Ascii12setStartLineEh
 .text._ZN12SSD1306Ascii18ssd1306WriteRamBufEh
                0x0000522a       0x3e SSD1306Ascii/src/SSD1306Ascii.o
                0x0000522a                _ZN12SSD1306Ascii18ssd1306WriteRamBufEh
 .text._ZN12SSD1306Ascii5clearEhhhh
                0x00005268       0x70 SSD1306Ascii/src/SSD1306Ascii.o
                0x00005268                _ZN12SSD1306Ascii5clearEhhhh
 .text._ZN12SSD1306Ascii5clearEv
                0x000052d8       0x30 SSD1306Ascii/src/SSD1306Ascii.o
                0x000052d8                _ZN12SSD1306Ascii5clearEv
 .text._ZN12SSD1306Ascii4initEPK7DevType
                0x00005308       0x80 SSD1306Ascii/src/SSD1306Ascii.o
                0x00005308                _ZN12SSD1306Ascii4initEPK7DevType
 .text._ZN12SSD1306Ascii10clearToEOLEv
                0x00005388       0x2a SSD1306Ascii/src/SSD1306Ascii.o
                0x00005388                _ZN12SSD1306Ascii10clearToEOLEv
 .text._ZN12SSD1306Ascii5writeEh
                0x000053b2      0x294 SSD1306Ascii/src/SSD1306Ascii.o
                0x000053b2                _ZN12SSD1306Ascii5writeEh
 .text.twi_init
                0x00005646       0x3c Wire/src/utility/twi.o
                0x00005646                twi_init
 .text.twi_disable
                0x00005682       0x1c Wire/src/utility/twi.o
                0x00005682                twi_disable
 .text.twi_transmit
                0x0000569e       0x58 Wire/src/utility/twi.o
                0x0000569e                twi_transmit
 .text.twi_reply
                0x000056f6       0x14 Wire/src/utility/twi.o
                0x000056f6                twi_reply
 .text.twi_releaseBus
                0x0000570a        0xc Wire/src/utility/twi.o
                0x0000570a                twi_releaseBus
 .text.twi_handleTimeout
                0x00005716       0x40 Wire/src/utility/twi.o
                0x00005716                twi_handleTimeout
 .text.twi_stop
                0x00005756       0x7c Wire/src/utility/twi.o
                0x00005756                twi_stop
 .text.__vector_24
                0x000057d2      0x242 Wire/src/utility/twi.o
                0x000057d2                __vector_24
 .text._ZN7TwoWire9availableEv
                0x00005a14       0x10 Wire/src/Wire.o
                0x00005a14                _ZN7TwoWire9availableEv
 .text._ZN7TwoWire4readEv
                0x00005a24       0x28 Wire/src/Wire.o
                0x00005a24                _ZN7TwoWire4readEv
 .text._ZN7TwoWire4peekEv
                0x00005a4c       0x1e Wire/src/Wire.o
                0x00005a4c                _ZN7TwoWire4peekEv
 .text._ZN7TwoWire5flushEv
                0x00005a6a        0x2 Wire/src/Wire.o
                0x00005a6a                _ZN7TwoWire5flushEv
 .text._ZN7TwoWire5writeEPKhj
                0x00005a6c       0x60 Wire/src/Wire.o
                0x00005a6c                _ZN7TwoWire5writeEPKhj
 .text._ZN7TwoWire5writeEh
                0x00005acc       0x62 Wire/src/Wire.o
                0x00005acc                _ZN7TwoWire5writeEh
 .text._ZN7TwoWireC2Ev
                0x00005b2e       0x20 Wire/src/Wire.o
                0x00005b2e                _ZN7TwoWireC1Ev
                0x00005b2e                _ZN7TwoWireC2Ev
 .text._Z41__static_initialization_and_destruction_0ii
                0x00005b4e       0x14 Wire/src/Wire.o
 .text._GLOBAL__sub_I__ZN7TwoWire8rxBufferE
                0x00005b62        0xe Wire/src/Wire.o
 .text.avr-libc.fplib
                0x00005b70        0xe c:/program files (x86)/atmel/studio/7.0/toolchain/avr8/avr8-gnu-toolchain/bin/../lib/gcc/avr/5.4.0/../../../../avr/lib/avr5\libm.a(addsf3.o)
                0x00005b70                __subsf3
                0x00005b72                __addsf3
 .text.avr-libc.fplib
                0x00005b7e       0xcc c:/program files (x86)/atmel/studio/7.0/toolchain/avr8/avr8-gnu-toolchain/bin/../lib/gcc/avr/5.4.0/../../../../avr/lib/avr5\libm.a(addsf3x.o)
                0x00005ba0                __addsf3x
 .text.avr-libc.fplib
                0x00005c4a        0x8 c:/program files (x86)/atmel/studio/7.0/toolchain/avr8/avr8-gnu-toolchain/bin/../lib/gcc/avr/5.4.0/../../../../avr/lib/avr5\libm.a(divsf3.o)
                0x00005c4a                __divsf3
 .text.avr-libc.fplib
                0x00005c52       0xdc c:/program files (x86)/atmel/studio/7.0/toolchain/avr8/avr8-gnu-toolchain/bin/../lib/gcc/avr/5.4.0/../../../../avr/lib/avr5\libm.a(divsf3x.o)
                0x00005c72                __divsf3x
                0x00005c78                __divsf3_pse
 .text.avr-libc.fplib
                0x00005d2e       0x5e c:/program files (x86)/atmel/studio/7.0/toolchain/avr8/avr8-gnu-toolchain/bin/../lib/gcc/avr/5.4.0/../../../../avr/lib/avr5\libm.a(fixunssfsi.o)
                0x00005d2e                __fixunssfsi
 .text.avr-libc.fplib
                0x00005d8c       0x7a c:/program files (x86)/atmel/studio/7.0/toolchain/avr8/avr8-gnu-toolchain/bin/../lib/gcc/avr/5.4.0/../../../../avr/lib/avr5\libm.a(floatsisf.o)
                0x00005d8c                __floatunsisf
                0x00005d90                __floatsisf
 .text.avr-libc.fplib
                0x00005e06        0xc c:/program files (x86)/atmel/studio/7.0/toolchain/avr8/avr8-gnu-toolchain/bin/../lib/gcc/avr/5.4.0/../../../../avr/lib/avr5\libm.a(fp_inf.o)
                0x00005e06                __fp_inf
 .text.avr-libc.fplib
                0x00005e12        0x6 c:/program files (x86)/atmel/studio/7.0/toolchain/avr8/avr8-gnu-toolchain/bin/../lib/gcc/avr/5.4.0/../../../../avr/lib/avr5\libm.a(fp_nan.o)
                0x00005e12                __fp_nan
 .text.avr-libc.fplib
                0x00005e18        0xe c:/program files (x86)/atmel/studio/7.0/toolchain/avr8/avr8-gnu-toolchain/bin/../lib/gcc/avr/5.4.0/../../../../avr/lib/avr5\libm.a(fp_pscA.o)
                0x00005e18                __fp_pscA
 .text.avr-libc.fplib
                0x00005e26        0xe c:/program files (x86)/atmel/studio/7.0/toolchain/avr8/avr8-gnu-toolchain/bin/../lib/gcc/avr/5.4.0/../../../../avr/lib/avr5\libm.a(fp_pscB.o)
                0x00005e26                __fp_pscB
 .text.avr-libc.fplib
                0x00005e34       0x22 c:/program files (x86)/atmel/studio/7.0/toolchain/avr8/avr8-gnu-toolchain/bin/../lib/gcc/avr/5.4.0/../../../../avr/lib/avr5\libm.a(fp_round.o)
                0x00005e34                __fp_round
 .text.avr-libc.fplib
                0x00005e56       0x44 c:/program files (x86)/atmel/studio/7.0/toolchain/avr8/avr8-gnu-toolchain/bin/../lib/gcc/avr/5.4.0/../../../../avr/lib/avr5\libm.a(fp_split3.o)
                0x00005e56                __fp_split3
                0x00005e66                __fp_splitA
 .text.avr-libc.fplib
                0x00005e9a        0xe c:/program files (x86)/atmel/studio/7.0/toolchain/avr8/avr8-gnu-toolchain/bin/../lib/gcc/avr/5.4.0/../../../../avr/lib/avr5\libm.a(fp_zero.o)
                0x00005e9a                __fp_zero
                0x00005e9c                __fp_szero
 .text.avr-libc.fplib
                0x00005ea8        0x8 c:/program files (x86)/atmel/studio/7.0/toolchain/avr8/avr8-gnu-toolchain/bin/../lib/gcc/avr/5.4.0/../../../../avr/lib/avr5\libm.a(mulsf3.o)
                0x00005ea8                __mulsf3
 .text.avr-libc.fplib
                0x00005eb0       0xd2 c:/program files (x86)/atmel/studio/7.0/toolchain/avr8/avr8-gnu-toolchain/bin/../lib/gcc/avr/5.4.0/../../../../avr/lib/avr5\libm.a(mulsf3x.o)
                0x00005ece                __mulsf3x
                0x00005ed4                __mulsf3_pse
 .text.libgcc.div
                0x00005f82       0x28 c:/program files (x86)/atmel/studio/7.0/toolchain/avr8/avr8-gnu-toolchain/bin/../lib/gcc/avr/5.4.0/avr5\libgcc.a(_divmodhi4.o)
                0x00005f82                _div
                0x00005f82                __divmodhi4
 .text.libgcc   0x00005faa        0xc c:/program files (x86)/atmel/studio/7.0/toolchain/avr8/avr8-gnu-toolchain/bin/../lib/gcc/avr/5.4.0/avr5\libgcc.a(_tablejump2.o)
                0x00005faa                __tablejump2__
 .text.libgcc.mul
                0x00005fb6       0x16 c:/program files (x86)/atmel/studio/7.0/toolchain/avr8/avr8-gnu-toolchain/bin/../lib/gcc/avr/5.4.0/avr5\libgcc.a(_muluhisi3.o)
                0x00005fb6                __muluhisi3
 .text.libgcc.div
                0x00005fcc       0x28 c:/program files (x86)/atmel/studio/7.0/toolchain/avr8/avr8-gnu-toolchain/bin/../lib/gcc/avr/5.4.0/avr5\libgcc.a(_udivmodhi4.o)
                0x00005fcc                __udivmodhi4
 .text.libgcc.mul
                0x00005ff4       0x1e c:/program files (x86)/atmel/studio/7.0/toolchain/avr8/avr8-gnu-toolchain/bin/../lib/gcc/avr/5.4.0/avr5\libgcc.a(_umulhisi3.o)
                0x00005ff4                __umulhisi3
 .text.avr-libc
                0x00006012      0x242 c:/program files (x86)/atmel/studio/7.0/toolchain/avr8/avr8-gnu-toolchain/bin/../lib/gcc/avr/5.4.0/../../../../avr/lib/avr5\libc.a(malloc.o)
                0x00006012                malloc
                0x00006142                free
 .text.avr-libc
                0x00006254        0xa c:/program files (x86)/atmel/studio/7.0/toolchain/avr8/avr8-gnu-toolchain/bin/../lib/gcc/avr/5.4.0/../../../../avr/lib/avr5\libc.a(abort.o)
                0x00006254                abort
 .text.avr-libc
                0x0000625e       0x1a c:/program files (x86)/atmel/studio/7.0/toolchain/avr8/avr8-gnu-toolchain/bin/../lib/gcc/avr/5.4.0/../../../../avr/lib/avr5\libc.a(memcmp.o)
                0x0000625e                memcmp
 .text.avr-libc
                0x00006278       0x16 c:/program files (x86)/atmel/studio/7.0/toolchain/avr8/avr8-gnu-toolchain/bin/../lib/gcc/avr/5.4.0/../../../../avr/lib/avr5\libc.a(strchr.o)
                0x00006278                strchr
 .text.avr-libc
                0x0000628e       0x1e c:/program files (x86)/atmel/studio/7.0/toolchain/avr8/avr8-gnu-toolchain/bin/../lib/gcc/avr/5.4.0/../../../../avr/lib/avr5\libc.a(strncpy.o)
                0x0000628e                strncpy
                0x000062ac                . = ALIGN (0x2)
 *(.fini9)
 .fini9         0x000062ac        0x0 c:/program files (x86)/atmel/studio/7.0/toolchain/avr8/avr8-gnu-toolchain/bin/../lib/gcc/avr/5.4.0/avr5\libgcc.a(_exit.o)
                0x000062ac                _exit
                0x000062ac                exit
 *(.fini9)
 *(.fini8)
 *(.fini8)
 *(.fini7)
 *(.fini7)
 *(.fini6)
 *(.fini6)
 *(.fini5)
 *(.fini5)
 *(.fini4)
 *(.fini4)
 *(.fini3)
 *(.fini3)
 *(.fini2)
 *(.fini2)
 *(.fini1)
 *(.fini1)
 *(.fini0)
 .fini0         0x000062ac        0x4 c:/program files (x86)/atmel/studio/7.0/toolchain/avr8/avr8-gnu-toolchain/bin/../lib/gcc/avr/5.4.0/avr5\libgcc.a(_exit.o)
 *(.fini0)
                0x000062b0                _etext = .

.data           0x00800100      0x17a load address 0x000062b0
                0x00800100                PROVIDE (__data_start, .)
 *(.data)
 .data          0x00800100        0x6 c:/program files (x86)/atmel/studio/7.0/toolchain/avr8/avr8-gnu-toolchain/bin/../lib/gcc/avr/5.4.0/../../../../avr/lib/avr5\libc.a(malloc.o)
                0x00800100                __malloc_heap_end
                0x00800102                __malloc_heap_start
                0x00800104                __malloc_margin
 *(.data*)
 .data.freqScal
                0x00800106        0x1 main.o
                0x00800106                freqScal
 .data.mode_    0x00800107        0x1 main.o
                0x00800107                mode_
 .data.mode     0x00800108        0x1 main.o
                0x00800108                mode
 .data._ZN8SdVolume17cacheBlockNumber_E
                0x00800109        0x4 SD/src/utility/SdVolume.o
                0x00800109                _ZN8SdVolume17cacheBlockNumber_E
 *(.gnu.linkonce.d*)
 *(.rodata)
 .rodata        0x0080010d       0x68 main.o
 *(.rodata*)
 .rodata.str1.1
                0x00800175        0xf Core/Print.o
 .rodata._ZTV5Print
                0x00800184        0xc Core/Print.o
                0x00800184                _ZTV5Print
 .rodata.str1.1
                0x00800190       0xa9 main.o
                                 0xb1 (size before relaxing)
 .rodata._ZTV18SSD1306AsciiAvrI2c
                0x00800239        0xe main.o
                0x00800239                _ZTV18SSD1306AsciiAvrI2c
 .rodata._ZTVN5SDLib4FileE
                0x00800247       0x12 SD/src/File.o
                0x00800247                _ZTVN5SDLib4FileE
 .rodata.str1.1
                0x00800259        0x2 SD/src/SD.o
 .rodata._ZTV6SdFile
                0x0080025b        0xc SD/src/utility/SdFile.o
                0x0080025b                _ZTV6SdFile
 .rodata._ZTV7TwoWire
                0x00800267       0x12 Wire/src/Wire.o
                0x00800267                _ZTV7TwoWire
 *(.gnu.linkonce.r*)
                0x0080027a                . = ALIGN (0x2)
 *fill*         0x00800279        0x1 
                0x0080027a                _edata = .
                0x0080027a                PROVIDE (__data_end, .)

.bss            0x0080027a      0x358
                0x0080027a                PROVIDE (__bss_start, .)
 *(.bss)
 *(.bss*)
 .bss.timer0_fract
                0x0080027a        0x1 Core/time.o
 .bss.timer0_millis
                0x0080027b        0x4 Core/time.o
                0x0080027b                timer0_millis
 .bss.timer0_overflow_count
                0x0080027f        0x4 Core/time.o
                0x0080027f                timer0_overflow_count
 .bss.oled      0x00800283       0x15 main.o
                0x00800283                oled
 .bss.fname_temp
                0x00800298        0x7 main.o
                0x00800298                fname_temp
 .bss.fcount    0x0080029f        0x1 main.o
                0x0080029f                fcount
 .bss.files     0x008002a0        0x1 main.o
                0x008002a0                files
 .bss.tracks    0x008002a1        0xf main.o
                0x008002a1                tracks
 .bss._ZN5SDLib2SDE
                0x008002b0       0x49 SD/src/SD.o
                0x008002b0                _ZN5SDLib2SDE
 .bss._ZL20chip_select_asserted
                0x008002f9        0x1 SD/src/utility/Sd2Card.o
 .bss._ZL8settings
                0x008002fa        0x2 SD/src/utility/Sd2Card.o
 .bss._ZN6SdFile9dateTime_E
                0x008002fc        0x2 SD/src/utility/SdFile.o
                0x008002fc                _ZN6SdFile9dateTime_E
 .bss._ZN8SdVolume17cacheMirrorBlock_E
                0x008002fe        0x4 SD/src/utility/SdVolume.o
                0x008002fe                _ZN8SdVolume17cacheMirrorBlock_E
 .bss._ZN8SdVolume11cacheDirty_E
                0x00800302        0x1 SD/src/utility/SdVolume.o
                0x00800302                _ZN8SdVolume11cacheDirty_E
 .bss._ZN8SdVolume7sdCard_E
                0x00800303        0x2 SD/src/utility/SdVolume.o
                0x00800303                _ZN8SdVolume7sdCard_E
 .bss._ZN8SdVolume12cacheBuffer_E
                0x00800305      0x200 SD/src/utility/SdVolume.o
                0x00800305                _ZN8SdVolume12cacheBuffer_E
 .bss._ZN8SPIClass13interruptSaveE
                0x00800505        0x1 SPI/src/SPI.o
                0x00800505                _ZN8SPIClass13interruptSaveE
 .bss._ZN8SPIClass13interruptMaskE
                0x00800506        0x1 SPI/src/SPI.o
                0x00800506                _ZN8SPIClass13interruptMaskE
 .bss._ZN8SPIClass13interruptModeE
                0x00800507        0x1 SPI/src/SPI.o
                0x00800507                _ZN8SPIClass13interruptModeE
 .bss._ZN8SPIClass11initializedE
                0x00800508        0x1 SPI/src/SPI.o
                0x00800508                _ZN8SPIClass11initializedE
 .bss.twi_error
                0x00800509        0x1 Wire/src/utility/twi.o
 .bss.twi_rxBufferIndex
                0x0080050a        0x1 Wire/src/utility/twi.o
 .bss.twi_rxBuffer
                0x0080050b       0x20 Wire/src/utility/twi.o
 .bss.twi_txBufferLength
                0x0080052b        0x1 Wire/src/utility/twi.o
 .bss.twi_txBufferIndex
                0x0080052c        0x1 Wire/src/utility/twi.o
 .bss.twi_txBuffer
                0x0080052d       0x20 Wire/src/utility/twi.o
 .bss.twi_masterBufferLength
                0x0080054d        0x1 Wire/src/utility/twi.o
 .bss.twi_masterBufferIndex
                0x0080054e        0x1 Wire/src/utility/twi.o
 .bss.twi_masterBuffer
                0x0080054f       0x20 Wire/src/utility/twi.o
 .bss.twi_onSlaveReceive
                0x0080056f        0x2 Wire/src/utility/twi.o
 .bss.twi_onSlaveTransmit
                0x00800571        0x2 Wire/src/utility/twi.o
 .bss.twi_do_reset_on_timeout
                0x00800573        0x1 Wire/src/utility/twi.o
 .bss.twi_timed_out_flag
                0x00800574        0x1 Wire/src/utility/twi.o
 .bss.twi_timeout_us
                0x00800575        0x4 Wire/src/utility/twi.o
 .bss.twi_inRepStart
                0x00800579        0x1 Wire/src/utility/twi.o
 .bss.twi_sendStop
                0x0080057a        0x1 Wire/src/utility/twi.o
 .bss.twi_slarw
                0x0080057b        0x1 Wire/src/utility/twi.o
 .bss.twi_state
                0x0080057c        0x1 Wire/src/utility/twi.o
 .bss.Wire      0x0080057d        0xc Wire/src/Wire.o
                0x0080057d                Wire
 .bss._ZN7TwoWire12transmittingE
                0x00800589        0x1 Wire/src/Wire.o
                0x00800589                _ZN7TwoWire12transmittingE
 .bss._ZN7TwoWire14txBufferLengthE
                0x0080058a        0x1 Wire/src/Wire.o
                0x0080058a                _ZN7TwoWire14txBufferLengthE
 .bss._ZN7TwoWire13txBufferIndexE
                0x0080058b        0x1 Wire/src/Wire.o
                0x0080058b                _ZN7TwoWire13txBufferIndexE
 .bss._ZN7TwoWire8txBufferE
                0x0080058c       0x20 Wire/src/Wire.o
                0x0080058c                _ZN7TwoWire8txBufferE
 .bss._ZN7TwoWire14rxBufferLengthE
                0x008005ac        0x1 Wire/src/Wire.o
                0x008005ac                _ZN7TwoWire14rxBufferLengthE
 .bss._ZN7TwoWire13rxBufferIndexE
                0x008005ad        0x1 Wire/src/Wire.o
                0x008005ad                _ZN7TwoWire13rxBufferIndexE
 .bss._ZN7TwoWire8rxBufferE
                0x008005ae       0x20 Wire/src/Wire.o
                0x008005ae                _ZN7TwoWire8rxBufferE
 *(COMMON)
 COMMON         0x008005ce        0x4 c:/program files (x86)/atmel/studio/7.0/toolchain/avr8/avr8-gnu-toolchain/bin/../lib/gcc/avr/5.4.0/../../../../avr/lib/avr5\libc.a(malloc.o)
                0x008005ce                __brkval
                0x008005d0                __flp
                0x008005d2                PROVIDE (__bss_end, .)
                0x000062b0                __data_load_start = LOADADDR (.data)
                0x0000642a                __data_load_end = (__data_load_start + SIZEOF (.data))

.noinit         0x008005d2        0x0
                [!provide]                PROVIDE (__noinit_start, .)
 *(.noinit*)
                [!provide]                PROVIDE (__noinit_end, .)
                0x008005d2                _end = .
                0x008005d2                PROVIDE (__heap_start, .)

.eeprom         0x00810000        0x0
 *(.eeprom*)
                0x00810000                __eeprom_end = .

.fuse
 *(.fuse)
 *(.lfuse)
 *(.hfuse)
 *(.efuse)

.lock
 *(.lock*)

.signature
 *(.signature*)

.user_signatures
 *(.user_signatures*)

.stab
 *(.stab)

.stabstr
 *(.stabstr)

.stab.excl
 *(.stab.excl)

.stab.exclstr
 *(.stab.exclstr)

.stab.index
 *(.stab.index)

.stab.indexstr
 *(.stab.indexstr)

.comment        0x00000000       0x30
 *(.comment)
 .comment       0x00000000       0x30 Core/abi.o
                                 0x31 (size before relaxing)
 .comment       0x00000030       0x31 Core/Print.o
 .comment       0x00000030       0x31 Core/time.o
 .comment       0x00000030       0x31 Core/wiring_digital.o
 .comment       0x00000030       0x31 main.o
 .comment       0x00000030       0x31 SD/src/File.o
 .comment       0x00000030       0x31 SD/src/SD.o
 .comment       0x00000030       0x31 SD/src/utility/Sd2Card.o
 .comment       0x00000030       0x31 SD/src/utility/SdFile.o
 .comment       0x00000030       0x31 SD/src/utility/SdVolume.o
 .comment       0x00000030       0x31 SPI/src/SPI.o
 .comment       0x00000030       0x31 SSD1306Ascii/src/SSD1306Ascii.o
 .comment       0x00000030       0x31 Wire/src/utility/twi.o
 .comment       0x00000030       0x31 Wire/src/Wire.o
 .comment       0x00000030       0x31 c:/program files (x86)/atmel/studio/7.0/toolchain/avr8/avr8-gnu-toolchain/bin/../lib/gcc/avr/5.4.0/../../../../avr/lib/avr5\libc.a(malloc.o)

.note.gnu.avr.deviceinfo
                0x00000000       0x40
 .note.gnu.avr.deviceinfo
                0x00000000       0x40 C:/Program Files (x86)/Atmel/Studio/7.0/Packs/atmel/ATmega_DFP/1.6.364/gcc/dev/atmega328p/avr5/crtatmega328p.o

.note.gnu.build-id
 *(.note.gnu.build-id)

.debug
 *(.debug)

.line
 *(.line)

.debug_srcinfo
 *(.debug_srcinfo)

.debug_sfnames
 *(.debug_sfnames)

.debug_aranges  0x00000000      0x960
 *(.debug_aranges)
 .debug_aranges
                0x00000000       0x28 Core/abi.o
 .debug_aranges
                0x00000028       0xf8 Core/Print.o
 .debug_aranges
                0x00000120       0x40 Core/time.o
 .debug_aranges
                0x00000160       0x38 Core/wiring_digital.o
 .debug_aranges
                0x00000198       0xe0 main.o
 .debug_aranges
                0x00000278       0xb0 SD/src/File.o
 .debug_aranges
                0x00000328       0xb0 SD/src/SD.o
 .debug_aranges
                0x000003d8       0xe8 SD/src/utility/Sd2Card.o
 .debug_aranges
                0x000004c0      0x140 SD/src/utility/SdFile.o
 .debug_aranges
                0x00000600       0x68 SD/src/utility/SdVolume.o
 .debug_aranges
                0x00000668       0x38 SPI/src/SPI.o
 .debug_aranges
                0x000006a0      0x110 SSD1306Ascii/src/SSD1306Ascii.o
 .debug_aranges
                0x000007b0       0x98 Wire/src/utility/twi.o
 .debug_aranges
                0x00000848      0x118 Wire/src/Wire.o

.debug_pubnames
 *(.debug_pubnames)

.debug_info     0x00000000    0x45299
 *(.debug_info .gnu.linkonce.wi.*)
 .debug_info    0x00000000      0x5f4 C:/Program Files (x86)/Atmel/Studio/7.0/Packs/atmel/ATmega_DFP/1.6.364/gcc/dev/atmega328p/avr5/crtatmega328p.o
 .debug_info    0x000005f4       0x94 Core/abi.o
 .debug_info    0x00000688     0x27ac Core/Print.o
 .debug_info    0x00002e34      0x282 Core/time.o
 .debug_info    0x000030b6      0x5db Core/wiring_digital.o
 .debug_info    0x00003691    0x16f98 main.o
 .debug_info    0x0001a629     0x2cc8 SD/src/File.o
 .debug_info    0x0001d2f1     0x4ed9 SD/src/SD.o
 .debug_info    0x000221ca     0x3229 SD/src/utility/Sd2Card.o
 .debug_info    0x000253f3     0x52e4 SD/src/utility/SdFile.o
 .debug_info    0x0002a6d7     0x2684 SD/src/utility/SdVolume.o
 .debug_info    0x0002cd5b      0x66b SPI/src/SPI.o
 .debug_info    0x0002d3c6    0x14c79 SSD1306Ascii/src/SSD1306Ascii.o
 .debug_info    0x0004203f      0x931 Wire/src/utility/twi.o
 .debug_info    0x00042970     0x2929 Wire/src/Wire.o

.debug_abbrev   0x00000000     0x43bc
 *(.debug_abbrev)
 .debug_abbrev  0x00000000      0x5a2 C:/Program Files (x86)/Atmel/Studio/7.0/Packs/atmel/ATmega_DFP/1.6.364/gcc/dev/atmega328p/avr5/crtatmega328p.o
 .debug_abbrev  0x000005a2       0x64 Core/abi.o
 .debug_abbrev  0x00000606      0x3db Core/Print.o
 .debug_abbrev  0x000009e1      0x11f Core/time.o
 .debug_abbrev  0x00000b00      0x149 Core/wiring_digital.o
 .debug_abbrev  0x00000c49      0x91e main.o
 .debug_abbrev  0x00001567      0x55c SD/src/File.o
 .debug_abbrev  0x00001ac3      0x7a2 SD/src/SD.o
 .debug_abbrev  0x00002265      0x58c SD/src/utility/Sd2Card.o
 .debug_abbrev  0x000027f1      0x78f SD/src/utility/SdFile.o
 .debug_abbrev  0x00002f80      0x50d SD/src/utility/SdVolume.o
 .debug_abbrev  0x0000348d      0x283 SPI/src/SPI.o
 .debug_abbrev  0x00003710      0x501 SSD1306Ascii/src/SSD1306Ascii.o
 .debug_abbrev  0x00003c11      0x2a8 Wire/src/utility/twi.o
 .debug_abbrev  0x00003eb9      0x503 Wire/src/Wire.o

.debug_line     0x00000000     0x7c29
 *(.debug_line .debug_line.* .debug_line_end)
 .debug_line    0x00000000      0x134 C:/Program Files (x86)/Atmel/Studio/7.0/Packs/atmel/ATmega_DFP/1.6.364/gcc/dev/atmega328p/avr5/crtatmega328p.o
 .debug_line    0x00000134       0xbb Core/abi.o
 .debug_line    0x000001ef      0x75e Core/Print.o
 .debug_line    0x0000094d      0x222 Core/time.o
 .debug_line    0x00000b6f      0x27d Core/wiring_digital.o
 .debug_line    0x00000dec     0x1302 main.o
 .debug_line    0x000020ee      0x614 SD/src/File.o
 .debug_line    0x00002702      0x903 SD/src/SD.o
 .debug_line    0x00003005      0xd5e SD/src/utility/Sd2Card.o
 .debug_line    0x00003d63     0x16a4 SD/src/utility/SdFile.o
 .debug_line    0x00005407      0x6a5 SD/src/utility/SdVolume.o
 .debug_line    0x00005aac      0x31b SPI/src/SPI.o
 .debug_line    0x00005dc7      0xfc7 SSD1306Ascii/src/SSD1306Ascii.o
 .debug_line    0x00006d8e      0x80c Wire/src/utility/twi.o
 .debug_line    0x0000759a      0x68f Wire/src/Wire.o

.debug_frame    0x00000000     0x2390
 *(.debug_frame)
 .debug_frame   0x00000000       0x34 Core/abi.o
 .debug_frame   0x00000034      0x3b0 Core/Print.o
 .debug_frame   0x000003e4       0xd4 Core/time.o
 .debug_frame   0x000004b8       0x7c Core/wiring_digital.o
 .debug_frame   0x00000534      0x320 main.o
 .debug_frame   0x00000854      0x1e0 SD/src/File.o
 .debug_frame   0x00000a34      0x2e4 SD/src/SD.o
 .debug_frame   0x00000d18      0x3dc SD/src/utility/Sd2Card.o
 .debug_frame   0x000010f4      0x700 SD/src/utility/SdFile.o
 .debug_frame   0x000017f4      0x2ac SD/src/utility/SdVolume.o
 .debug_frame   0x00001aa0       0x5c SPI/src/SPI.o
 .debug_frame   0x00001afc      0x3c4 SSD1306Ascii/src/SSD1306Ascii.o
 .debug_frame   0x00001ec0      0x218 Wire/src/utility/twi.o
 .debug_frame   0x000020d8      0x2b8 Wire/src/Wire.o

.debug_str      0x00000000     0x6800
 *(.debug_str)
 .debug_str     0x00000000      0x208 C:/Program Files (x86)/Atmel/Studio/7.0/Packs/atmel/ATmega_DFP/1.6.364/gcc/dev/atmega328p/avr5/crtatmega328p.o
 .debug_str     0x00000208      0x191 Core/abi.o
                                0x1a7 (size before relaxing)
 .debug_str     0x00000399     0x103d Core/Print.o
                               0x1238 (size before relaxing)
 .debug_str     0x000013d6      0x129 Core/time.o
                                0x217 (size before relaxing)
 .debug_str     0x000014ff       0xd3 Core/wiring_digital.o
                                0x29c (size before relaxing)
 .debug_str     0x000015d2     0x29e5 main.o
                               0x3989 (size before relaxing)
 .debug_str     0x00003fb7      0x2ec SD/src/File.o
                               0x1df8 (size before relaxing)
 .debug_str     0x000042a3      0x434 SD/src/SD.o
                               0x2ea6 (size before relaxing)
 .debug_str     0x000046d7      0x43f SD/src/utility/Sd2Card.o
                               0x12f1 (size before relaxing)
 .debug_str     0x00004b16      0x8ba SD/src/utility/SdFile.o
                               0x281b (size before relaxing)
 .debug_str     0x000053d0       0xf1 SD/src/utility/SdVolume.o
                               0x1b9b (size before relaxing)
 .debug_str     0x000054c1       0x9a SPI/src/SPI.o
                                0x69d (size before relaxing)
 .debug_str     0x0000555b      0xa51 SSD1306Ascii/src/SSD1306Ascii.o
                               0x1ce7 (size before relaxing)
 .debug_str     0x00005fac      0x2b2 Wire/src/utility/twi.o
                                0x4e0 (size before relaxing)
 .debug_str     0x0000625e      0x5a2 Wire/src/Wire.o
                               0x1995 (size before relaxing)

.debug_loc      0x00000000     0xf40f
 *(.debug_loc)
 .debug_loc     0x00000000     0x198d Core/Print.o
 .debug_loc     0x0000198d      0x254 Core/time.o
 .debug_loc     0x00001be1      0x53c Core/wiring_digital.o
 .debug_loc     0x0000211d     0x15a6 main.o
 .debug_loc     0x000036c3      0x9e8 SD/src/File.o
 .debug_loc     0x000040ab     0x17a9 SD/src/SD.o
 .debug_loc     0x00005854     0x1f25 SD/src/utility/Sd2Card.o
 .debug_loc     0x00007779     0x3616 SD/src/utility/SdFile.o
 .debug_loc     0x0000ad8f      0xff5 SD/src/utility/SdVolume.o
 .debug_loc     0x0000bd84      0x1e4 SPI/src/SPI.o
 .debug_loc     0x0000bf68     0x20d2 SSD1306Ascii/src/SSD1306Ascii.o
 .debug_loc     0x0000e03a      0x7a4 Wire/src/utility/twi.o
 .debug_loc     0x0000e7de      0xc31 Wire/src/Wire.o

.debug_macinfo
 *(.debug_macinfo)

.debug_weaknames
 *(.debug_weaknames)

.debug_funcnames
 *(.debug_funcnames)

.debug_typenames
 *(.debug_typenames)

.debug_varnames
 *(.debug_varnames)

.debug_pubtypes
 *(.debug_pubtypes)

.debug_ranges   0x00000000      0xb08
 *(.debug_ranges)
 .debug_ranges  0x00000000       0x18 Core/abi.o
 .debug_ranges  0x00000018      0x118 Core/Print.o
 .debug_ranges  0x00000130       0x30 Core/time.o
 .debug_ranges  0x00000160       0x28 Core/wiring_digital.o
 .debug_ranges  0x00000188      0x130 main.o
 .debug_ranges  0x000002b8       0xa0 SD/src/File.o
 .debug_ranges  0x00000358       0xb8 SD/src/SD.o
 .debug_ranges  0x00000410       0xd8 SD/src/utility/Sd2Card.o
 .debug_ranges  0x000004e8      0x250 SD/src/utility/SdFile.o
 .debug_ranges  0x00000738       0xa0 SD/src/utility/SdVolume.o
 .debug_ranges  0x000007d8       0x28 SPI/src/SPI.o
 .debug_ranges  0x00000800      0x178 SSD1306Ascii/src/SSD1306Ascii.o
 .debug_ranges  0x00000978       0x88 Wire/src/utility/twi.o
 .debug_ranges  0x00000a00      0x108 Wire/src/Wire.o

.debug_macro
 *(.debug_macro)
OUTPUT(Voice_Recorder.elf elf32-avr)
LOAD linker stubs
